129.79.53.179 - - [26/Mar/2017:09:38:46 +0000] "GET /gratia/bar_graphs/project_hours_bar?starttime=2016-03-26+00%3A00%3A00&endtime=2017-03-26+23%3A59%3A59&span=604800&resource-type=BatchPilot&vo=.*&facility=.*&projectname=.*&user=.*&exclude-vo=unknown%7Cother&exclude-facility=NONE&exclude-projectname=unknown%7Cother%7CTG-.*&exclude-user=NONE&exclude-role=NONE&grid=.*&includeFailed=true&includeSuccess=true&opportunistic-filter=BOTH&probe=xd-login.opensciencegrid.org&role=.* HTTP/1.0" 200 64422 "-" "Wget/1.12 (linux-gnu)"
129.79.53.179 - - [26/Mar/2017:09:39:10 +0000] "GET /gratia/bar_graphs/project_hours_bar?starttime=2016-03-26+00%3A00%3A00&endtime=2017-03-26+23%3A59%3A59&span=604800&resource-type=BatchPilot&vo=.*&facility=.*&projectname=TG-.*&user=.*&exclude-vo=unknown%7Cother&exclude-facility=NONE&exclude-projectname=unknown%7Cother&exclude-user=NONE&exclude-role=NONE&grid=.*&includeFailed=true&includeSuccess=true&opportunistic-filter=BOTH&probe=xd-login.opensciencegrid.org&role=.* HTTP/1.0" 200 74787 "-" "Wget/1.12 (linux-gnu)"
129.79.53.48 - - [26/Mar/2017:09:45:01 +0000] "GET /gratia/xml HTTP/1.1" 200 23988 "-" "curl/7.19.7 (x86_64-redhat-linux-gnu) libcurl/7.19.7 NSS/3.19.1 Basic ECC zlib/1.2.3 libidn/1.18 libssh2/1.4.2"
192.170.227.196 - - [26/Mar/2017:09:45:03 +0000] "GET /gratia/bar_graphs/project_hours_bar?facility=.*&probe=atlas.ci-connect.*&resource-type=BatchPilot&vo=.*&grid=.*&user=.*&endtime=2017-03-26+23%3A59%3A59&exclude-vo=unknown%7Cother&includeFailed=true&exclude-role=NONE&span=86400&role=.*&starttime=2017-03-19+00%3A00%3A00&exclude-facility=NONE&exclude-user=NONE&includeSuccess=true HTTP/1.0" 200 43289 "-" "Wget/1.12 (linux-gnu)"
::1 - - [26/Mar/2017:09:45:01 +0000] "GET /gratia/ HTTP/1.0" 200 17118 "-" "Wget/1.12 (linux-gnu)"
192.170.227.196 - - [26/Mar/2017:09:45:04 +0000] "GET /gratia/glidein_bar_graphs/glidein_dn_hours_bar?facility=.*&probe=atlas.ci-connect.*&resource-type=BatchPilot&vo=.*&grid=.*&user=.*&endtime=2017-03-26+23%3A59%3A59&exclude-vo=unknown%7Cother&includeFailed=true&exclude-role=NONE&span=86400&role=.*&starttime=2017-03-19+00%3A00%3A00&exclude-facility=NONE&exclude-user=NONE&includeSuccess=true HTTP/1.0" 200 48044 "-" "Wget/1.12 (linux-gnu)"
192.170.227.196 - - [26/Mar/2017:09:45:05 +0000] "GET /gratia/glidein_bar_graphs/glidein_exitcode_bar?facility=.*&probe=atlas.ci-connect.*&resource-type=BatchPilot&vo=.*&grid=.*&user=.*&endtime=2017-03-26+23%3A59%3A59&exclude-vo=unknown%7Cother&includeFailed=true&exclude-role=NONE&span=86400&role=.*&starttime=2017-03-19+00%3A00%3A00&exclude-facility=NONE&exclude-user=NONE&includeSuccess=true HTTP/1.0" 200 45254 "-" "Wget/1.12 (linux-gnu)"
192.170.227.196 - - [26/Mar/2017:09:45:05 +0000] "GET /gratia/bar_graphs/project_site_hours_bar?facility=.*&probe=atlas.ci-connect.*&resource-type=BatchPilot&vo=.*&user=.*&endtime=2017-03-26+23%3A59%3A59&exclude-vo=Unknown%7Cunknown%7Cother&includeFailed=true&exclude-role=NONE&span=86400&role=.*&starttime=2017-03-19+00%3A00%3A00&exclude-facility=NONE%7CGeneric%7CObsolete&exclude-user=NONE&includeSuccess=true&exclude-projectname=unknown%7Cother HTTP/1.0" 200 67321 "-" "Wget/1.12 (linux-gnu)"
192.170.227.196 - - [26/Mar/2017:09:45:06 +0000] "GET /gratia/bar_graphs/project_hours_bar?facility=.*&probe=cms.ci-connect.*&resource-type=BatchPilot&vo=.*&grid=.*&user=.*&endtime=2017-03-26+23%3A59%3A59&exclude-vo=unknown%7Cother&includeFailed=true&exclude-role=NONE&span=86400&role=.*&starttime=2017-03-19+00%3A00%3A00&exclude-facility=NONE&exclude-user=NONE&includeSuccess=true HTTP/1.0" 200 16611 "-" "Wget/1.12 (linux-gnu)"
192.170.227.196 - - [26/Mar/2017:09:45:06 +0000] "GET /gratia/glidein_bar_graphs/glidein_dn_hours_bar?facility=.*&probe=cms.ci-connect.*&resource-type=BatchPilot&vo=.*&grid=.*&user=.*&endtime=2017-03-26+23%3A59%3A59&exclude-vo=unknown%7Cother&includeFailed=true&exclude-role=NONE&span=86400&role=.*&starttime=2017-03-19+00%3A00%3A00&exclude-facility=NONE&exclude-user=NONE&includeSuccess=true HTTP/1.0" 200 16611 "-" "Wget/1.12 (linux-gnu)"
192.170.227.196 - - [26/Mar/2017:09:45:07 +0000] "GET /gratia/glidein_bar_graphs/glidein_exitcode_bar?facility=.*&probe=cms.ci-connect.*&resource-type=BatchPilot&vo=.*&grid=.*&user=.*&endtime=2017-03-26+23%3A59%3A59&exclude-vo=unknown%7Cother&includeFailed=true&exclude-role=NONE&span=86400&role=.*&starttime=2017-03-19+00%3A00%3A00&exclude-facility=NONE&exclude-user=NONE&includeSuccess=true HTTP/1.0" 200 16611 "-" "Wget/1.12 (linux-gnu)"
192.170.227.196 - - [26/Mar/2017:09:45:07 +0000] "GET /gratia/bar_graphs/project_site_hours_bar?facility=.*&probe=cms.ci-connect.*&resource-type=BatchPilot&vo=.*&user=.*&endtime=2017-03-26+23%3A59%3A59&exclude-vo=Unknown%7Cunknown%7Cother&includeFailed=true&exclude-role=NONE&span=86400&role=.*&starttime=2017-03-19+00%3A00%3A00&exclude-facility=NONE%7CGeneric%7CObsolete&exclude-user=NONE&includeSuccess=true&exclude-projectname=unknown%7Cother HTTP/1.0" 200 16611 "-" "Wget/1.12 (linux-gnu)"
192.170.227.196 - - [26/Mar/2017:09:45:08 +0000] "GET /gratia/bar_graphs/project_hours_bar?facility=.*&probe=duke.ci-connect.*&resource-type=BatchPilot&vo=.*&grid=.*&user=.*&endtime=2017-03-26+23%3A59%3A59&exclude-vo=unknown%7Cother&includeFailed=true&exclude-role=NONE&span=86400&role=.*&starttime=2017-03-19+00%3A00%3A00&exclude-facility=NONE&exclude-user=NONE&includeSuccess=true HTTP/1.0" 200 41753 "-" "Wget/1.12 (linux-gnu)"
192.170.227.196 - - [26/Mar/2017:09:45:08 +0000] "GET /gratia/glidein_bar_graphs/glidein_dn_hours_bar?facility=.*&probe=duke.ci-connect.*&resource-type=BatchPilot&vo=.*&grid=.*&user=.*&endtime=2017-03-26+23%3A59%3A59&exclude-vo=unknown%7Cother&includeFailed=true&exclude-role=NONE&span=86400&role=.*&starttime=2017-03-19+00%3A00%3A00&exclude-facility=NONE&exclude-user=NONE&includeSuccess=true HTTP/1.0" 200 42543 "-" "Wget/1.12 (linux-gnu)"
192.170.227.196 - - [26/Mar/2017:09:45:09 +0000] "GET /gratia/glidein_bar_graphs/glidein_exitcode_bar?facility=.*&probe=duke.ci-connect.*&resource-type=BatchPilot&vo=.*&grid=.*&user=.*&endtime=2017-03-26+23%3A59%3A59&exclude-vo=unknown%7Cother&includeFailed=true&exclude-role=NONE&span=86400&role=.*&starttime=2017-03-19+00%3A00%3A00&exclude-facility=NONE&exclude-user=NONE&includeSuccess=true HTTP/1.0" 200 46567 "-" "Wget/1.12 (linux-gnu)"
192.170.227.196 - - [26/Mar/2017:09:45:09 +0000] "GET /gratia/bar_graphs/project_site_hours_bar?facility=.*&probe=duke.ci-connect.*&resource-type=BatchPilot&vo=.*&user=.*&endtime=2017-03-26+23%3A59%3A59&exclude-vo=Unknown%7Cunknown%7Cother&includeFailed=true&exclude-role=NONE&span=86400&role=.*&starttime=2017-03-19+00%3A00%3A00&exclude-facility=NONE%7CGeneric%7CObsolete&exclude-user=NONE&includeSuccess=true&exclude-projectname=unknown%7Cother HTTP/1.0" 200 59955 "-" "Wget/1.12 (linux-gnu)"
192.170.227.196 - - [26/Mar/2017:09:45:10 +0000] "GET /gratia/bar_graphs/project_hours_bar?facility=.*&probe=osgconnect.*&resource-type=BatchPilot&vo=.*&grid=.*&user=.*&endtime=2017-03-26+23%3A59%3A59&exclude-vo=unknown%7Cother&includeFailed=true&exclude-role=NONE&span=86400&role=.*&starttime=2017-03-19+00%3A00%3A00&exclude-facility=NONE&exclude-user=NONE&includeSuccess=true HTTP/1.0" 200 58751 "-" "Wget/1.12 (linux-gnu)"
129.79.53.179 - - [26/Mar/2017:09:39:33 +0000] "GET /gratia/bar_graphs/project_hours_bar?starttime=2016-03-26+00%3A00%3A00&endtime=2017-03-26+23%3A59%3A59&span=604800&resource-type=BatchPilot&vo=.*&facility=.*&projectname=.*&user=.*&exclude-vo=unknown%7Cother&exclude-facility=NONE&exclude-projectname=unknown%7Cother&exclude-user=NONE&exclude-role=NONE&grid=.*&includeFailed=true&includeSuccess=true&opportunistic-filter=BOTH&probe=ce04.cmsaf.mit.edu%7Cglide.bakerlab.org%7Ccsiu.grid.iu.edu%7Cworkflow.isi.edu%7Ciplant-condor.tacc.utexas.edu%7Csubmit1.bioinformatics.vt.edu&role=.* HTTP/1.0" 200 60563 "-" "Wget/1.12 (linux-gnu)"
192.170.227.196 - - [26/Mar/2017:09:45:11 +0000] "GET /gratia/glidein_bar_graphs/glidein_dn_hours_bar?facility=.*&probe=osgconnect.*&resource-type=BatchPilot&vo=.*&grid=.*&user=.*&endtime=2017-03-26+23%3A59%3A59&exclude-vo=unknown%7Cother&includeFailed=true&exclude-role=NONE&span=86400&role=.*&starttime=2017-03-19+00%3A00%3A00&exclude-facility=NONE&exclude-user=NONE&includeSuccess=true HTTP/1.0" 200 58732 "-" "Wget/1.12 (linux-gnu)"
192.170.227.196 - - [26/Mar/2017:09:45:12 +0000] "GET /gratia/glidein_bar_graphs/glidein_exitcode_bar?facility=.*&probe=osgconnect.*&resource-type=BatchPilot&vo=.*&grid=.*&user=.*&endtime=2017-03-26+23%3A59%3A59&exclude-vo=unknown%7Cother&includeFailed=true&exclude-role=NONE&span=86400&role=.*&starttime=2017-03-19+00%3A00%3A00&exclude-facility=NONE&exclude-user=NONE&includeSuccess=true HTTP/1.0" 200 48633 "-" "Wget/1.12 (linux-gnu)"
192.170.227.196 - - [26/Mar/2017:09:45:13 +0000] "GET /gratia/bar_graphs/project_site_hours_bar?facility=.*&probe=osgconnect.*&resource-type=BatchPilot&vo=.*&user=.*&endtime=2017-03-26+23%3A59%3A59&exclude-vo=Unknown%7Cunknown%7Cother&includeFailed=true&exclude-role=NONE&span=86400&role=.*&starttime=2017-03-19+00%3A00%3A00&exclude-facility=NONE%7CGeneric%7CObsolete&exclude-user=NONE&includeSuccess=true&exclude-projectname=unknown%7Cother HTTP/1.0" 200 74679 "-" "Wget/1.12 (linux-gnu)"
192.170.227.196 - - [26/Mar/2017:09:45:14 +0000] "GET /gratia/bar_graphs/project_hours_bar?facility=.*&probe=umich.ci-connect.*&resource-type=BatchPilot&vo=.*&grid=.*&user=.*&endtime=2017-03-26+23%3A59%3A59&exclude-vo=unknown%7Cother&includeFailed=true&exclude-role=NONE&span=86400&role=.*&starttime=2017-03-19+00%3A00%3A00&exclude-facility=NONE&exclude-user=NONE&includeSuccess=true HTTP/1.0" 200 16611 "-" "Wget/1.12 (linux-gnu)"
192.170.227.196 - - [26/Mar/2017:09:45:14 +0000] "GET /gratia/glidein_bar_graphs/glidein_dn_hours_bar?facility=.*&probe=umich.ci-connect.*&resource-type=BatchPilot&vo=.*&grid=.*&user=.*&endtime=2017-03-26+23%3A59%3A59&exclude-vo=unknown%7Cother&includeFailed=true&exclude-role=NONE&span=86400&role=.*&starttime=2017-03-19+00%3A00%3A00&exclude-facility=NONE&exclude-user=NONE&includeSuccess=true HTTP/1.0" 200 16611 "-" "Wget/1.12 (linux-gnu)"
192.170.227.196 - - [26/Mar/2017:09:45:15 +0000] "GET /gratia/glidein_bar_graphs/glidein_exitcode_bar?facility=.*&probe=umich.ci-connect.*&resource-type=BatchPilot&vo=.*&grid=.*&user=.*&endtime=2017-03-26+23%3A59%3A59&exclude-vo=unknown%7Cother&includeFailed=true&exclude-role=NONE&span=86400&role=.*&starttime=2017-03-19+00%3A00%3A00&exclude-facility=NONE&exclude-user=NONE&includeSuccess=true HTTP/1.0" 200 16611 "-" "Wget/1.12 (linux-gnu)"
192.170.227.196 - - [26/Mar/2017:09:45:15 +0000] "GET /gratia/bar_graphs/project_site_hours_bar?facility=.*&probe=umich.ci-connect.*&resource-type=BatchPilot&vo=.*&user=.*&endtime=2017-03-26+23%3A59%3A59&exclude-vo=Unknown%7Cunknown%7Cother&includeFailed=true&exclude-role=NONE&span=86400&role=.*&starttime=2017-03-19+00%3A00%3A00&exclude-facility=NONE%7CGeneric%7CObsolete&exclude-user=NONE&includeSuccess=true&exclude-projectname=unknown%7Cother HTTP/1.0" 200 16611 "-" "Wget/1.12 (linux-gnu)"
192.170.227.196 - - [26/Mar/2017:09:45:16 +0000] "GET /gratia/bar_graphs/project_hours_bar?facility=.*&probe=uchicago.ci-connect.*&resource-type=BatchPilot&vo=.*&grid=.*&user=.*&endtime=2017-03-26+23%3A59%3A59&exclude-vo=unknown%7Cother&includeFailed=true&exclude-role=NONE&span=86400&role=.*&starttime=2017-03-19+00%3A00%3A00&exclude-facility=NONE&exclude-user=NONE&includeSuccess=true HTTP/1.0" 200 44253 "-" "Wget/1.12 (linux-gnu)"
192.170.227.196 - - [26/Mar/2017:09:45:16 +0000] "GET /gratia/glidein_bar_graphs/glidein_dn_hours_bar?facility=.*&probe=uchicago.ci-connect.*&resource-type=BatchPilot&vo=.*&grid=.*&user=.*&endtime=2017-03-26+23%3A59%3A59&exclude-vo=unknown%7Cother&includeFailed=true&exclude-role=NONE&span=86400&role=.*&starttime=2017-03-19+00%3A00%3A00&exclude-facility=NONE&exclude-user=NONE&includeSuccess=true HTTP/1.0" 200 44059 "-" "Wget/1.12 (linux-gnu)"
192.170.227.196 - - [26/Mar/2017:09:45:17 +0000] "GET /gratia/glidein_bar_graphs/glidein_exitcode_bar?facility=.*&probe=uchicago.ci-connect.*&resource-type=BatchPilot&vo=.*&grid=.*&user=.*&endtime=2017-03-26+23%3A59%3A59&exclude-vo=unknown%7Cother&includeFailed=true&exclude-role=NONE&span=86400&role=.*&starttime=2017-03-19+00%3A00%3A00&exclude-facility=NONE&exclude-user=NONE&includeSuccess=true HTTP/1.0" 200 45566 "-" "Wget/1.12 (linux-gnu)"
192.170.227.196 - - [26/Mar/2017:09:45:17 +0000] "GET /gratia/bar_graphs/project_site_hours_bar?facility=.*&probe=uchicago.ci-connect.*&resource-type=BatchPilot&vo=.*&user=.*&endtime=2017-03-26+23%3A59%3A59&exclude-vo=Unknown%7Cunknown%7Cother&includeFailed=true&exclude-role=NONE&span=86400&role=.*&starttime=2017-03-19+00%3A00%3A00&exclude-facility=NONE%7CGeneric%7CObsolete&exclude-user=NONE&includeSuccess=true&exclude-projectname=unknown%7Cother HTTP/1.0" 200 62557 "-" "Wget/1.12 (linux-gnu)"
129.79.53.63 - - [26/Mar/2017:09:46:03 +0000] "GET //gratia HTTP/1.0" 301 334 "-" "Wget/1.11.4 Red Hat modified"
129.79.53.63 - - [26/Mar/2017:09:46:03 +0000] "GET /gratia/ HTTP/1.0" 200 17118 "-" "Wget/1.11.4 Red Hat modified"
129.79.53.126 - - [26/Mar/2017:10:00:01 +0000] "GET //gratia HTTP/1.1" 301 334 "-" "curl/7.19.7 (x86_64-redhat-linux-gnu) libcurl/7.19.7 NSS/3.18 Basic ECC zlib/1.2.3 libidn/1.18 libssh2/1.4.2"
129.79.53.48 - - [26/Mar/2017:10:00:01 +0000] "GET /gratia/xml HTTP/1.1" 200 23988 "-" "curl/7.19.7 (x86_64-redhat-linux-gnu) libcurl/7.19.7 NSS/3.19.1 Basic ECC zlib/1.2.3 libidn/1.18 libssh2/1.4.2"
128.138.133.19 - - [26/Mar/2017:10:00:02 +0000] "GET /gratia/bar_graphs/dn_hours_bar?facility=UColorado_HEP%7CUColorado_SE&title=&ylabel=Hours&starttime=2016-12-26%2003:00:01&endtime=2017-03-26%2004:00:01&legend=False&width=700&height=400&text_size=9&title_size=0&text_padding=3&figure_padding=50&group=resource_group HTTP/1.0" 200 55208 "-" "Wget/1.12 (linux-gnu)"
::1 - - [26/Mar/2017:10:00:01 +0000] "GET /gratia/ HTTP/1.0" 200 17118 "-" "Wget/1.12 (linux-gnu)"
66.249.91.123 - - [26/Mar/2017:09:59:51 +0000] "GET /gratia/csv/glidein_hours_bar_smry?span=2592000&relativetime=absolute&vo_set=%5Eligo%24&vo=ligo&starttime=2015-09-14+00%3A00%3A00 HTTP/1.1" 200 34990 "-" "Mozilla/5.0 (compatible; GoogleDocs; apps-spreadsheets; +http://docs.google.com)"
129.79.53.63 - - [26/Mar/2017:10:01:02 +0000] "GET //gratia HTTP/1.0" 301 334 "-" "Wget/1.11.4 Red Hat modified"
129.79.53.63 - - [26/Mar/2017:10:01:02 +0000] "GET /gratia/ HTTP/1.0" 200 17118 "-" "Wget/1.11.4 Red Hat modified"
192.170.227.118 - - [26/Mar/2017:10:10:01 +0000] "GET /gratia/bar_graphs/project_hours_bar?facility=.*&probe=cms.ci-connect.*&resource-type=BatchPilot&vo=.*&grid=.*&user=.*&endtime=2017-03-26+23%3A59%3A59&exclude-vo=unknown%7Cother&includeFailed=true&exclude-role=NONE&span=86400&role=.*&starttime=2017-03-19+00%3A00%3A00&exclude-facility=NONE&exclude-user=NONE&includeSuccess=true HTTP/1.0" 200 16611 "-" "Wget/1.12 (linux-gnu)"
192.170.227.118 - - [26/Mar/2017:10:10:01 +0000] "GET /gratia/glidein_bar_graphs/glidein_dn_hours_bar?facility=.*&probe=cms.ci-connect.*&resource-type=BatchPilot&vo=.*&grid=.*&user=.*&endtime=2017-03-26+23%3A59%3A59&exclude-vo=unknown%7Cother&includeFailed=true&exclude-role=NONE&span=86400&role=.*&starttime=2017-03-19+00%3A00%3A00&exclude-facility=NONE&exclude-user=NONE&includeSuccess=true HTTP/1.0" 200 16611 "-" "Wget/1.12 (linux-gnu)"
192.170.227.118 - - [26/Mar/2017:10:10:02 +0000] "GET /gratia/glidein_bar_graphs/glidein_exitcode_bar?facility=.*&probe=cms.ci-connect.*&resource-type=BatchPilot&vo=.*&grid=.*&user=.*&endtime=2017-03-26+23%3A59%3A59&exclude-vo=unknown%7Cother&includeFailed=true&exclude-role=NONE&span=86400&role=.*&starttime=2017-03-19+00%3A00%3A00&exclude-facility=NONE&exclude-user=NONE&includeSuccess=true HTTP/1.0" 200 16611 "-" "Wget/1.12 (linux-gnu)"
192.170.227.204 - - [26/Mar/2017:10:10:02 +0000] "GET /gratia/bar_graphs/project_hours_bar?facility=.*&probe=uchicago.ci-connect.*&resource-type=BatchPilot&vo=.*&grid=.*&user=.*&endtime=2017-03-26+23%3A59%3A59&exclude-vo=unknown%7Cother&includeFailed=true&exclude-role=NONE&span=86400&role=.*&starttime=2017-03-19+00%3A00%3A00&exclude-facility=NONE&exclude-user=NONE&includeSuccess=true HTTP/1.0" 200 44253 "-" "Wget/1.12 (linux-gnu)"
192.170.227.118 - - [26/Mar/2017:10:10:02 +0000] "GET /gratia/bar_graphs/project_site_hours_bar?facility=.*&probe=cms.ci-connect.*&resource-type=BatchPilot&vo=.*&user=.*&endtime=2017-03-26+23%3A59%3A59&exclude-vo=Unknown%7Cunknown%7Cother&includeFailed=true&exclude-role=NONE&span=86400&role=.*&starttime=2017-03-19+00%3A00%3A00&exclude-facility=NONE%7CGeneric%7CObsolete&exclude-user=NONE&includeSuccess=true&exclude-projectname=unknown%7Cother HTTP/1.0" 200 16611 "-" "Wget/1.12 (linux-gnu)"
192.170.227.204 - - [26/Mar/2017:10:10:02 +0000] "GET /gratia/glidein_bar_graphs/glidein_dn_hours_bar?facility=.*&probe=uchicago.ci-connect.*&resource-type=BatchPilot&vo=.*&grid=.*&user=.*&endtime=2017-03-26+23%3A59%3A59&exclude-vo=unknown%7Cother&includeFailed=true&exclude-role=NONE&span=86400&role=.*&starttime=2017-03-19+00%3A00%3A00&exclude-facility=NONE&exclude-user=NONE&includeSuccess=true HTTP/1.0" 200 44059 "-" "Wget/1.12 (linux-gnu)"
192.170.227.204 - - [26/Mar/2017:10:10:03 +0000] "GET /gratia/glidein_bar_graphs/glidein_exitcode_bar?facility=.*&probe=uchicago.ci-connect.*&resource-type=BatchPilot&vo=.*&grid=.*&user=.*&endtime=2017-03-26+23%3A59%3A59&exclude-vo=unknown%7Cother&includeFailed=true&exclude-role=NONE&span=86400&role=.*&starttime=2017-03-19+00%3A00%3A00&exclude-facility=NONE&exclude-user=NONE&includeSuccess=true HTTP/1.0" 200 45645 "-" "Wget/1.12 (linux-gnu)"
192.170.227.204 - - [26/Mar/2017:10:10:03 +0000] "GET /gratia/bar_graphs/project_site_hours_bar?facility=.*&probe=uchicago.ci-connect.*&resource-type=BatchPilot&vo=.*&user=.*&endtime=2017-03-26+23%3A59%3A59&exclude-vo=Unknown%7Cunknown%7Cother&includeFailed=true&exclude-role=NONE&span=86400&role=.*&starttime=2017-03-19+00%3A00%3A00&exclude-facility=NONE%7CGeneric%7CObsolete&exclude-user=NONE&includeSuccess=true&exclude-projectname=unknown%7Cother HTTP/1.0" 200 62557 "-" "Wget/1.12 (linux-gnu)"
93.117.252.91 - - [26/Mar/2017:10:13:51 +0000] "GET / HTTP/1.1" 200 55 "-" "Mozilla/5.0 (Macintosh; Intel Mac OS X 10.12; rv:52.0) Gecko/20100101 Firefox/52.0"
129.79.53.48 - - [26/Mar/2017:10:15:01 +0000] "GET /gratia/xml HTTP/1.1" 200 23988 "-" "curl/7.19.7 (x86_64-redhat-linux-gnu) libcurl/7.19.7 NSS/3.19.1 Basic ECC zlib/1.2.3 libidn/1.18 libssh2/1.4.2"
::1 - - [26/Mar/2017:10:15:01 +0000] "GET /gratia/ HTTP/1.0" 200 17118 "-" "Wget/1.12 (linux-gnu)"
192.170.227.196 - - [26/Mar/2017:10:15:04 +0000] "GET /gratia/bar_graphs/project_hours_bar?facility=.*&probe=atlas.ci-connect.*&resource-type=BatchPilot&vo=.*&grid=.*&user=.*&endtime=2017-03-26+23%3A59%3A59&exclude-vo=unknown%7Cother&includeFailed=true&exclude-role=NONE&span=86400&role=.*&starttime=2017-03-19+00%3A00%3A00&exclude-facility=NONE&exclude-user=NONE&includeSuccess=true HTTP/1.0" 200 43289 "-" "Wget/1.12 (linux-gnu)"
192.170.227.196 - - [26/Mar/2017:10:15:05 +0000] "GET /gratia/glidein_bar_graphs/glidein_dn_hours_bar?facility=.*&probe=atlas.ci-connect.*&resource-type=BatchPilot&vo=.*&grid=.*&user=.*&endtime=2017-03-26+23%3A59%3A59&exclude-vo=unknown%7Cother&includeFailed=true&exclude-role=NONE&span=86400&role=.*&starttime=2017-03-19+00%3A00%3A00&exclude-facility=NONE&exclude-user=NONE&includeSuccess=true HTTP/1.0" 200 48044 "-" "Wget/1.12 (linux-gnu)"
192.170.227.196 - - [26/Mar/2017:10:15:05 +0000] "GET /gratia/glidein_bar_graphs/glidein_exitcode_bar?facility=.*&probe=atlas.ci-connect.*&resource-type=BatchPilot&vo=.*&grid=.*&user=.*&endtime=2017-03-26+23%3A59%3A59&exclude-vo=unknown%7Cother&includeFailed=true&exclude-role=NONE&span=86400&role=.*&starttime=2017-03-19+00%3A00%3A00&exclude-facility=NONE&exclude-user=NONE&includeSuccess=true HTTP/1.0" 200 45254 "-" "Wget/1.12 (linux-gnu)"
192.170.227.196 - - [26/Mar/2017:10:15:06 +0000] "GET /gratia/bar_graphs/project_site_hours_bar?facility=.*&probe=atlas.ci-connect.*&resource-type=BatchPilot&vo=.*&user=.*&endtime=2017-03-26+23%3A59%3A59&exclude-vo=Unknown%7Cunknown%7Cother&includeFailed=true&exclude-role=NONE&span=86400&role=.*&starttime=2017-03-19+00%3A00%3A00&exclude-facility=NONE%7CGeneric%7CObsolete&exclude-user=NONE&includeSuccess=true&exclude-projectname=unknown%7Cother HTTP/1.0" 200 67321 "-" "Wget/1.12 (linux-gnu)"
192.170.227.196 - - [26/Mar/2017:10:15:07 +0000] "GET /gratia/bar_graphs/project_hours_bar?facility=.*&probe=cms.ci-connect.*&resource-type=BatchPilot&vo=.*&grid=.*&user=.*&endtime=2017-03-26+23%3A59%3A59&exclude-vo=unknown%7Cother&includeFailed=true&exclude-role=NONE&span=86400&role=.*&starttime=2017-03-19+00%3A00%3A00&exclude-facility=NONE&exclude-user=NONE&includeSuccess=true HTTP/1.0" 200 16611 "-" "Wget/1.12 (linux-gnu)"
192.170.227.196 - - [26/Mar/2017:10:15:08 +0000] "GET /gratia/glidein_bar_graphs/glidein_dn_hours_bar?facility=.*&probe=cms.ci-connect.*&resource-type=BatchPilot&vo=.*&grid=.*&user=.*&endtime=2017-03-26+23%3A59%3A59&exclude-vo=unknown%7Cother&includeFailed=true&exclude-role=NONE&span=86400&role=.*&starttime=2017-03-19+00%3A00%3A00&exclude-facility=NONE&exclude-user=NONE&includeSuccess=true HTTP/1.0" 200 16611 "-" "Wget/1.12 (linux-gnu)"
192.170.227.196 - - [26/Mar/2017:10:15:08 +0000] "GET /gratia/glidein_bar_graphs/glidein_exitcode_bar?facility=.*&probe=cms.ci-connect.*&resource-type=BatchPilot&vo=.*&grid=.*&user=.*&endtime=2017-03-26+23%3A59%3A59&exclude-vo=unknown%7Cother&includeFailed=true&exclude-role=NONE&span=86400&role=.*&starttime=2017-03-19+00%3A00%3A00&exclude-facility=NONE&exclude-user=NONE&includeSuccess=true HTTP/1.0" 200 16611 "-" "Wget/1.12 (linux-gnu)"
192.170.227.196 - - [26/Mar/2017:10:15:08 +0000] "GET /gratia/bar_graphs/project_site_hours_bar?facility=.*&probe=cms.ci-connect.*&resource-type=BatchPilot&vo=.*&user=.*&endtime=2017-03-26+23%3A59%3A59&exclude-vo=Unknown%7Cunknown%7Cother&includeFailed=true&exclude-role=NONE&span=86400&role=.*&starttime=2017-03-19+00%3A00%3A00&exclude-facility=NONE%7CGeneric%7CObsolete&exclude-user=NONE&includeSuccess=true&exclude-projectname=unknown%7Cother HTTP/1.0" 200 16611 "-" "Wget/1.12 (linux-gnu)"
192.170.227.196 - - [26/Mar/2017:10:15:09 +0000] "GET /gratia/bar_graphs/project_hours_bar?facility=.*&probe=duke.ci-connect.*&resource-type=BatchPilot&vo=.*&grid=.*&user=.*&endtime=2017-03-26+23%3A59%3A59&exclude-vo=unknown%7Cother&includeFailed=true&exclude-role=NONE&span=86400&role=.*&starttime=2017-03-19+00%3A00%3A00&exclude-facility=NONE&exclude-user=NONE&includeSuccess=true HTTP/1.0" 200 41299 "-" "Wget/1.12 (linux-gnu)"
192.170.227.196 - - [26/Mar/2017:10:15:09 +0000] "GET /gratia/glidein_bar_graphs/glidein_dn_hours_bar?facility=.*&probe=duke.ci-connect.*&resource-type=BatchPilot&vo=.*&grid=.*&user=.*&endtime=2017-03-26+23%3A59%3A59&exclude-vo=unknown%7Cother&includeFailed=true&exclude-role=NONE&span=86400&role=.*&starttime=2017-03-19+00%3A00%3A00&exclude-facility=NONE&exclude-user=NONE&includeSuccess=true HTTP/1.0" 200 42089 "-" "Wget/1.12 (linux-gnu)"
192.170.227.196 - - [26/Mar/2017:10:15:10 +0000] "GET /gratia/glidein_bar_graphs/glidein_exitcode_bar?facility=.*&probe=duke.ci-connect.*&resource-type=BatchPilot&vo=.*&grid=.*&user=.*&endtime=2017-03-26+23%3A59%3A59&exclude-vo=unknown%7Cother&includeFailed=true&exclude-role=NONE&span=86400&role=.*&starttime=2017-03-19+00%3A00%3A00&exclude-facility=NONE&exclude-user=NONE&includeSuccess=true HTTP/1.0" 200 46594 "-" "Wget/1.12 (linux-gnu)"
192.170.227.196 - - [26/Mar/2017:10:15:10 +0000] "GET /gratia/bar_graphs/project_site_hours_bar?facility=.*&probe=duke.ci-connect.*&resource-type=BatchPilot&vo=.*&user=.*&endtime=2017-03-26+23%3A59%3A59&exclude-vo=Unknown%7Cunknown%7Cother&includeFailed=true&exclude-role=NONE&span=86400&role=.*&starttime=2017-03-19+00%3A00%3A00&exclude-facility=NONE%7CGeneric%7CObsolete&exclude-user=NONE&includeSuccess=true&exclude-projectname=unknown%7Cother HTTP/1.0" 200 59401 "-" "Wget/1.12 (linux-gnu)"
192.170.227.196 - - [26/Mar/2017:10:15:12 +0000] "GET /gratia/bar_graphs/project_hours_bar?facility=.*&probe=osgconnect.*&resource-type=BatchPilot&vo=.*&grid=.*&user=.*&endtime=2017-03-26+23%3A59%3A59&exclude-vo=unknown%7Cother&includeFailed=true&exclude-role=NONE&span=86400&role=.*&starttime=2017-03-19+00%3A00%3A00&exclude-facility=NONE&exclude-user=NONE&includeSuccess=true HTTP/1.0" 200 58603 "-" "Wget/1.12 (linux-gnu)"
192.170.227.196 - - [26/Mar/2017:10:15:13 +0000] "GET /gratia/glidein_bar_graphs/glidein_dn_hours_bar?facility=.*&probe=osgconnect.*&resource-type=BatchPilot&vo=.*&grid=.*&user=.*&endtime=2017-03-26+23%3A59%3A59&exclude-vo=unknown%7Cother&includeFailed=true&exclude-role=NONE&span=86400&role=.*&starttime=2017-03-19+00%3A00%3A00&exclude-facility=NONE&exclude-user=NONE&includeSuccess=true HTTP/1.0" 200 58584 "-" "Wget/1.12 (linux-gnu)"
192.170.227.196 - - [26/Mar/2017:10:15:14 +0000] "GET /gratia/glidein_bar_graphs/glidein_exitcode_bar?facility=.*&probe=osgconnect.*&resource-type=BatchPilot&vo=.*&grid=.*&user=.*&endtime=2017-03-26+23%3A59%3A59&exclude-vo=unknown%7Cother&includeFailed=true&exclude-role=NONE&span=86400&role=.*&starttime=2017-03-19+00%3A00%3A00&exclude-facility=NONE&exclude-user=NONE&includeSuccess=true HTTP/1.0" 200 48937 "-" "Wget/1.12 (linux-gnu)"
192.170.227.196 - - [26/Mar/2017:10:15:16 +0000] "GET /gratia/bar_graphs/project_site_hours_bar?facility=.*&probe=osgconnect.*&resource-type=BatchPilot&vo=.*&user=.*&endtime=2017-03-26+23%3A59%3A59&exclude-vo=Unknown%7Cunknown%7Cother&includeFailed=true&exclude-role=NONE&span=86400&role=.*&starttime=2017-03-19+00%3A00%3A00&exclude-facility=NONE%7CGeneric%7CObsolete&exclude-user=NONE&includeSuccess=true&exclude-projectname=unknown%7Cother HTTP/1.0" 200 74654 "-" "Wget/1.12 (linux-gnu)"
192.170.227.196 - - [26/Mar/2017:10:15:17 +0000] "GET /gratia/bar_graphs/project_hours_bar?facility=.*&probe=umich.ci-connect.*&resource-type=BatchPilot&vo=.*&grid=.*&user=.*&endtime=2017-03-26+23%3A59%3A59&exclude-vo=unknown%7Cother&includeFailed=true&exclude-role=NONE&span=86400&role=.*&starttime=2017-03-19+00%3A00%3A00&exclude-facility=NONE&exclude-user=NONE&includeSuccess=true HTTP/1.0" 200 16611 "-" "Wget/1.12 (linux-gnu)"
192.170.227.196 - - [26/Mar/2017:10:15:18 +0000] "GET /gratia/glidein_bar_graphs/glidein_dn_hours_bar?facility=.*&probe=umich.ci-connect.*&resource-type=BatchPilot&vo=.*&grid=.*&user=.*&endtime=2017-03-26+23%3A59%3A59&exclude-vo=unknown%7Cother&includeFailed=true&exclude-role=NONE&span=86400&role=.*&starttime=2017-03-19+00%3A00%3A00&exclude-facility=NONE&exclude-user=NONE&includeSuccess=true HTTP/1.0" 200 16611 "-" "Wget/1.12 (linux-gnu)"
192.170.227.196 - - [26/Mar/2017:10:15:18 +0000] "GET /gratia/glidein_bar_graphs/glidein_exitcode_bar?facility=.*&probe=umich.ci-connect.*&resource-type=BatchPilot&vo=.*&grid=.*&user=.*&endtime=2017-03-26+23%3A59%3A59&exclude-vo=unknown%7Cother&includeFailed=true&exclude-role=NONE&span=86400&role=.*&starttime=2017-03-19+00%3A00%3A00&exclude-facility=NONE&exclude-user=NONE&includeSuccess=true HTTP/1.0" 200 16611 "-" "Wget/1.12 (linux-gnu)"
192.170.227.196 - - [26/Mar/2017:10:15:19 +0000] "GET /gratia/bar_graphs/project_site_hours_bar?facility=.*&probe=umich.ci-connect.*&resource-type=BatchPilot&vo=.*&user=.*&endtime=2017-03-26+23%3A59%3A59&exclude-vo=Unknown%7Cunknown%7Cother&includeFailed=true&exclude-role=NONE&span=86400&role=.*&starttime=2017-03-19+00%3A00%3A00&exclude-facility=NONE%7CGeneric%7CObsolete&exclude-user=NONE&includeSuccess=true&exclude-projectname=unknown%7Cother HTTP/1.0" 200 16611 "-" "Wget/1.12 (linux-gnu)"
192.170.227.196 - - [26/Mar/2017:10:15:19 +0000] "GET /gratia/bar_graphs/project_hours_bar?facility=.*&probe=uchicago.ci-connect.*&resource-type=BatchPilot&vo=.*&grid=.*&user=.*&endtime=2017-03-26+23%3A59%3A59&exclude-vo=unknown%7Cother&includeFailed=true&exclude-role=NONE&span=86400&role=.*&starttime=2017-03-19+00%3A00%3A00&exclude-facility=NONE&exclude-user=NONE&includeSuccess=true HTTP/1.0" 200 44253 "-" "Wget/1.12 (linux-gnu)"
192.170.227.196 - - [26/Mar/2017:10:15:20 +0000] "GET /gratia/glidein_bar_graphs/glidein_dn_hours_bar?facility=.*&probe=uchicago.ci-connect.*&resource-type=BatchPilot&vo=.*&grid=.*&user=.*&endtime=2017-03-26+23%3A59%3A59&exclude-vo=unknown%7Cother&includeFailed=true&exclude-role=NONE&span=86400&role=.*&starttime=2017-03-19+00%3A00%3A00&exclude-facility=NONE&exclude-user=NONE&includeSuccess=true HTTP/1.0" 200 44059 "-" "Wget/1.12 (linux-gnu)"
192.170.227.196 - - [26/Mar/2017:10:15:21 +0000] "GET /gratia/glidein_bar_graphs/glidein_exitcode_bar?facility=.*&probe=uchicago.ci-connect.*&resource-type=BatchPilot&vo=.*&grid=.*&user=.*&endtime=2017-03-26+23%3A59%3A59&exclude-vo=unknown%7Cother&includeFailed=true&exclude-role=NONE&span=86400&role=.*&starttime=2017-03-19+00%3A00%3A00&exclude-facility=NONE&exclude-user=NONE&includeSuccess=true HTTP/1.0" 200 45645 "-" "Wget/1.12 (linux-gnu)"
192.170.227.196 - - [26/Mar/2017:10:15:22 +0000] "GET /gratia/bar_graphs/project_site_hours_bar?facility=.*&probe=uchicago.ci-connect.*&resource-type=BatchPilot&vo=.*&user=.*&endtime=2017-03-26+23%3A59%3A59&exclude-vo=Unknown%7Cunknown%7Cother&includeFailed=true&exclude-role=NONE&span=86400&role=.*&starttime=2017-03-19+00%3A00%3A00&exclude-facility=NONE%7CGeneric%7CObsolete&exclude-user=NONE&includeSuccess=true&exclude-projectname=unknown%7Cother HTTP/1.0" 200 62557 "-" "Wget/1.12 (linux-gnu)"
129.79.53.63 - - [26/Mar/2017:10:16:03 +0000] "GET //gratia HTTP/1.0" 301 334 "-" "Wget/1.11.4 Red Hat modified"
129.79.53.63 - - [26/Mar/2017:10:16:03 +0000] "GET /gratia/ HTTP/1.0" 200 17118 "-" "Wget/1.11.4 Red Hat modified"
93.117.252.91 - - [26/Mar/2017:10:16:43 +0000] "GET / HTTP/1.1" 200 55 "-" "Mozilla/5.0 (Macintosh; Intel Mac OS X 10.12; rv:52.0) Gecko/20100101 Firefox/52.0"
93.117.252.91 - - [26/Mar/2017:10:19:12 +0000] "GET /gratia/ HTTP/1.1" 200 4791 "-" "Mozilla/5.0 (Macintosh; Intel Mac OS X 10.12; rv:52.0) Gecko/20100101 Firefox/52.0"
93.117.252.91 - - [26/Mar/2017:10:20:46 +0000] "GET / HTTP/1.1" 200 55 "-" "Mozilla/5.0 (Macintosh; Intel Mac OS X 10.12; rv:52.0) Gecko/20100101 Firefox/52.0"
131.225.23.169 - - [26/Mar/2017:10:25:55 +0000] "GET /gratia/static-site/images/nsf.png HTTP/1.1" 304 - "-" "Mozilla/4.0 (compatible;)"
131.225.23.169 - - [26/Mar/2017:10:25:56 +0000] "GET /gratia/static-site/images/nsf.png HTTP/1.1" 304 - "-" "Mozilla/4.0 (compatible;)"
131.225.23.169 - - [26/Mar/2017:10:26:05 +0000] "GET /gratia/static-site/images/nsf.png HTTP/1.1" 304 - "-" "Mozilla/4.0 (compatible;)"
129.79.53.48 - - [26/Mar/2017:10:30:01 +0000] "GET /gratia/xml HTTP/1.1" 200 23988 "-" "curl/7.19.7 (x86_64-redhat-linux-gnu) libcurl/7.19.7 NSS/3.19.1 Basic ECC zlib/1.2.3 libidn/1.18 libssh2/1.4.2"
129.79.53.126 - - [26/Mar/2017:10:30:01 +0000] "GET //gratia HTTP/1.1" 301 334 "-" "curl/7.19.7 (x86_64-redhat-linux-gnu) libcurl/7.19.7 NSS/3.18 Basic ECC zlib/1.2.3 libidn/1.18 libssh2/1.4.2"
192.170.227.196 - - [26/Mar/2017:10:30:03 +0000] "GET /gratia/bar_graphs/project_hours_bar?facility=.*&probe=atlas.ci-connect.*&resource-type=BatchPilot&vo=.*&grid=.*&user=.*&endtime=2017-03-26+23%3A59%3A59&exclude-vo=unknown%7Cother&includeFailed=true&exclude-role=NONE&span=86400&role=.*&starttime=2017-03-19+00%3A00%3A00&exclude-facility=NONE&exclude-user=NONE&includeSuccess=true HTTP/1.0" 200 43289 "-" "Wget/1.12 (linux-gnu)"
::1 - - [26/Mar/2017:10:30:01 +0000] "GET /gratia/ HTTP/1.0" 200 17118 "-" "Wget/1.12 (linux-gnu)"
192.170.227.196 - - [26/Mar/2017:10:30:04 +0000] "GET /gratia/glidein_bar_graphs/glidein_dn_hours_bar?facility=.*&probe=atlas.ci-connect.*&resource-type=BatchPilot&vo=.*&grid=.*&user=.*&endtime=2017-03-26+23%3A59%3A59&exclude-vo=unknown%7Cother&includeFailed=true&exclude-role=NONE&span=86400&role=.*&starttime=2017-03-19+00%3A00%3A00&exclude-facility=NONE&exclude-user=NONE&includeSuccess=true HTTP/1.0" 200 48044 "-" "Wget/1.12 (linux-gnu)"
192.170.227.196 - - [26/Mar/2017:10:30:05 +0000] "GET /gratia/glidein_bar_graphs/glidein_exitcode_bar?facility=.*&probe=atlas.ci-connect.*&resource-type=BatchPilot&vo=.*&grid=.*&user=.*&endtime=2017-03-26+23%3A59%3A59&exclude-vo=unknown%7Cother&includeFailed=true&exclude-role=NONE&span=86400&role=.*&starttime=2017-03-19+00%3A00%3A00&exclude-facility=NONE&exclude-user=NONE&includeSuccess=true HTTP/1.0" 200 45353 "-" "Wget/1.12 (linux-gnu)"
192.170.227.196 - - [26/Mar/2017:10:30:05 +0000] "GET /gratia/bar_graphs/project_site_hours_bar?facility=.*&probe=atlas.ci-connect.*&resource-type=BatchPilot&vo=.*&user=.*&endtime=2017-03-26+23%3A59%3A59&exclude-vo=Unknown%7Cunknown%7Cother&includeFailed=true&exclude-role=NONE&span=86400&role=.*&starttime=2017-03-19+00%3A00%3A00&exclude-facility=NONE%7CGeneric%7CObsolete&exclude-user=NONE&includeSuccess=true&exclude-projectname=unknown%7Cother HTTP/1.0" 200 67321 "-" "Wget/1.12 (linux-gnu)"
192.170.227.196 - - [26/Mar/2017:10:30:06 +0000] "GET /gratia/bar_graphs/project_hours_bar?facility=.*&probe=cms.ci-connect.*&resource-type=BatchPilot&vo=.*&grid=.*&user=.*&endtime=2017-03-26+23%3A59%3A59&exclude-vo=unknown%7Cother&includeFailed=true&exclude-role=NONE&span=86400&role=.*&starttime=2017-03-19+00%3A00%3A00&exclude-facility=NONE&exclude-user=NONE&includeSuccess=true HTTP/1.0" 200 16611 "-" "Wget/1.12 (linux-gnu)"
192.170.227.196 - - [26/Mar/2017:10:30:06 +0000] "GET /gratia/glidein_bar_graphs/glidein_dn_hours_bar?facility=.*&probe=cms.ci-connect.*&resource-type=BatchPilot&vo=.*&grid=.*&user=.*&endtime=2017-03-26+23%3A59%3A59&exclude-vo=unknown%7Cother&includeFailed=true&exclude-role=NONE&span=86400&role=.*&starttime=2017-03-19+00%3A00%3A00&exclude-facility=NONE&exclude-user=NONE&includeSuccess=true HTTP/1.0" 200 16611 "-" "Wget/1.12 (linux-gnu)"
192.170.227.196 - - [26/Mar/2017:10:30:07 +0000] "GET /gratia/glidein_bar_graphs/glidein_exitcode_bar?facility=.*&probe=cms.ci-connect.*&resource-type=BatchPilot&vo=.*&grid=.*&user=.*&endtime=2017-03-26+23%3A59%3A59&exclude-vo=unknown%7Cother&includeFailed=true&exclude-role=NONE&span=86400&role=.*&starttime=2017-03-19+00%3A00%3A00&exclude-facility=NONE&exclude-user=NONE&includeSuccess=true HTTP/1.0" 200 16611 "-" "Wget/1.12 (linux-gnu)"
192.170.227.196 - - [26/Mar/2017:10:30:07 +0000] "GET /gratia/bar_graphs/project_site_hours_bar?facility=.*&probe=cms.ci-connect.*&resource-type=BatchPilot&vo=.*&user=.*&endtime=2017-03-26+23%3A59%3A59&exclude-vo=Unknown%7Cunknown%7Cother&includeFailed=true&exclude-role=NONE&span=86400&role=.*&starttime=2017-03-19+00%3A00%3A00&exclude-facility=NONE%7CGeneric%7CObsolete&exclude-user=NONE&includeSuccess=true&exclude-projectname=unknown%7Cother HTTP/1.0" 200 16611 "-" "Wget/1.12 (linux-gnu)"
192.170.227.196 - - [26/Mar/2017:10:30:08 +0000] "GET /gratia/bar_graphs/project_hours_bar?facility=.*&probe=duke.ci-connect.*&resource-type=BatchPilot&vo=.*&grid=.*&user=.*&endtime=2017-03-26+23%3A59%3A59&exclude-vo=unknown%7Cother&includeFailed=true&exclude-role=NONE&span=86400&role=.*&starttime=2017-03-19+00%3A00%3A00&exclude-facility=NONE&exclude-user=NONE&includeSuccess=true HTTP/1.0" 200 41057 "-" "Wget/1.12 (linux-gnu)"
192.170.227.196 - - [26/Mar/2017:10:30:08 +0000] "GET /gratia/glidein_bar_graphs/glidein_dn_hours_bar?facility=.*&probe=duke.ci-connect.*&resource-type=BatchPilot&vo=.*&grid=.*&user=.*&endtime=2017-03-26+23%3A59%3A59&exclude-vo=unknown%7Cother&includeFailed=true&exclude-role=NONE&span=86400&role=.*&starttime=2017-03-19+00%3A00%3A00&exclude-facility=NONE&exclude-user=NONE&includeSuccess=true HTTP/1.0" 200 41847 "-" "Wget/1.12 (linux-gnu)"
192.170.227.196 - - [26/Mar/2017:10:30:09 +0000] "GET /gratia/glidein_bar_graphs/glidein_exitcode_bar?facility=.*&probe=duke.ci-connect.*&resource-type=BatchPilot&vo=.*&grid=.*&user=.*&endtime=2017-03-26+23%3A59%3A59&exclude-vo=unknown%7Cother&includeFailed=true&exclude-role=NONE&span=86400&role=.*&starttime=2017-03-19+00%3A00%3A00&exclude-facility=NONE&exclude-user=NONE&includeSuccess=true HTTP/1.0" 200 46703 "-" "Wget/1.12 (linux-gnu)"
192.170.227.196 - - [26/Mar/2017:10:30:09 +0000] "GET /gratia/bar_graphs/project_site_hours_bar?facility=.*&probe=duke.ci-connect.*&resource-type=BatchPilot&vo=.*&user=.*&endtime=2017-03-26+23%3A59%3A59&exclude-vo=Unknown%7Cunknown%7Cother&includeFailed=true&exclude-role=NONE&span=86400&role=.*&starttime=2017-03-19+00%3A00%3A00&exclude-facility=NONE%7CGeneric%7CObsolete&exclude-user=NONE&includeSuccess=true&exclude-projectname=unknown%7Cother HTTP/1.0" 200 59334 "-" "Wget/1.12 (linux-gnu)"
192.170.227.196 - - [26/Mar/2017:10:30:10 +0000] "GET /gratia/bar_graphs/project_hours_bar?facility=.*&probe=osgconnect.*&resource-type=BatchPilot&vo=.*&grid=.*&user=.*&endtime=2017-03-26+23%3A59%3A59&exclude-vo=unknown%7Cother&includeFailed=true&exclude-role=NONE&span=86400&role=.*&starttime=2017-03-19+00%3A00%3A00&exclude-facility=NONE&exclude-user=NONE&includeSuccess=true HTTP/1.0" 200 58796 "-" "Wget/1.12 (linux-gnu)"
192.170.227.196 - - [26/Mar/2017:10:30:11 +0000] "GET /gratia/glidein_bar_graphs/glidein_dn_hours_bar?facility=.*&probe=osgconnect.*&resource-type=BatchPilot&vo=.*&grid=.*&user=.*&endtime=2017-03-26+23%3A59%3A59&exclude-vo=unknown%7Cother&includeFailed=true&exclude-role=NONE&span=86400&role=.*&starttime=2017-03-19+00%3A00%3A00&exclude-facility=NONE&exclude-user=NONE&includeSuccess=true HTTP/1.0" 200 58775 "-" "Wget/1.12 (linux-gnu)"
192.170.227.196 - - [26/Mar/2017:10:30:12 +0000] "GET /gratia/glidein_bar_graphs/glidein_exitcode_bar?facility=.*&probe=osgconnect.*&resource-type=BatchPilot&vo=.*&grid=.*&user=.*&endtime=2017-03-26+23%3A59%3A59&exclude-vo=unknown%7Cother&includeFailed=true&exclude-role=NONE&span=86400&role=.*&starttime=2017-03-19+00%3A00%3A00&exclude-facility=NONE&exclude-user=NONE&includeSuccess=true HTTP/1.0" 200 48668 "-" "Wget/1.12 (linux-gnu)"
192.170.227.196 - - [26/Mar/2017:10:30:13 +0000] "GET /gratia/bar_graphs/project_site_hours_bar?facility=.*&probe=osgconnect.*&resource-type=BatchPilot&vo=.*&user=.*&endtime=2017-03-26+23%3A59%3A59&exclude-vo=Unknown%7Cunknown%7Cother&includeFailed=true&exclude-role=NONE&span=86400&role=.*&starttime=2017-03-19+00%3A00%3A00&exclude-facility=NONE%7CGeneric%7CObsolete&exclude-user=NONE&includeSuccess=true&exclude-projectname=unknown%7Cother HTTP/1.0" 200 74875 "-" "Wget/1.12 (linux-gnu)"
192.170.227.196 - - [26/Mar/2017:10:30:14 +0000] "GET /gratia/bar_graphs/project_hours_bar?facility=.*&probe=umich.ci-connect.*&resource-type=BatchPilot&vo=.*&grid=.*&user=.*&endtime=2017-03-26+23%3A59%3A59&exclude-vo=unknown%7Cother&includeFailed=true&exclude-role=NONE&span=86400&role=.*&starttime=2017-03-19+00%3A00%3A00&exclude-facility=NONE&exclude-user=NONE&includeSuccess=true HTTP/1.0" 200 16611 "-" "Wget/1.12 (linux-gnu)"
192.170.227.196 - - [26/Mar/2017:10:30:14 +0000] "GET /gratia/glidein_bar_graphs/glidein_dn_hours_bar?facility=.*&probe=umich.ci-connect.*&resource-type=BatchPilot&vo=.*&grid=.*&user=.*&endtime=2017-03-26+23%3A59%3A59&exclude-vo=unknown%7Cother&includeFailed=true&exclude-role=NONE&span=86400&role=.*&starttime=2017-03-19+00%3A00%3A00&exclude-facility=NONE&exclude-user=NONE&includeSuccess=true HTTP/1.0" 200 16611 "-" "Wget/1.12 (linux-gnu)"
192.170.227.196 - - [26/Mar/2017:10:30:15 +0000] "GET /gratia/glidein_bar_graphs/glidein_exitcode_bar?facility=.*&probe=umich.ci-connect.*&resource-type=BatchPilot&vo=.*&grid=.*&user=.*&endtime=2017-03-26+23%3A59%3A59&exclude-vo=unknown%7Cother&includeFailed=true&exclude-role=NONE&span=86400&role=.*&starttime=2017-03-19+00%3A00%3A00&exclude-facility=NONE&exclude-user=NONE&includeSuccess=true HTTP/1.0" 200 16611 "-" "Wget/1.12 (linux-gnu)"
192.170.227.196 - - [26/Mar/2017:10:30:15 +0000] "GET /gratia/bar_graphs/project_site_hours_bar?facility=.*&probe=umich.ci-connect.*&resource-type=BatchPilot&vo=.*&user=.*&endtime=2017-03-26+23%3A59%3A59&exclude-vo=Unknown%7Cunknown%7Cother&includeFailed=true&exclude-role=NONE&span=86400&role=.*&starttime=2017-03-19+00%3A00%3A00&exclude-facility=NONE%7CGeneric%7CObsolete&exclude-user=NONE&includeSuccess=true&exclude-projectname=unknown%7Cother HTTP/1.0" 200 16611 "-" "Wget/1.12 (linux-gnu)"
192.170.227.196 - - [26/Mar/2017:10:30:16 +0000] "GET /gratia/bar_graphs/project_hours_bar?facility=.*&probe=uchicago.ci-connect.*&resource-type=BatchPilot&vo=.*&grid=.*&user=.*&endtime=2017-03-26+23%3A59%3A59&exclude-vo=unknown%7Cother&includeFailed=true&exclude-role=NONE&span=86400&role=.*&starttime=2017-03-19+00%3A00%3A00&exclude-facility=NONE&exclude-user=NONE&includeSuccess=true HTTP/1.0" 200 44132 "-" "Wget/1.12 (linux-gnu)"
192.170.227.196 - - [26/Mar/2017:10:30:17 +0000] "GET /gratia/glidein_bar_graphs/glidein_dn_hours_bar?facility=.*&probe=uchicago.ci-connect.*&resource-type=BatchPilot&vo=.*&grid=.*&user=.*&endtime=2017-03-26+23%3A59%3A59&exclude-vo=unknown%7Cother&includeFailed=true&exclude-role=NONE&span=86400&role=.*&starttime=2017-03-19+00%3A00%3A00&exclude-facility=NONE&exclude-user=NONE&includeSuccess=true HTTP/1.0" 200 43938 "-" "Wget/1.12 (linux-gnu)"
192.170.227.196 - - [26/Mar/2017:10:30:18 +0000] "GET /gratia/glidein_bar_graphs/glidein_exitcode_bar?facility=.*&probe=uchicago.ci-connect.*&resource-type=BatchPilot&vo=.*&grid=.*&user=.*&endtime=2017-03-26+23%3A59%3A59&exclude-vo=unknown%7Cother&includeFailed=true&exclude-role=NONE&span=86400&role=.*&starttime=2017-03-19+00%3A00%3A00&exclude-facility=NONE&exclude-user=NONE&includeSuccess=true HTTP/1.0" 200 45605 "-" "Wget/1.12 (linux-gnu)"
192.170.227.196 - - [26/Mar/2017:10:30:18 +0000] "GET /gratia/bar_graphs/project_site_hours_bar?facility=.*&probe=uchicago.ci-connect.*&resource-type=BatchPilot&vo=.*&user=.*&endtime=2017-03-26+23%3A59%3A59&exclude-vo=Unknown%7Cunknown%7Cother&includeFailed=true&exclude-role=NONE&span=86400&role=.*&starttime=2017-03-19+00%3A00%3A00&exclude-facility=NONE%7CGeneric%7CObsolete&exclude-user=NONE&includeSuccess=true&exclude-projectname=unknown%7Cother HTTP/1.0" 200 62451 "-" "Wget/1.12 (linux-gnu)"
129.79.53.63 - - [26/Mar/2017:10:31:02 +0000] "GET //gratia HTTP/1.0" 301 334 "-" "Wget/1.11.4 Red Hat modified"
129.79.53.63 - - [26/Mar/2017:10:31:02 +0000] "GET /gratia/ HTTP/1.0" 200 17118 "-" "Wget/1.11.4 Red Hat modified"
129.79.53.48 - - [26/Mar/2017:10:45:01 +0000] "GET /gratia/xml HTTP/1.1" 200 23988 "-" "curl/7.19.7 (x86_64-redhat-linux-gnu) libcurl/7.19.7 NSS/3.19.1 Basic ECC zlib/1.2.3 libidn/1.18 libssh2/1.4.2"
192.170.227.196 - - [26/Mar/2017:10:45:02 +0000] "GET /gratia/bar_graphs/project_hours_bar?facility=.*&probe=atlas.ci-connect.*&resource-type=BatchPilot&vo=.*&grid=.*&user=.*&endtime=2017-03-26+23%3A59%3A59&exclude-vo=unknown%7Cother&includeFailed=true&exclude-role=NONE&span=86400&role=.*&starttime=2017-03-19+00%3A00%3A00&exclude-facility=NONE&exclude-user=NONE&includeSuccess=true HTTP/1.0" 200 43289 "-" "Wget/1.12 (linux-gnu)"
192.170.227.196 - - [26/Mar/2017:10:45:02 +0000] "GET /gratia/glidein_bar_graphs/glidein_dn_hours_bar?facility=.*&probe=atlas.ci-connect.*&resource-type=BatchPilot&vo=.*&grid=.*&user=.*&endtime=2017-03-26+23%3A59%3A59&exclude-vo=unknown%7Cother&includeFailed=true&exclude-role=NONE&span=86400&role=.*&starttime=2017-03-19+00%3A00%3A00&exclude-facility=NONE&exclude-user=NONE&includeSuccess=true HTTP/1.0" 200 48044 "-" "Wget/1.12 (linux-gnu)"
192.170.227.196 - - [26/Mar/2017:10:45:03 +0000] "GET /gratia/glidein_bar_graphs/glidein_exitcode_bar?facility=.*&probe=atlas.ci-connect.*&resource-type=BatchPilot&vo=.*&grid=.*&user=.*&endtime=2017-03-26+23%3A59%3A59&exclude-vo=unknown%7Cother&includeFailed=true&exclude-role=NONE&span=86400&role=.*&starttime=2017-03-19+00%3A00%3A00&exclude-facility=NONE&exclude-user=NONE&includeSuccess=true HTTP/1.0" 200 45353 "-" "Wget/1.12 (linux-gnu)"
::1 - - [26/Mar/2017:10:45:01 +0000] "GET /gratia/ HTTP/1.0" 200 17118 "-" "Wget/1.12 (linux-gnu)"
192.170.227.196 - - [26/Mar/2017:10:45:04 +0000] "GET /gratia/bar_graphs/project_site_hours_bar?facility=.*&probe=atlas.ci-connect.*&resource-type=BatchPilot&vo=.*&user=.*&endtime=2017-03-26+23%3A59%3A59&exclude-vo=Unknown%7Cunknown%7Cother&includeFailed=true&exclude-role=NONE&span=86400&role=.*&starttime=2017-03-19+00%3A00%3A00&exclude-facility=NONE%7CGeneric%7CObsolete&exclude-user=NONE&includeSuccess=true&exclude-projectname=unknown%7Cother HTTP/1.0" 200 67321 "-" "Wget/1.12 (linux-gnu)"
192.170.227.196 - - [26/Mar/2017:10:45:05 +0000] "GET /gratia/bar_graphs/project_hours_bar?facility=.*&probe=cms.ci-connect.*&resource-type=BatchPilot&vo=.*&grid=.*&user=.*&endtime=2017-03-26+23%3A59%3A59&exclude-vo=unknown%7Cother&includeFailed=true&exclude-role=NONE&span=86400&role=.*&starttime=2017-03-19+00%3A00%3A00&exclude-facility=NONE&exclude-user=NONE&includeSuccess=true HTTP/1.0" 200 16611 "-" "Wget/1.12 (linux-gnu)"
192.170.227.196 - - [26/Mar/2017:10:45:05 +0000] "GET /gratia/glidein_bar_graphs/glidein_dn_hours_bar?facility=.*&probe=cms.ci-connect.*&resource-type=BatchPilot&vo=.*&grid=.*&user=.*&endtime=2017-03-26+23%3A59%3A59&exclude-vo=unknown%7Cother&includeFailed=true&exclude-role=NONE&span=86400&role=.*&starttime=2017-03-19+00%3A00%3A00&exclude-facility=NONE&exclude-user=NONE&includeSuccess=true HTTP/1.0" 200 16611 "-" "Wget/1.12 (linux-gnu)"
192.170.227.196 - - [26/Mar/2017:10:45:06 +0000] "GET /gratia/glidein_bar_graphs/glidein_exitcode_bar?facility=.*&probe=cms.ci-connect.*&resource-type=BatchPilot&vo=.*&grid=.*&user=.*&endtime=2017-03-26+23%3A59%3A59&exclude-vo=unknown%7Cother&includeFailed=true&exclude-role=NONE&span=86400&role=.*&starttime=2017-03-19+00%3A00%3A00&exclude-facility=NONE&exclude-user=NONE&includeSuccess=true HTTP/1.0" 200 16611 "-" "Wget/1.12 (linux-gnu)"
192.170.227.196 - - [26/Mar/2017:10:45:06 +0000] "GET /gratia/bar_graphs/project_site_hours_bar?facility=.*&probe=cms.ci-connect.*&resource-type=BatchPilot&vo=.*&user=.*&endtime=2017-03-26+23%3A59%3A59&exclude-vo=Unknown%7Cunknown%7Cother&includeFailed=true&exclude-role=NONE&span=86400&role=.*&starttime=2017-03-19+00%3A00%3A00&exclude-facility=NONE%7CGeneric%7CObsolete&exclude-user=NONE&includeSuccess=true&exclude-projectname=unknown%7Cother HTTP/1.0" 200 16611 "-" "Wget/1.12 (linux-gnu)"
192.170.227.196 - - [26/Mar/2017:10:45:07 +0000] "GET /gratia/bar_graphs/project_hours_bar?facility=.*&probe=duke.ci-connect.*&resource-type=BatchPilot&vo=.*&grid=.*&user=.*&endtime=2017-03-26+23%3A59%3A59&exclude-vo=unknown%7Cother&includeFailed=true&exclude-role=NONE&span=86400&role=.*&starttime=2017-03-19+00%3A00%3A00&exclude-facility=NONE&exclude-user=NONE&includeSuccess=true HTTP/1.0" 200 41400 "-" "Wget/1.12 (linux-gnu)"
192.170.227.196 - - [26/Mar/2017:10:45:07 +0000] "GET /gratia/glidein_bar_graphs/glidein_dn_hours_bar?facility=.*&probe=duke.ci-connect.*&resource-type=BatchPilot&vo=.*&grid=.*&user=.*&endtime=2017-03-26+23%3A59%3A59&exclude-vo=unknown%7Cother&includeFailed=true&exclude-role=NONE&span=86400&role=.*&starttime=2017-03-19+00%3A00%3A00&exclude-facility=NONE&exclude-user=NONE&includeSuccess=true HTTP/1.0" 200 42190 "-" "Wget/1.12 (linux-gnu)"
192.170.227.196 - - [26/Mar/2017:10:45:08 +0000] "GET /gratia/glidein_bar_graphs/glidein_exitcode_bar?facility=.*&probe=duke.ci-connect.*&resource-type=BatchPilot&vo=.*&grid=.*&user=.*&endtime=2017-03-26+23%3A59%3A59&exclude-vo=unknown%7Cother&includeFailed=true&exclude-role=NONE&span=86400&role=.*&starttime=2017-03-19+00%3A00%3A00&exclude-facility=NONE&exclude-user=NONE&includeSuccess=true HTTP/1.0" 200 46535 "-" "Wget/1.12 (linux-gnu)"
192.170.227.196 - - [26/Mar/2017:10:45:08 +0000] "GET /gratia/bar_graphs/project_site_hours_bar?facility=.*&probe=duke.ci-connect.*&resource-type=BatchPilot&vo=.*&user=.*&endtime=2017-03-26+23%3A59%3A59&exclude-vo=Unknown%7Cunknown%7Cother&includeFailed=true&exclude-role=NONE&span=86400&role=.*&starttime=2017-03-19+00%3A00%3A00&exclude-facility=NONE%7CGeneric%7CObsolete&exclude-user=NONE&includeSuccess=true&exclude-projectname=unknown%7Cother HTTP/1.0" 200 59611 "-" "Wget/1.12 (linux-gnu)"
192.170.227.196 - - [26/Mar/2017:10:45:09 +0000] "GET /gratia/bar_graphs/project_hours_bar?facility=.*&probe=osgconnect.*&resource-type=BatchPilot&vo=.*&grid=.*&user=.*&endtime=2017-03-26+23%3A59%3A59&exclude-vo=unknown%7Cother&includeFailed=true&exclude-role=NONE&span=86400&role=.*&starttime=2017-03-19+00%3A00%3A00&exclude-facility=NONE&exclude-user=NONE&includeSuccess=true HTTP/1.0" 200 58607 "-" "Wget/1.12 (linux-gnu)"
192.170.227.196 - - [26/Mar/2017:10:45:10 +0000] "GET /gratia/glidein_bar_graphs/glidein_dn_hours_bar?facility=.*&probe=osgconnect.*&resource-type=BatchPilot&vo=.*&grid=.*&user=.*&endtime=2017-03-26+23%3A59%3A59&exclude-vo=unknown%7Cother&includeFailed=true&exclude-role=NONE&span=86400&role=.*&starttime=2017-03-19+00%3A00%3A00&exclude-facility=NONE&exclude-user=NONE&includeSuccess=true HTTP/1.0" 200 58586 "-" "Wget/1.12 (linux-gnu)"
192.170.227.196 - - [26/Mar/2017:10:45:11 +0000] "GET /gratia/glidein_bar_graphs/glidein_exitcode_bar?facility=.*&probe=osgconnect.*&resource-type=BatchPilot&vo=.*&grid=.*&user=.*&endtime=2017-03-26+23%3A59%3A59&exclude-vo=unknown%7Cother&includeFailed=true&exclude-role=NONE&span=86400&role=.*&starttime=2017-03-19+00%3A00%3A00&exclude-facility=NONE&exclude-user=NONE&includeSuccess=true HTTP/1.0" 200 48929 "-" "Wget/1.12 (linux-gnu)"
192.170.227.196 - - [26/Mar/2017:10:45:12 +0000] "GET /gratia/bar_graphs/project_site_hours_bar?facility=.*&probe=osgconnect.*&resource-type=BatchPilot&vo=.*&user=.*&endtime=2017-03-26+23%3A59%3A59&exclude-vo=Unknown%7Cunknown%7Cother&includeFailed=true&exclude-role=NONE&span=86400&role=.*&starttime=2017-03-19+00%3A00%3A00&exclude-facility=NONE%7CGeneric%7CObsolete&exclude-user=NONE&includeSuccess=true&exclude-projectname=unknown%7Cother HTTP/1.0" 200 74715 "-" "Wget/1.12 (linux-gnu)"
