192.170.227.196 - - [26/Mar/2017:04:45:14 +0000] "GET /gratia/bar_graphs/project_hours_bar?facility=.*&probe=umich.ci-connect.*&resource-type=BatchPilot&vo=.*&grid=.*&user=.*&endtime=2017-03-26+23%3A59%3A59&exclude-vo=unknown%7Cother&includeFailed=true&exclude-role=NONE&span=86400&role=.*&starttime=2017-03-19+00%3A00%3A00&exclude-facility=NONE&exclude-user=NONE&includeSuccess=true HTTP/1.0" 200 16611 "-" "Wget/1.12 (linux-gnu)"
192.170.227.196 - - [26/Mar/2017:04:45:14 +0000] "GET /gratia/glidein_bar_graphs/glidein_dn_hours_bar?facility=.*&probe=umich.ci-connect.*&resource-type=BatchPilot&vo=.*&grid=.*&user=.*&endtime=2017-03-26+23%3A59%3A59&exclude-vo=unknown%7Cother&includeFailed=true&exclude-role=NONE&span=86400&role=.*&starttime=2017-03-19+00%3A00%3A00&exclude-facility=NONE&exclude-user=NONE&includeSuccess=true HTTP/1.0" 200 16611 "-" "Wget/1.12 (linux-gnu)"
192.170.227.196 - - [26/Mar/2017:04:45:14 +0000] "GET /gratia/glidein_bar_graphs/glidein_exitcode_bar?facility=.*&probe=umich.ci-connect.*&resource-type=BatchPilot&vo=.*&grid=.*&user=.*&endtime=2017-03-26+23%3A59%3A59&exclude-vo=unknown%7Cother&includeFailed=true&exclude-role=NONE&span=86400&role=.*&starttime=2017-03-19+00%3A00%3A00&exclude-facility=NONE&exclude-user=NONE&includeSuccess=true HTTP/1.0" 200 16611 "-" "Wget/1.12 (linux-gnu)"
192.170.227.196 - - [26/Mar/2017:04:45:15 +0000] "GET /gratia/bar_graphs/project_site_hours_bar?facility=.*&probe=umich.ci-connect.*&resource-type=BatchPilot&vo=.*&user=.*&endtime=2017-03-26+23%3A59%3A59&exclude-vo=Unknown%7Cunknown%7Cother&includeFailed=true&exclude-role=NONE&span=86400&role=.*&starttime=2017-03-19+00%3A00%3A00&exclude-facility=NONE%7CGeneric%7CObsolete&exclude-user=NONE&includeSuccess=true&exclude-projectname=unknown%7Cother HTTP/1.0" 200 16611 "-" "Wget/1.12 (linux-gnu)"
192.170.227.196 - - [26/Mar/2017:04:45:15 +0000] "GET /gratia/bar_graphs/project_hours_bar?facility=.*&probe=uchicago.ci-connect.*&resource-type=BatchPilot&vo=.*&grid=.*&user=.*&endtime=2017-03-26+23%3A59%3A59&exclude-vo=unknown%7Cother&includeFailed=true&exclude-role=NONE&span=86400&role=.*&starttime=2017-03-19+00%3A00%3A00&exclude-facility=NONE&exclude-user=NONE&includeSuccess=true HTTP/1.0" 200 44222 "-" "Wget/1.12 (linux-gnu)"
192.170.227.196 - - [26/Mar/2017:04:45:16 +0000] "GET /gratia/glidein_bar_graphs/glidein_dn_hours_bar?facility=.*&probe=uchicago.ci-connect.*&resource-type=BatchPilot&vo=.*&grid=.*&user=.*&endtime=2017-03-26+23%3A59%3A59&exclude-vo=unknown%7Cother&includeFailed=true&exclude-role=NONE&span=86400&role=.*&starttime=2017-03-19+00%3A00%3A00&exclude-facility=NONE&exclude-user=NONE&includeSuccess=true HTTP/1.0" 200 44309 "-" "Wget/1.12 (linux-gnu)"
192.170.227.196 - - [26/Mar/2017:04:45:16 +0000] "GET /gratia/glidein_bar_graphs/glidein_exitcode_bar?facility=.*&probe=uchicago.ci-connect.*&resource-type=BatchPilot&vo=.*&grid=.*&user=.*&endtime=2017-03-26+23%3A59%3A59&exclude-vo=unknown%7Cother&includeFailed=true&exclude-role=NONE&span=86400&role=.*&starttime=2017-03-19+00%3A00%3A00&exclude-facility=NONE&exclude-user=NONE&includeSuccess=true HTTP/1.0" 200 45591 "-" "Wget/1.12 (linux-gnu)"
192.170.227.196 - - [26/Mar/2017:04:45:17 +0000] "GET /gratia/bar_graphs/project_site_hours_bar?facility=.*&probe=uchicago.ci-connect.*&resource-type=BatchPilot&vo=.*&user=.*&endtime=2017-03-26+23%3A59%3A59&exclude-vo=Unknown%7Cunknown%7Cother&includeFailed=true&exclude-role=NONE&span=86400&role=.*&starttime=2017-03-19+00%3A00%3A00&exclude-facility=NONE%7CGeneric%7CObsolete&exclude-user=NONE&includeSuccess=true&exclude-projectname=unknown%7Cother HTTP/1.0" 200 62796 "-" "Wget/1.12 (linux-gnu)"
129.79.53.63 - - [26/Mar/2017:04:46:03 +0000] "GET //gratia HTTP/1.0" 301 334 "-" "Wget/1.11.4 Red Hat modified"
129.79.53.63 - - [26/Mar/2017:04:46:03 +0000] "GET /gratia/ HTTP/1.0" 200 17118 "-" "Wget/1.11.4 Red Hat modified"
129.79.53.126 - - [26/Mar/2017:05:00:01 +0000] "GET //gratia HTTP/1.1" 301 334 "-" "curl/7.19.7 (x86_64-redhat-linux-gnu) libcurl/7.19.7 NSS/3.18 Basic ECC zlib/1.2.3 libidn/1.18 libssh2/1.4.2"
129.79.53.48 - - [26/Mar/2017:05:00:01 +0000] "GET /gratia/xml HTTP/1.1" 200 23988 "-" "curl/7.19.7 (x86_64-redhat-linux-gnu) libcurl/7.19.7 NSS/3.19.1 Basic ECC zlib/1.2.3 libidn/1.18 libssh2/1.4.2"
128.138.133.19 - - [26/Mar/2017:05:00:01 +0000] "GET /gratia/bar_graphs/dn_hours_bar?facility=UColorado_HEP%7CUColorado_SE&title=&ylabel=Hours&starttime=2016-12-25%2022:00:01&endtime=2017-03-25%2023:00:01&legend=False&width=700&height=400&text_size=9&title_size=0&text_padding=3&figure_padding=50&group=resource_group HTTP/1.0" 200 55477 "-" "Wget/1.12 (linux-gnu)"
::1 - - [26/Mar/2017:05:00:01 +0000] "GET /gratia/ HTTP/1.0" 200 17118 "-" "Wget/1.12 (linux-gnu)"
66.249.91.127 - - [26/Mar/2017:04:59:52 +0000] "GET /gratia/csv/glidein_hours_bar_smry?span=2592000&relativetime=absolute&vo_set=%5Eligo%24&vo=ligo&starttime=2015-09-14+00%3A00%3A00 HTTP/1.1" 200 34985 "-" "Mozilla/5.0 (compatible; GoogleDocs; apps-spreadsheets; +http://docs.google.com)"
129.79.53.63 - - [26/Mar/2017:05:01:02 +0000] "GET //gratia HTTP/1.0" 301 334 "-" "Wget/1.11.4 Red Hat modified"
129.79.53.63 - - [26/Mar/2017:05:01:02 +0000] "GET /gratia/ HTTP/1.0" 200 17118 "-" "Wget/1.11.4 Red Hat modified"
192.170.227.199 - - [26/Mar/2017:05:10:01 +0000] "GET /gratia/bar_graphs/project_hours_bar?facility=.*&probe=atlas.ci-connect.*&resource-type=BatchPilot&vo=.*&grid=.*&user=.*&endtime=2017-03-26+23%3A59%3A59&exclude-vo=unknown%7Cother&includeFailed=true&exclude-role=NONE&span=86400&role=.*&starttime=2017-03-19+00%3A00%3A00&exclude-facility=NONE&exclude-user=NONE&includeSuccess=true HTTP/1.0" 200 43289 "-" "Wget/1.12 (linux-gnu)"
192.170.227.199 - - [26/Mar/2017:05:10:01 +0000] "GET /gratia/glidein_bar_graphs/glidein_dn_hours_bar?facility=.*&probe=atlas.ci-connect.*&resource-type=BatchPilot&vo=.*&grid=.*&user=.*&endtime=2017-03-26+23%3A59%3A59&exclude-vo=unknown%7Cother&includeFailed=true&exclude-role=NONE&span=86400&role=.*&starttime=2017-03-19+00%3A00%3A00&exclude-facility=NONE&exclude-user=NONE&includeSuccess=true HTTP/1.0" 200 47981 "-" "Wget/1.12 (linux-gnu)"
192.170.227.203 - - [26/Mar/2017:05:10:02 +0000] "GET /gratia/bar_graphs/project_hours_bar?facility=.*&probe=duke.ci-connect.*&resource-type=BatchPilot&vo=.*&grid=.*&user=.*&endtime=2017-03-26+23%3A59%3A59&exclude-vo=unknown%7Cother&includeFailed=true&exclude-role=NONE&span=86400&role=.*&starttime=2017-03-19+00%3A00%3A00&exclude-facility=NONE&exclude-user=NONE&includeSuccess=true HTTP/1.0" 200 40956 "-" "Wget/1.12 (linux-gnu)"
192.170.227.199 - - [26/Mar/2017:05:10:02 +0000] "GET /gratia/glidein_bar_graphs/glidein_exitcode_bar?facility=.*&probe=atlas.ci-connect.*&resource-type=BatchPilot&vo=.*&grid=.*&user=.*&endtime=2017-03-26+23%3A59%3A59&exclude-vo=unknown%7Cother&includeFailed=true&exclude-role=NONE&span=86400&role=.*&starttime=2017-03-19+00%3A00%3A00&exclude-facility=NONE&exclude-user=NONE&includeSuccess=true HTTP/1.0" 200 45258 "-" "Wget/1.12 (linux-gnu)"
192.170.227.203 - - [26/Mar/2017:05:10:02 +0000] "GET /gratia/glidein_bar_graphs/glidein_dn_hours_bar?facility=.*&probe=duke.ci-connect.*&resource-type=BatchPilot&vo=.*&grid=.*&user=.*&endtime=2017-03-26+23%3A59%3A59&exclude-vo=unknown%7Cother&includeFailed=true&exclude-role=NONE&span=86400&role=.*&starttime=2017-03-19+00%3A00%3A00&exclude-facility=NONE&exclude-user=NONE&includeSuccess=true HTTP/1.0" 200 41746 "-" "Wget/1.12 (linux-gnu)"
192.170.227.199 - - [26/Mar/2017:05:10:03 +0000] "GET /gratia/bar_graphs/project_site_hours_bar?facility=.*&probe=atlas.ci-connect.*&resource-type=BatchPilot&vo=.*&user=.*&endtime=2017-03-26+23%3A59%3A59&exclude-vo=Unknown%7Cunknown%7Cother&includeFailed=true&exclude-role=NONE&span=86400&role=.*&starttime=2017-03-19+00%3A00%3A00&exclude-facility=NONE%7CGeneric%7CObsolete&exclude-user=NONE&includeSuccess=true&exclude-projectname=unknown%7Cother HTTP/1.0" 200 67321 "-" "Wget/1.12 (linux-gnu)"
192.170.227.203 - - [26/Mar/2017:05:10:03 +0000] "GET /gratia/glidein_bar_graphs/glidein_exitcode_bar?facility=.*&probe=duke.ci-connect.*&resource-type=BatchPilot&vo=.*&grid=.*&user=.*&endtime=2017-03-26+23%3A59%3A59&exclude-vo=unknown%7Cother&includeFailed=true&exclude-role=NONE&span=86400&role=.*&starttime=2017-03-19+00%3A00%3A00&exclude-facility=NONE&exclude-user=NONE&includeSuccess=true HTTP/1.0" 200 46011 "-" "Wget/1.12 (linux-gnu)"
192.170.227.203 - - [26/Mar/2017:05:10:04 +0000] "GET /gratia/bar_graphs/project_site_hours_bar?facility=.*&probe=duke.ci-connect.*&resource-type=BatchPilot&vo=.*&user=.*&endtime=2017-03-26+23%3A59%3A59&exclude-vo=Unknown%7Cunknown%7Cother&includeFailed=true&exclude-role=NONE&span=86400&role=.*&starttime=2017-03-19+00%3A00%3A00&exclude-facility=NONE%7CGeneric%7CObsolete&exclude-user=NONE&includeSuccess=true&exclude-projectname=unknown%7Cother HTTP/1.0" 200 59275 "-" "Wget/1.12 (linux-gnu)"
180.76.15.34 - - [26/Mar/2017:05:13:58 +0000] "GET /gratia/?endtime=2010-01-25+23%3A59%3A59&starttime=2009-12-26+23%3A59%3A59&facility=%5EMyOSG%24 HTTP/1.1" 200 4791 "-" "Mozilla/5.0 (compatible; Baiduspider/2.0; +http://www.baidu.com/search/spider.html)"
129.79.53.48 - - [26/Mar/2017:05:15:01 +0000] "GET /gratia/xml HTTP/1.1" 200 23988 "-" "curl/7.19.7 (x86_64-redhat-linux-gnu) libcurl/7.19.7 NSS/3.19.1 Basic ECC zlib/1.2.3 libidn/1.18 libssh2/1.4.2"
::1 - - [26/Mar/2017:05:15:01 +0000] "GET /gratia/ HTTP/1.0" 200 17118 "-" "Wget/1.12 (linux-gnu)"
192.170.227.196 - - [26/Mar/2017:05:15:03 +0000] "GET /gratia/bar_graphs/project_hours_bar?facility=.*&probe=atlas.ci-connect.*&resource-type=BatchPilot&vo=.*&grid=.*&user=.*&endtime=2017-03-26+23%3A59%3A59&exclude-vo=unknown%7Cother&includeFailed=true&exclude-role=NONE&span=86400&role=.*&starttime=2017-03-19+00%3A00%3A00&exclude-facility=NONE&exclude-user=NONE&includeSuccess=true HTTP/1.0" 200 43289 "-" "Wget/1.12 (linux-gnu)"
192.170.227.196 - - [26/Mar/2017:05:15:04 +0000] "GET /gratia/glidein_bar_graphs/glidein_dn_hours_bar?facility=.*&probe=atlas.ci-connect.*&resource-type=BatchPilot&vo=.*&grid=.*&user=.*&endtime=2017-03-26+23%3A59%3A59&exclude-vo=unknown%7Cother&includeFailed=true&exclude-role=NONE&span=86400&role=.*&starttime=2017-03-19+00%3A00%3A00&exclude-facility=NONE&exclude-user=NONE&includeSuccess=true HTTP/1.0" 200 47981 "-" "Wget/1.12 (linux-gnu)"
192.170.227.196 - - [26/Mar/2017:05:15:04 +0000] "GET /gratia/glidein_bar_graphs/glidein_exitcode_bar?facility=.*&probe=atlas.ci-connect.*&resource-type=BatchPilot&vo=.*&grid=.*&user=.*&endtime=2017-03-26+23%3A59%3A59&exclude-vo=unknown%7Cother&includeFailed=true&exclude-role=NONE&span=86400&role=.*&starttime=2017-03-19+00%3A00%3A00&exclude-facility=NONE&exclude-user=NONE&includeSuccess=true HTTP/1.0" 200 45360 "-" "Wget/1.12 (linux-gnu)"
192.170.227.196 - - [26/Mar/2017:05:15:05 +0000] "GET /gratia/bar_graphs/project_site_hours_bar?facility=.*&probe=atlas.ci-connect.*&resource-type=BatchPilot&vo=.*&user=.*&endtime=2017-03-26+23%3A59%3A59&exclude-vo=Unknown%7Cunknown%7Cother&includeFailed=true&exclude-role=NONE&span=86400&role=.*&starttime=2017-03-19+00%3A00%3A00&exclude-facility=NONE%7CGeneric%7CObsolete&exclude-user=NONE&includeSuccess=true&exclude-projectname=unknown%7Cother HTTP/1.0" 200 67321 "-" "Wget/1.12 (linux-gnu)"
192.170.227.196 - - [26/Mar/2017:05:15:06 +0000] "GET /gratia/bar_graphs/project_hours_bar?facility=.*&probe=cms.ci-connect.*&resource-type=BatchPilot&vo=.*&grid=.*&user=.*&endtime=2017-03-26+23%3A59%3A59&exclude-vo=unknown%7Cother&includeFailed=true&exclude-role=NONE&span=86400&role=.*&starttime=2017-03-19+00%3A00%3A00&exclude-facility=NONE&exclude-user=NONE&includeSuccess=true HTTP/1.0" 200 16611 "-" "Wget/1.12 (linux-gnu)"
192.170.227.196 - - [26/Mar/2017:05:15:06 +0000] "GET /gratia/glidein_bar_graphs/glidein_dn_hours_bar?facility=.*&probe=cms.ci-connect.*&resource-type=BatchPilot&vo=.*&grid=.*&user=.*&endtime=2017-03-26+23%3A59%3A59&exclude-vo=unknown%7Cother&includeFailed=true&exclude-role=NONE&span=86400&role=.*&starttime=2017-03-19+00%3A00%3A00&exclude-facility=NONE&exclude-user=NONE&includeSuccess=true HTTP/1.0" 200 16611 "-" "Wget/1.12 (linux-gnu)"
192.170.227.196 - - [26/Mar/2017:05:15:06 +0000] "GET /gratia/glidein_bar_graphs/glidein_exitcode_bar?facility=.*&probe=cms.ci-connect.*&resource-type=BatchPilot&vo=.*&grid=.*&user=.*&endtime=2017-03-26+23%3A59%3A59&exclude-vo=unknown%7Cother&includeFailed=true&exclude-role=NONE&span=86400&role=.*&starttime=2017-03-19+00%3A00%3A00&exclude-facility=NONE&exclude-user=NONE&includeSuccess=true HTTP/1.0" 200 16611 "-" "Wget/1.12 (linux-gnu)"
192.170.227.196 - - [26/Mar/2017:05:15:07 +0000] "GET /gratia/bar_graphs/project_site_hours_bar?facility=.*&probe=cms.ci-connect.*&resource-type=BatchPilot&vo=.*&user=.*&endtime=2017-03-26+23%3A59%3A59&exclude-vo=Unknown%7Cunknown%7Cother&includeFailed=true&exclude-role=NONE&span=86400&role=.*&starttime=2017-03-19+00%3A00%3A00&exclude-facility=NONE%7CGeneric%7CObsolete&exclude-user=NONE&includeSuccess=true&exclude-projectname=unknown%7Cother HTTP/1.0" 200 16611 "-" "Wget/1.12 (linux-gnu)"
192.170.227.196 - - [26/Mar/2017:05:15:08 +0000] "GET /gratia/bar_graphs/project_hours_bar?facility=.*&probe=duke.ci-connect.*&resource-type=BatchPilot&vo=.*&grid=.*&user=.*&endtime=2017-03-26+23%3A59%3A59&exclude-vo=unknown%7Cother&includeFailed=true&exclude-role=NONE&span=86400&role=.*&starttime=2017-03-19+00%3A00%3A00&exclude-facility=NONE&exclude-user=NONE&includeSuccess=true HTTP/1.0" 200 41349 "-" "Wget/1.12 (linux-gnu)"
192.170.227.196 - - [26/Mar/2017:05:15:08 +0000] "GET /gratia/glidein_bar_graphs/glidein_dn_hours_bar?facility=.*&probe=duke.ci-connect.*&resource-type=BatchPilot&vo=.*&grid=.*&user=.*&endtime=2017-03-26+23%3A59%3A59&exclude-vo=unknown%7Cother&includeFailed=true&exclude-role=NONE&span=86400&role=.*&starttime=2017-03-19+00%3A00%3A00&exclude-facility=NONE&exclude-user=NONE&includeSuccess=true HTTP/1.0" 200 42139 "-" "Wget/1.12 (linux-gnu)"
192.170.227.196 - - [26/Mar/2017:05:15:09 +0000] "GET /gratia/glidein_bar_graphs/glidein_exitcode_bar?facility=.*&probe=duke.ci-connect.*&resource-type=BatchPilot&vo=.*&grid=.*&user=.*&endtime=2017-03-26+23%3A59%3A59&exclude-vo=unknown%7Cother&includeFailed=true&exclude-role=NONE&span=86400&role=.*&starttime=2017-03-19+00%3A00%3A00&exclude-facility=NONE&exclude-user=NONE&includeSuccess=true HTTP/1.0" 200 46224 "-" "Wget/1.12 (linux-gnu)"
192.170.227.196 - - [26/Mar/2017:05:15:09 +0000] "GET /gratia/bar_graphs/project_site_hours_bar?facility=.*&probe=duke.ci-connect.*&resource-type=BatchPilot&vo=.*&user=.*&endtime=2017-03-26+23%3A59%3A59&exclude-vo=Unknown%7Cunknown%7Cother&includeFailed=true&exclude-role=NONE&span=86400&role=.*&starttime=2017-03-19+00%3A00%3A00&exclude-facility=NONE%7CGeneric%7CObsolete&exclude-user=NONE&includeSuccess=true&exclude-projectname=unknown%7Cother HTTP/1.0" 200 59940 "-" "Wget/1.12 (linux-gnu)"
192.170.227.196 - - [26/Mar/2017:05:15:10 +0000] "GET /gratia/bar_graphs/project_hours_bar?facility=.*&probe=osgconnect.*&resource-type=BatchPilot&vo=.*&grid=.*&user=.*&endtime=2017-03-26+23%3A59%3A59&exclude-vo=unknown%7Cother&includeFailed=true&exclude-role=NONE&span=86400&role=.*&starttime=2017-03-19+00%3A00%3A00&exclude-facility=NONE&exclude-user=NONE&includeSuccess=true HTTP/1.0" 200 58600 "-" "Wget/1.12 (linux-gnu)"
192.170.227.196 - - [26/Mar/2017:05:15:11 +0000] "GET /gratia/glidein_bar_graphs/glidein_dn_hours_bar?facility=.*&probe=osgconnect.*&resource-type=BatchPilot&vo=.*&grid=.*&user=.*&endtime=2017-03-26+23%3A59%3A59&exclude-vo=unknown%7Cother&includeFailed=true&exclude-role=NONE&span=86400&role=.*&starttime=2017-03-19+00%3A00%3A00&exclude-facility=NONE&exclude-user=NONE&includeSuccess=true HTTP/1.0" 200 58560 "-" "Wget/1.12 (linux-gnu)"
192.170.227.196 - - [26/Mar/2017:05:15:12 +0000] "GET /gratia/glidein_bar_graphs/glidein_exitcode_bar?facility=.*&probe=osgconnect.*&resource-type=BatchPilot&vo=.*&grid=.*&user=.*&endtime=2017-03-26+23%3A59%3A59&exclude-vo=unknown%7Cother&includeFailed=true&exclude-role=NONE&span=86400&role=.*&starttime=2017-03-19+00%3A00%3A00&exclude-facility=NONE&exclude-user=NONE&includeSuccess=true HTTP/1.0" 200 49066 "-" "Wget/1.12 (linux-gnu)"
192.170.227.196 - - [26/Mar/2017:05:15:12 +0000] "GET /gratia/bar_graphs/project_site_hours_bar?facility=.*&probe=osgconnect.*&resource-type=BatchPilot&vo=.*&user=.*&endtime=2017-03-26+23%3A59%3A59&exclude-vo=Unknown%7Cunknown%7Cother&includeFailed=true&exclude-role=NONE&span=86400&role=.*&starttime=2017-03-19+00%3A00%3A00&exclude-facility=NONE%7CGeneric%7CObsolete&exclude-user=NONE&includeSuccess=true&exclude-projectname=unknown%7Cother HTTP/1.0" 200 74717 "-" "Wget/1.12 (linux-gnu)"
192.170.227.196 - - [26/Mar/2017:05:15:14 +0000] "GET /gratia/bar_graphs/project_hours_bar?facility=.*&probe=umich.ci-connect.*&resource-type=BatchPilot&vo=.*&grid=.*&user=.*&endtime=2017-03-26+23%3A59%3A59&exclude-vo=unknown%7Cother&includeFailed=true&exclude-role=NONE&span=86400&role=.*&starttime=2017-03-19+00%3A00%3A00&exclude-facility=NONE&exclude-user=NONE&includeSuccess=true HTTP/1.0" 200 16611 "-" "Wget/1.12 (linux-gnu)"
192.170.227.196 - - [26/Mar/2017:05:15:14 +0000] "GET /gratia/glidein_bar_graphs/glidein_dn_hours_bar?facility=.*&probe=umich.ci-connect.*&resource-type=BatchPilot&vo=.*&grid=.*&user=.*&endtime=2017-03-26+23%3A59%3A59&exclude-vo=unknown%7Cother&includeFailed=true&exclude-role=NONE&span=86400&role=.*&starttime=2017-03-19+00%3A00%3A00&exclude-facility=NONE&exclude-user=NONE&includeSuccess=true HTTP/1.0" 200 16611 "-" "Wget/1.12 (linux-gnu)"
192.170.227.196 - - [26/Mar/2017:05:15:14 +0000] "GET /gratia/glidein_bar_graphs/glidein_exitcode_bar?facility=.*&probe=umich.ci-connect.*&resource-type=BatchPilot&vo=.*&grid=.*&user=.*&endtime=2017-03-26+23%3A59%3A59&exclude-vo=unknown%7Cother&includeFailed=true&exclude-role=NONE&span=86400&role=.*&starttime=2017-03-19+00%3A00%3A00&exclude-facility=NONE&exclude-user=NONE&includeSuccess=true HTTP/1.0" 200 16611 "-" "Wget/1.12 (linux-gnu)"
192.170.227.196 - - [26/Mar/2017:05:15:15 +0000] "GET /gratia/bar_graphs/project_site_hours_bar?facility=.*&probe=umich.ci-connect.*&resource-type=BatchPilot&vo=.*&user=.*&endtime=2017-03-26+23%3A59%3A59&exclude-vo=Unknown%7Cunknown%7Cother&includeFailed=true&exclude-role=NONE&span=86400&role=.*&starttime=2017-03-19+00%3A00%3A00&exclude-facility=NONE%7CGeneric%7CObsolete&exclude-user=NONE&includeSuccess=true&exclude-projectname=unknown%7Cother HTTP/1.0" 200 16611 "-" "Wget/1.12 (linux-gnu)"
192.170.227.196 - - [26/Mar/2017:05:15:15 +0000] "GET /gratia/bar_graphs/project_hours_bar?facility=.*&probe=uchicago.ci-connect.*&resource-type=BatchPilot&vo=.*&grid=.*&user=.*&endtime=2017-03-26+23%3A59%3A59&exclude-vo=unknown%7Cother&includeFailed=true&exclude-role=NONE&span=86400&role=.*&starttime=2017-03-19+00%3A00%3A00&exclude-facility=NONE&exclude-user=NONE&includeSuccess=true HTTP/1.0" 200 44349 "-" "Wget/1.12 (linux-gnu)"
192.170.227.196 - - [26/Mar/2017:05:15:16 +0000] "GET /gratia/glidein_bar_graphs/glidein_dn_hours_bar?facility=.*&probe=uchicago.ci-connect.*&resource-type=BatchPilot&vo=.*&grid=.*&user=.*&endtime=2017-03-26+23%3A59%3A59&exclude-vo=unknown%7Cother&includeFailed=true&exclude-role=NONE&span=86400&role=.*&starttime=2017-03-19+00%3A00%3A00&exclude-facility=NONE&exclude-user=NONE&includeSuccess=true HTTP/1.0" 200 44155 "-" "Wget/1.12 (linux-gnu)"
192.170.227.196 - - [26/Mar/2017:05:15:16 +0000] "GET /gratia/glidein_bar_graphs/glidein_exitcode_bar?facility=.*&probe=uchicago.ci-connect.*&resource-type=BatchPilot&vo=.*&grid=.*&user=.*&endtime=2017-03-26+23%3A59%3A59&exclude-vo=unknown%7Cother&includeFailed=true&exclude-role=NONE&span=86400&role=.*&starttime=2017-03-19+00%3A00%3A00&exclude-facility=NONE&exclude-user=NONE&includeSuccess=true HTTP/1.0" 200 45623 "-" "Wget/1.12 (linux-gnu)"
192.170.227.196 - - [26/Mar/2017:05:15:17 +0000] "GET /gratia/bar_graphs/project_site_hours_bar?facility=.*&probe=uchicago.ci-connect.*&resource-type=BatchPilot&vo=.*&user=.*&endtime=2017-03-26+23%3A59%3A59&exclude-vo=Unknown%7Cunknown%7Cother&includeFailed=true&exclude-role=NONE&span=86400&role=.*&starttime=2017-03-19+00%3A00%3A00&exclude-facility=NONE%7CGeneric%7CObsolete&exclude-user=NONE&includeSuccess=true&exclude-projectname=unknown%7Cother HTTP/1.0" 200 62630 "-" "Wget/1.12 (linux-gnu)"
129.79.53.63 - - [26/Mar/2017:05:16:02 +0000] "GET //gratia HTTP/1.0" 301 334 "-" "Wget/1.11.4 Red Hat modified"
129.79.53.63 - - [26/Mar/2017:05:16:02 +0000] "GET /gratia/ HTTP/1.0" 200 17118 "-" "Wget/1.11.4 Red Hat modified"
129.79.53.126 - - [26/Mar/2017:05:30:01 +0000] "GET //gratia HTTP/1.1" 301 334 "-" "curl/7.19.7 (x86_64-redhat-linux-gnu) libcurl/7.19.7 NSS/3.18 Basic ECC zlib/1.2.3 libidn/1.18 libssh2/1.4.2"
129.79.53.48 - - [26/Mar/2017:05:30:01 +0000] "GET /gratia/xml HTTP/1.1" 200 23988 "-" "curl/7.19.7 (x86_64-redhat-linux-gnu) libcurl/7.19.7 NSS/3.19.1 Basic ECC zlib/1.2.3 libidn/1.18 libssh2/1.4.2"
128.138.133.19 - - [26/Mar/2017:05:30:02 +0000] "GET /gratia/bar_graphs/dn_hours_bar?facility=UColorado_HEP%7CUColorado_SE&title=&ylabel=Hours&starttime=2016-12-25%2022:30:02&endtime=2017-03-25%2023:30:02&legend=False&width=700&height=400&text_size=9&title_size=0&text_padding=3&figure_padding=50&group=resource_group HTTP/1.0" 200 55477 "-" "Wget/1.12 (linux-gnu)"
::1 - - [26/Mar/2017:05:30:01 +0000] "GET /gratia/ HTTP/1.0" 200 17118 "-" "Wget/1.12 (linux-gnu)"
66.249.91.125 - - [26/Mar/2017:05:29:52 +0000] "GET /gratia/csv/glidein_hours_bar_smry?span=2592000&relativetime=absolute&vo_set=%5Eligo%24&vo=ligo&starttime=2015-09-14+00%3A00%3A00 HTTP/1.1" 200 34990 "-" "Mozilla/5.0 (compatible; GoogleDocs; apps-spreadsheets; +http://docs.google.com)"
129.79.53.63 - - [26/Mar/2017:05:31:02 +0000] "GET //gratia HTTP/1.0" 301 334 "-" "Wget/1.11.4 Red Hat modified"
129.79.53.63 - - [26/Mar/2017:05:31:02 +0000] "GET /gratia/ HTTP/1.0" 200 17118 "-" "Wget/1.11.4 Red Hat modified"
129.79.53.48 - - [26/Mar/2017:05:45:02 +0000] "GET /gratia/xml HTTP/1.1" 200 23988 "-" "curl/7.19.7 (x86_64-redhat-linux-gnu) libcurl/7.19.7 NSS/3.19.1 Basic ECC zlib/1.2.3 libidn/1.18 libssh2/1.4.2"
::1 - - [26/Mar/2017:05:45:02 +0000] "GET /gratia/ HTTP/1.0" 200 17118 "-" "Wget/1.12 (linux-gnu)"
192.170.227.196 - - [26/Mar/2017:05:45:04 +0000] "GET /gratia/bar_graphs/project_hours_bar?facility=.*&probe=atlas.ci-connect.*&resource-type=BatchPilot&vo=.*&grid=.*&user=.*&endtime=2017-03-26+23%3A59%3A59&exclude-vo=unknown%7Cother&includeFailed=true&exclude-role=NONE&span=86400&role=.*&starttime=2017-03-19+00%3A00%3A00&exclude-facility=NONE&exclude-user=NONE&includeSuccess=true HTTP/1.0" 200 43289 "-" "Wget/1.12 (linux-gnu)"
192.170.227.196 - - [26/Mar/2017:05:45:05 +0000] "GET /gratia/glidein_bar_graphs/glidein_dn_hours_bar?facility=.*&probe=atlas.ci-connect.*&resource-type=BatchPilot&vo=.*&grid=.*&user=.*&endtime=2017-03-26+23%3A59%3A59&exclude-vo=unknown%7Cother&includeFailed=true&exclude-role=NONE&span=86400&role=.*&starttime=2017-03-19+00%3A00%3A00&exclude-facility=NONE&exclude-user=NONE&includeSuccess=true HTTP/1.0" 200 47981 "-" "Wget/1.12 (linux-gnu)"
192.170.227.196 - - [26/Mar/2017:05:45:05 +0000] "GET /gratia/glidein_bar_graphs/glidein_exitcode_bar?facility=.*&probe=atlas.ci-connect.*&resource-type=BatchPilot&vo=.*&grid=.*&user=.*&endtime=2017-03-26+23%3A59%3A59&exclude-vo=unknown%7Cother&includeFailed=true&exclude-role=NONE&span=86400&role=.*&starttime=2017-03-19+00%3A00%3A00&exclude-facility=NONE&exclude-user=NONE&includeSuccess=true HTTP/1.0" 200 45360 "-" "Wget/1.12 (linux-gnu)"
192.170.227.196 - - [26/Mar/2017:05:45:06 +0000] "GET /gratia/bar_graphs/project_site_hours_bar?facility=.*&probe=atlas.ci-connect.*&resource-type=BatchPilot&vo=.*&user=.*&endtime=2017-03-26+23%3A59%3A59&exclude-vo=Unknown%7Cunknown%7Cother&includeFailed=true&exclude-role=NONE&span=86400&role=.*&starttime=2017-03-19+00%3A00%3A00&exclude-facility=NONE%7CGeneric%7CObsolete&exclude-user=NONE&includeSuccess=true&exclude-projectname=unknown%7Cother HTTP/1.0" 200 67321 "-" "Wget/1.12 (linux-gnu)"
192.170.227.196 - - [26/Mar/2017:05:45:07 +0000] "GET /gratia/bar_graphs/project_hours_bar?facility=.*&probe=cms.ci-connect.*&resource-type=BatchPilot&vo=.*&grid=.*&user=.*&endtime=2017-03-26+23%3A59%3A59&exclude-vo=unknown%7Cother&includeFailed=true&exclude-role=NONE&span=86400&role=.*&starttime=2017-03-19+00%3A00%3A00&exclude-facility=NONE&exclude-user=NONE&includeSuccess=true HTTP/1.0" 200 16611 "-" "Wget/1.12 (linux-gnu)"
192.170.227.196 - - [26/Mar/2017:05:45:07 +0000] "GET /gratia/glidein_bar_graphs/glidein_dn_hours_bar?facility=.*&probe=cms.ci-connect.*&resource-type=BatchPilot&vo=.*&grid=.*&user=.*&endtime=2017-03-26+23%3A59%3A59&exclude-vo=unknown%7Cother&includeFailed=true&exclude-role=NONE&span=86400&role=.*&starttime=2017-03-19+00%3A00%3A00&exclude-facility=NONE&exclude-user=NONE&includeSuccess=true HTTP/1.0" 200 16611 "-" "Wget/1.12 (linux-gnu)"
192.170.227.196 - - [26/Mar/2017:05:45:07 +0000] "GET /gratia/glidein_bar_graphs/glidein_exitcode_bar?facility=.*&probe=cms.ci-connect.*&resource-type=BatchPilot&vo=.*&grid=.*&user=.*&endtime=2017-03-26+23%3A59%3A59&exclude-vo=unknown%7Cother&includeFailed=true&exclude-role=NONE&span=86400&role=.*&starttime=2017-03-19+00%3A00%3A00&exclude-facility=NONE&exclude-user=NONE&includeSuccess=true HTTP/1.0" 200 16611 "-" "Wget/1.12 (linux-gnu)"
192.170.227.196 - - [26/Mar/2017:05:45:08 +0000] "GET /gratia/bar_graphs/project_site_hours_bar?facility=.*&probe=cms.ci-connect.*&resource-type=BatchPilot&vo=.*&user=.*&endtime=2017-03-26+23%3A59%3A59&exclude-vo=Unknown%7Cunknown%7Cother&includeFailed=true&exclude-role=NONE&span=86400&role=.*&starttime=2017-03-19+00%3A00%3A00&exclude-facility=NONE%7CGeneric%7CObsolete&exclude-user=NONE&includeSuccess=true&exclude-projectname=unknown%7Cother HTTP/1.0" 200 16611 "-" "Wget/1.12 (linux-gnu)"
192.170.227.196 - - [26/Mar/2017:05:45:08 +0000] "GET /gratia/bar_graphs/project_hours_bar?facility=.*&probe=duke.ci-connect.*&resource-type=BatchPilot&vo=.*&grid=.*&user=.*&endtime=2017-03-26+23%3A59%3A59&exclude-vo=unknown%7Cother&includeFailed=true&exclude-role=NONE&span=86400&role=.*&starttime=2017-03-19+00%3A00%3A00&exclude-facility=NONE&exclude-user=NONE&includeSuccess=true HTTP/1.0" 200 41358 "-" "Wget/1.12 (linux-gnu)"
192.170.227.196 - - [26/Mar/2017:05:45:09 +0000] "GET /gratia/glidein_bar_graphs/glidein_dn_hours_bar?facility=.*&probe=duke.ci-connect.*&resource-type=BatchPilot&vo=.*&grid=.*&user=.*&endtime=2017-03-26+23%3A59%3A59&exclude-vo=unknown%7Cother&includeFailed=true&exclude-role=NONE&span=86400&role=.*&starttime=2017-03-19+00%3A00%3A00&exclude-facility=NONE&exclude-user=NONE&includeSuccess=true HTTP/1.0" 200 42148 "-" "Wget/1.12 (linux-gnu)"
192.170.227.196 - - [26/Mar/2017:05:45:09 +0000] "GET /gratia/glidein_bar_graphs/glidein_exitcode_bar?facility=.*&probe=duke.ci-connect.*&resource-type=BatchPilot&vo=.*&grid=.*&user=.*&endtime=2017-03-26+23%3A59%3A59&exclude-vo=unknown%7Cother&includeFailed=true&exclude-role=NONE&span=86400&role=.*&starttime=2017-03-19+00%3A00%3A00&exclude-facility=NONE&exclude-user=NONE&includeSuccess=true HTTP/1.0" 200 46231 "-" "Wget/1.12 (linux-gnu)"
192.170.227.196 - - [26/Mar/2017:05:45:10 +0000] "GET /gratia/bar_graphs/project_site_hours_bar?facility=.*&probe=duke.ci-connect.*&resource-type=BatchPilot&vo=.*&user=.*&endtime=2017-03-26+23%3A59%3A59&exclude-vo=Unknown%7Cunknown%7Cother&includeFailed=true&exclude-role=NONE&span=86400&role=.*&starttime=2017-03-19+00%3A00%3A00&exclude-facility=NONE%7CGeneric%7CObsolete&exclude-user=NONE&includeSuccess=true&exclude-projectname=unknown%7Cother HTTP/1.0" 200 59947 "-" "Wget/1.12 (linux-gnu)"
192.170.227.196 - - [26/Mar/2017:05:45:10 +0000] "GET /gratia/bar_graphs/project_hours_bar?facility=.*&probe=osgconnect.*&resource-type=BatchPilot&vo=.*&grid=.*&user=.*&endtime=2017-03-26+23%3A59%3A59&exclude-vo=unknown%7Cother&includeFailed=true&exclude-role=NONE&span=86400&role=.*&starttime=2017-03-19+00%3A00%3A00&exclude-facility=NONE&exclude-user=NONE&includeSuccess=true HTTP/1.0" 200 58304 "-" "Wget/1.12 (linux-gnu)"
192.170.227.196 - - [26/Mar/2017:05:45:11 +0000] "GET /gratia/glidein_bar_graphs/glidein_dn_hours_bar?facility=.*&probe=osgconnect.*&resource-type=BatchPilot&vo=.*&grid=.*&user=.*&endtime=2017-03-26+23%3A59%3A59&exclude-vo=unknown%7Cother&includeFailed=true&exclude-role=NONE&span=86400&role=.*&starttime=2017-03-19+00%3A00%3A00&exclude-facility=NONE&exclude-user=NONE&includeSuccess=true HTTP/1.0" 200 58273 "-" "Wget/1.12 (linux-gnu)"
192.170.227.196 - - [26/Mar/2017:05:45:12 +0000] "GET /gratia/glidein_bar_graphs/glidein_exitcode_bar?facility=.*&probe=osgconnect.*&resource-type=BatchPilot&vo=.*&grid=.*&user=.*&endtime=2017-03-26+23%3A59%3A59&exclude-vo=unknown%7Cother&includeFailed=true&exclude-role=NONE&span=86400&role=.*&starttime=2017-03-19+00%3A00%3A00&exclude-facility=NONE&exclude-user=NONE&includeSuccess=true HTTP/1.0" 200 49085 "-" "Wget/1.12 (linux-gnu)"
192.170.227.196 - - [26/Mar/2017:05:45:13 +0000] "GET /gratia/bar_graphs/project_site_hours_bar?facility=.*&probe=osgconnect.*&resource-type=BatchPilot&vo=.*&user=.*&endtime=2017-03-26+23%3A59%3A59&exclude-vo=Unknown%7Cunknown%7Cother&includeFailed=true&exclude-role=NONE&span=86400&role=.*&starttime=2017-03-19+00%3A00%3A00&exclude-facility=NONE%7CGeneric%7CObsolete&exclude-user=NONE&includeSuccess=true&exclude-projectname=unknown%7Cother HTTP/1.0" 200 74388 "-" "Wget/1.12 (linux-gnu)"
192.170.227.196 - - [26/Mar/2017:05:45:14 +0000] "GET /gratia/bar_graphs/project_hours_bar?facility=.*&probe=umich.ci-connect.*&resource-type=BatchPilot&vo=.*&grid=.*&user=.*&endtime=2017-03-26+23%3A59%3A59&exclude-vo=unknown%7Cother&includeFailed=true&exclude-role=NONE&span=86400&role=.*&starttime=2017-03-19+00%3A00%3A00&exclude-facility=NONE&exclude-user=NONE&includeSuccess=true HTTP/1.0" 200 16611 "-" "Wget/1.12 (linux-gnu)"
192.170.227.196 - - [26/Mar/2017:05:45:14 +0000] "GET /gratia/glidein_bar_graphs/glidein_dn_hours_bar?facility=.*&probe=umich.ci-connect.*&resource-type=BatchPilot&vo=.*&grid=.*&user=.*&endtime=2017-03-26+23%3A59%3A59&exclude-vo=unknown%7Cother&includeFailed=true&exclude-role=NONE&span=86400&role=.*&starttime=2017-03-19+00%3A00%3A00&exclude-facility=NONE&exclude-user=NONE&includeSuccess=true HTTP/1.0" 200 16611 "-" "Wget/1.12 (linux-gnu)"
192.170.227.196 - - [26/Mar/2017:05:45:15 +0000] "GET /gratia/glidein_bar_graphs/glidein_exitcode_bar?facility=.*&probe=umich.ci-connect.*&resource-type=BatchPilot&vo=.*&grid=.*&user=.*&endtime=2017-03-26+23%3A59%3A59&exclude-vo=unknown%7Cother&includeFailed=true&exclude-role=NONE&span=86400&role=.*&starttime=2017-03-19+00%3A00%3A00&exclude-facility=NONE&exclude-user=NONE&includeSuccess=true HTTP/1.0" 200 16611 "-" "Wget/1.12 (linux-gnu)"
192.170.227.196 - - [26/Mar/2017:05:45:15 +0000] "GET /gratia/bar_graphs/project_site_hours_bar?facility=.*&probe=umich.ci-connect.*&resource-type=BatchPilot&vo=.*&user=.*&endtime=2017-03-26+23%3A59%3A59&exclude-vo=Unknown%7Cunknown%7Cother&includeFailed=true&exclude-role=NONE&span=86400&role=.*&starttime=2017-03-19+00%3A00%3A00&exclude-facility=NONE%7CGeneric%7CObsolete&exclude-user=NONE&includeSuccess=true&exclude-projectname=unknown%7Cother HTTP/1.0" 200 16611 "-" "Wget/1.12 (linux-gnu)"
192.170.227.196 - - [26/Mar/2017:05:45:15 +0000] "GET /gratia/bar_graphs/project_hours_bar?facility=.*&probe=uchicago.ci-connect.*&resource-type=BatchPilot&vo=.*&grid=.*&user=.*&endtime=2017-03-26+23%3A59%3A59&exclude-vo=unknown%7Cother&includeFailed=true&exclude-role=NONE&span=86400&role=.*&starttime=2017-03-19+00%3A00%3A00&exclude-facility=NONE&exclude-user=NONE&includeSuccess=true HTTP/1.0" 200 44208 "-" "Wget/1.12 (linux-gnu)"
192.170.227.196 - - [26/Mar/2017:05:45:16 +0000] "GET /gratia/glidein_bar_graphs/glidein_dn_hours_bar?facility=.*&probe=uchicago.ci-connect.*&resource-type=BatchPilot&vo=.*&grid=.*&user=.*&endtime=2017-03-26+23%3A59%3A59&exclude-vo=unknown%7Cother&includeFailed=true&exclude-role=NONE&span=86400&role=.*&starttime=2017-03-19+00%3A00%3A00&exclude-facility=NONE&exclude-user=NONE&includeSuccess=true HTTP/1.0" 200 44014 "-" "Wget/1.12 (linux-gnu)"
192.170.227.196 - - [26/Mar/2017:05:45:16 +0000] "GET /gratia/glidein_bar_graphs/glidein_exitcode_bar?facility=.*&probe=uchicago.ci-connect.*&resource-type=BatchPilot&vo=.*&grid=.*&user=.*&endtime=2017-03-26+23%3A59%3A59&exclude-vo=unknown%7Cother&includeFailed=true&exclude-role=NONE&span=86400&role=.*&starttime=2017-03-19+00%3A00%3A00&exclude-facility=NONE&exclude-user=NONE&includeSuccess=true HTTP/1.0" 200 45384 "-" "Wget/1.12 (linux-gnu)"
192.170.227.196 - - [26/Mar/2017:05:45:17 +0000] "GET /gratia/bar_graphs/project_site_hours_bar?facility=.*&probe=uchicago.ci-connect.*&resource-type=BatchPilot&vo=.*&user=.*&endtime=2017-03-26+23%3A59%3A59&exclude-vo=Unknown%7Cunknown%7Cother&includeFailed=true&exclude-role=NONE&span=86400&role=.*&starttime=2017-03-19+00%3A00%3A00&exclude-facility=NONE%7CGeneric%7CObsolete&exclude-user=NONE&includeSuccess=true&exclude-projectname=unknown%7Cother HTTP/1.0" 200 62476 "-" "Wget/1.12 (linux-gnu)"
129.79.53.63 - - [26/Mar/2017:05:46:03 +0000] "GET //gratia HTTP/1.0" 301 334 "-" "Wget/1.11.4 Red Hat modified"
129.79.53.63 - - [26/Mar/2017:05:46:03 +0000] "GET /gratia/ HTTP/1.0" 200 17118 "-" "Wget/1.11.4 Red Hat modified"
129.79.53.126 - - [26/Mar/2017:06:00:01 +0000] "GET //gratia HTTP/1.1" 301 334 "-" "curl/7.19.7 (x86_64-redhat-linux-gnu) libcurl/7.19.7 NSS/3.18 Basic ECC zlib/1.2.3 libidn/1.18 libssh2/1.4.2"
129.79.53.48 - - [26/Mar/2017:06:00:01 +0000] "GET /gratia/xml HTTP/1.1" 200 23988 "-" "curl/7.19.7 (x86_64-redhat-linux-gnu) libcurl/7.19.7 NSS/3.19.1 Basic ECC zlib/1.2.3 libidn/1.18 libssh2/1.4.2"
192.170.227.196 - - [26/Mar/2017:06:00:02 +0000] "GET /gratia/bar_graphs/project_hours_bar?facility=.*&probe=atlas.ci-connect.*&resource-type=BatchPilot&vo=.*&grid=.*&user=.*&endtime=2017-03-26+23%3A59%3A59&exclude-vo=unknown%7Cother&includeFailed=true&exclude-role=NONE&span=86400&role=.*&starttime=2017-03-19+00%3A00%3A00&exclude-facility=NONE&exclude-user=NONE&includeSuccess=true HTTP/1.0" 200 43289 "-" "Wget/1.12 (linux-gnu)"
192.170.227.196 - - [26/Mar/2017:06:00:02 +0000] "GET /gratia/glidein_bar_graphs/glidein_dn_hours_bar?facility=.*&probe=atlas.ci-connect.*&resource-type=BatchPilot&vo=.*&grid=.*&user=.*&endtime=2017-03-26+23%3A59%3A59&exclude-vo=unknown%7Cother&includeFailed=true&exclude-role=NONE&span=86400&role=.*&starttime=2017-03-19+00%3A00%3A00&exclude-facility=NONE&exclude-user=NONE&includeSuccess=true HTTP/1.0" 200 47981 "-" "Wget/1.12 (linux-gnu)"
192.170.227.196 - - [26/Mar/2017:06:00:03 +0000] "GET /gratia/glidein_bar_graphs/glidein_exitcode_bar?facility=.*&probe=atlas.ci-connect.*&resource-type=BatchPilot&vo=.*&grid=.*&user=.*&endtime=2017-03-26+23%3A59%3A59&exclude-vo=unknown%7Cother&includeFailed=true&exclude-role=NONE&span=86400&role=.*&starttime=2017-03-19+00%3A00%3A00&exclude-facility=NONE&exclude-user=NONE&includeSuccess=true HTTP/1.0" 200 45360 "-" "Wget/1.12 (linux-gnu)"
192.170.227.196 - - [26/Mar/2017:06:00:04 +0000] "GET /gratia/bar_graphs/project_site_hours_bar?facility=.*&probe=atlas.ci-connect.*&resource-type=BatchPilot&vo=.*&user=.*&endtime=2017-03-26+23%3A59%3A59&exclude-vo=Unknown%7Cunknown%7Cother&includeFailed=true&exclude-role=NONE&span=86400&role=.*&starttime=2017-03-19+00%3A00%3A00&exclude-facility=NONE%7CGeneric%7CObsolete&exclude-user=NONE&includeSuccess=true&exclude-projectname=unknown%7Cother HTTP/1.0" 200 67321 "-" "Wget/1.12 (linux-gnu)"
192.170.227.196 - - [26/Mar/2017:06:00:04 +0000] "GET /gratia/bar_graphs/project_hours_bar?facility=.*&probe=cms.ci-connect.*&resource-type=BatchPilot&vo=.*&grid=.*&user=.*&endtime=2017-03-26+23%3A59%3A59&exclude-vo=unknown%7Cother&includeFailed=true&exclude-role=NONE&span=86400&role=.*&starttime=2017-03-19+00%3A00%3A00&exclude-facility=NONE&exclude-user=NONE&includeSuccess=true HTTP/1.0" 200 16611 "-" "Wget/1.12 (linux-gnu)"
192.170.227.196 - - [26/Mar/2017:06:00:05 +0000] "GET /gratia/glidein_bar_graphs/glidein_dn_hours_bar?facility=.*&probe=cms.ci-connect.*&resource-type=BatchPilot&vo=.*&grid=.*&user=.*&endtime=2017-03-26+23%3A59%3A59&exclude-vo=unknown%7Cother&includeFailed=true&exclude-role=NONE&span=86400&role=.*&starttime=2017-03-19+00%3A00%3A00&exclude-facility=NONE&exclude-user=NONE&includeSuccess=true HTTP/1.0" 200 16611 "-" "Wget/1.12 (linux-gnu)"
::1 - - [26/Mar/2017:06:00:01 +0000] "GET /gratia/ HTTP/1.0" 200 17118 "-" "Wget/1.12 (linux-gnu)"
192.170.227.196 - - [26/Mar/2017:06:00:05 +0000] "GET /gratia/glidein_bar_graphs/glidein_exitcode_bar?facility=.*&probe=cms.ci-connect.*&resource-type=BatchPilot&vo=.*&grid=.*&user=.*&endtime=2017-03-26+23%3A59%3A59&exclude-vo=unknown%7Cother&includeFailed=true&exclude-role=NONE&span=86400&role=.*&starttime=2017-03-19+00%3A00%3A00&exclude-facility=NONE&exclude-user=NONE&includeSuccess=true HTTP/1.0" 200 16611 "-" "Wget/1.12 (linux-gnu)"
192.170.227.196 - - [26/Mar/2017:06:00:06 +0000] "GET /gratia/bar_graphs/project_site_hours_bar?facility=.*&probe=cms.ci-connect.*&resource-type=BatchPilot&vo=.*&user=.*&endtime=2017-03-26+23%3A59%3A59&exclude-vo=Unknown%7Cunknown%7Cother&includeFailed=true&exclude-role=NONE&span=86400&role=.*&starttime=2017-03-19+00%3A00%3A00&exclude-facility=NONE%7CGeneric%7CObsolete&exclude-user=NONE&includeSuccess=true&exclude-projectname=unknown%7Cother HTTP/1.0" 200 16611 "-" "Wget/1.12 (linux-gnu)"
192.170.227.196 - - [26/Mar/2017:06:00:06 +0000] "GET /gratia/bar_graphs/project_hours_bar?facility=.*&probe=duke.ci-connect.*&resource-type=BatchPilot&vo=.*&grid=.*&user=.*&endtime=2017-03-26+23%3A59%3A59&exclude-vo=unknown%7Cother&includeFailed=true&exclude-role=NONE&span=86400&role=.*&starttime=2017-03-19+00%3A00%3A00&exclude-facility=NONE&exclude-user=NONE&includeSuccess=true HTTP/1.0" 200 41422 "-" "Wget/1.12 (linux-gnu)"
192.170.227.196 - - [26/Mar/2017:06:00:08 +0000] "GET /gratia/glidein_bar_graphs/glidein_dn_hours_bar?facility=.*&probe=duke.ci-connect.*&resource-type=BatchPilot&vo=.*&grid=.*&user=.*&endtime=2017-03-26+23%3A59%3A59&exclude-vo=unknown%7Cother&includeFailed=true&exclude-role=NONE&span=86400&role=.*&starttime=2017-03-19+00%3A00%3A00&exclude-facility=NONE&exclude-user=NONE&includeSuccess=true HTTP/1.0" 200 42212 "-" "Wget/1.12 (linux-gnu)"
192.170.227.196 - - [26/Mar/2017:06:00:09 +0000] "GET /gratia/glidein_bar_graphs/glidein_exitcode_bar?facility=.*&probe=duke.ci-connect.*&resource-type=BatchPilot&vo=.*&grid=.*&user=.*&endtime=2017-03-26+23%3A59%3A59&exclude-vo=unknown%7Cother&includeFailed=true&exclude-role=NONE&span=86400&role=.*&starttime=2017-03-19+00%3A00%3A00&exclude-facility=NONE&exclude-user=NONE&includeSuccess=true HTTP/1.0" 200 46381 "-" "Wget/1.12 (linux-gnu)"
192.170.227.196 - - [26/Mar/2017:06:00:10 +0000] "GET /gratia/bar_graphs/project_site_hours_bar?facility=.*&probe=duke.ci-connect.*&resource-type=BatchPilot&vo=.*&user=.*&endtime=2017-03-26+23%3A59%3A59&exclude-vo=Unknown%7Cunknown%7Cother&includeFailed=true&exclude-role=NONE&span=86400&role=.*&starttime=2017-03-19+00%3A00%3A00&exclude-facility=NONE%7CGeneric%7CObsolete&exclude-user=NONE&includeSuccess=true&exclude-projectname=unknown%7Cother HTTP/1.0" 200 59988 "-" "Wget/1.12 (linux-gnu)"
192.170.227.196 - - [26/Mar/2017:06:00:11 +0000] "GET /gratia/bar_graphs/project_hours_bar?facility=.*&probe=osgconnect.*&resource-type=BatchPilot&vo=.*&grid=.*&user=.*&endtime=2017-03-26+23%3A59%3A59&exclude-vo=unknown%7Cother&includeFailed=true&exclude-role=NONE&span=86400&role=.*&starttime=2017-03-19+00%3A00%3A00&exclude-facility=NONE&exclude-user=NONE&includeSuccess=true HTTP/1.0" 200 58552 "-" "Wget/1.12 (linux-gnu)"
192.170.227.196 - - [26/Mar/2017:06:00:12 +0000] "GET /gratia/glidein_bar_graphs/glidein_dn_hours_bar?facility=.*&probe=osgconnect.*&resource-type=BatchPilot&vo=.*&grid=.*&user=.*&endtime=2017-03-26+23%3A59%3A59&exclude-vo=unknown%7Cother&includeFailed=true&exclude-role=NONE&span=86400&role=.*&starttime=2017-03-19+00%3A00%3A00&exclude-facility=NONE&exclude-user=NONE&includeSuccess=true HTTP/1.0" 200 58535 "-" "Wget/1.12 (linux-gnu)"
192.170.227.196 - - [26/Mar/2017:06:00:14 +0000] "GET /gratia/glidein_bar_graphs/glidein_exitcode_bar?facility=.*&probe=osgconnect.*&resource-type=BatchPilot&vo=.*&grid=.*&user=.*&endtime=2017-03-26+23%3A59%3A59&exclude-vo=unknown%7Cother&includeFailed=true&exclude-role=NONE&span=86400&role=.*&starttime=2017-03-19+00%3A00%3A00&exclude-facility=NONE&exclude-user=NONE&includeSuccess=true HTTP/1.0" 200 49234 "-" "Wget/1.12 (linux-gnu)"
192.170.227.196 - - [26/Mar/2017:06:00:15 +0000] "GET /gratia/bar_graphs/project_site_hours_bar?facility=.*&probe=osgconnect.*&resource-type=BatchPilot&vo=.*&user=.*&endtime=2017-03-26+23%3A59%3A59&exclude-vo=Unknown%7Cunknown%7Cother&includeFailed=true&exclude-role=NONE&span=86400&role=.*&starttime=2017-03-19+00%3A00%3A00&exclude-facility=NONE%7CGeneric%7CObsolete&exclude-user=NONE&includeSuccess=true&exclude-projectname=unknown%7Cother HTTP/1.0" 200 74705 "-" "Wget/1.12 (linux-gnu)"
192.170.227.196 - - [26/Mar/2017:06:00:17 +0000] "GET /gratia/bar_graphs/project_hours_bar?facility=.*&probe=umich.ci-connect.*&resource-type=BatchPilot&vo=.*&grid=.*&user=.*&endtime=2017-03-26+23%3A59%3A59&exclude-vo=unknown%7Cother&includeFailed=true&exclude-role=NONE&span=86400&role=.*&starttime=2017-03-19+00%3A00%3A00&exclude-facility=NONE&exclude-user=NONE&includeSuccess=true HTTP/1.0" 200 16611 "-" "Wget/1.12 (linux-gnu)"
192.170.227.196 - - [26/Mar/2017:06:00:17 +0000] "GET /gratia/glidein_bar_graphs/glidein_dn_hours_bar?facility=.*&probe=umich.ci-connect.*&resource-type=BatchPilot&vo=.*&grid=.*&user=.*&endtime=2017-03-26+23%3A59%3A59&exclude-vo=unknown%7Cother&includeFailed=true&exclude-role=NONE&span=86400&role=.*&starttime=2017-03-19+00%3A00%3A00&exclude-facility=NONE&exclude-user=NONE&includeSuccess=true HTTP/1.0" 200 16611 "-" "Wget/1.12 (linux-gnu)"
192.170.227.196 - - [26/Mar/2017:06:00:17 +0000] "GET /gratia/glidein_bar_graphs/glidein_exitcode_bar?facility=.*&probe=umich.ci-connect.*&resource-type=BatchPilot&vo=.*&grid=.*&user=.*&endtime=2017-03-26+23%3A59%3A59&exclude-vo=unknown%7Cother&includeFailed=true&exclude-role=NONE&span=86400&role=.*&starttime=2017-03-19+00%3A00%3A00&exclude-facility=NONE&exclude-user=NONE&includeSuccess=true HTTP/1.0" 200 16611 "-" "Wget/1.12 (linux-gnu)"
192.170.227.196 - - [26/Mar/2017:06:00:18 +0000] "GET /gratia/bar_graphs/project_site_hours_bar?facility=.*&probe=umich.ci-connect.*&resource-type=BatchPilot&vo=.*&user=.*&endtime=2017-03-26+23%3A59%3A59&exclude-vo=Unknown%7Cunknown%7Cother&includeFailed=true&exclude-role=NONE&span=86400&role=.*&starttime=2017-03-19+00%3A00%3A00&exclude-facility=NONE%7CGeneric%7CObsolete&exclude-user=NONE&includeSuccess=true&exclude-projectname=unknown%7Cother HTTP/1.0" 200 16611 "-" "Wget/1.12 (linux-gnu)"
192.170.227.196 - - [26/Mar/2017:06:00:18 +0000] "GET /gratia/bar_graphs/project_hours_bar?facility=.*&probe=uchicago.ci-connect.*&resource-type=BatchPilot&vo=.*&grid=.*&user=.*&endtime=2017-03-26+23%3A59%3A59&exclude-vo=unknown%7Cother&includeFailed=true&exclude-role=NONE&span=86400&role=.*&starttime=2017-03-19+00%3A00%3A00&exclude-facility=NONE&exclude-user=NONE&includeSuccess=true HTTP/1.0" 200 44269 "-" "Wget/1.12 (linux-gnu)"
192.170.227.196 - - [26/Mar/2017:06:00:19 +0000] "GET /gratia/glidein_bar_graphs/glidein_dn_hours_bar?facility=.*&probe=uchicago.ci-connect.*&resource-type=BatchPilot&vo=.*&grid=.*&user=.*&endtime=2017-03-26+23%3A59%3A59&exclude-vo=unknown%7Cother&includeFailed=true&exclude-role=NONE&span=86400&role=.*&starttime=2017-03-19+00%3A00%3A00&exclude-facility=NONE&exclude-user=NONE&includeSuccess=true HTTP/1.0" 200 44075 "-" "Wget/1.12 (linux-gnu)"
192.170.227.196 - - [26/Mar/2017:06:00:19 +0000] "GET /gratia/glidein_bar_graphs/glidein_exitcode_bar?facility=.*&probe=uchicago.ci-connect.*&resource-type=BatchPilot&vo=.*&grid=.*&user=.*&endtime=2017-03-26+23%3A59%3A59&exclude-vo=unknown%7Cother&includeFailed=true&exclude-role=NONE&span=86400&role=.*&starttime=2017-03-19+00%3A00%3A00&exclude-facility=NONE&exclude-user=NONE&includeSuccess=true HTTP/1.0" 200 45617 "-" "Wget/1.12 (linux-gnu)"
192.170.227.196 - - [26/Mar/2017:06:00:20 +0000] "GET /gratia/bar_graphs/project_site_hours_bar?facility=.*&probe=uchicago.ci-connect.*&resource-type=BatchPilot&vo=.*&user=.*&endtime=2017-03-26+23%3A59%3A59&exclude-vo=Unknown%7Cunknown%7Cother&includeFailed=true&exclude-role=NONE&span=86400&role=.*&starttime=2017-03-19+00%3A00%3A00&exclude-facility=NONE%7CGeneric%7CObsolete&exclude-user=NONE&includeSuccess=true&exclude-projectname=unknown%7Cother HTTP/1.0" 200 62558 "-" "Wget/1.12 (linux-gnu)"
192.170.227.196 - - [26/Mar/2017:06:00:01 +0000] "GET /gratia/csv/in_out_transfer_volume?exclude-facility=NONE%7CGeneric%7CObsolete&span=86400&starttime=2016-12-26+06%3A00%3A01&facility=.%2A&protocol=.%2A&endtime=2017-03-26+06%3A00%3A01&exclude-vo=other&vo=.%2A HTTP/1.1" 200 6469 "-" "Python-urllib/2.6"
129.79.53.63 - - [26/Mar/2017:06:01:02 +0000] "GET //gratia HTTP/1.0" 301 334 "-" "Wget/1.11.4 Red Hat modified"
129.79.53.63 - - [26/Mar/2017:06:01:02 +0000] "GET /gratia/ HTTP/1.0" 200 17118 "-" "Wget/1.11.4 Red Hat modified"
192.170.227.196 - - [26/Mar/2017:06:00:27 +0000] "GET /gratia/csv/in_out_transfer_volume?exclude-facility=NONE%7CGeneric%7CObsolete&span=86400&starttime=2016-03-26+06%3A00%3A27&facility=.%2A&protocol=.%2A&endtime=2017-03-26+06%3A00%3A27&exclude-vo=other&vo=.%2A HTTP/1.1" 200 25935 "-" "Python-urllib/2.6"
129.79.53.198 - - [26/Mar/2017:06:03:01 +0000] "GET /gratia/bar_graphs/project_hours_bar?facility=.*&probe=xd-login.opensciencegrid.org%7Cosg-xsede.grid.iu.edu&resource-type=BatchPilot&vo=.*&grid=.*&user=.*&endtime=2017-03-26+23%3A59%3A59&exclude-vo=unknown%7Cother&includeFailed=true&exclude-role=NONE&span=86400&role=.*&starttime=2017-03-19+00%3A00%3A00&exclude-facility=NONE&exclude-user=NONE&includeSuccess=true HTTP/1.0" 200 49597 "-" "Wget/1.12 (linux-gnu)"
129.79.53.198 - - [26/Mar/2017:06:03:02 +0000] "GET /gratia/glidein_bar_graphs/glidein_dn_hours_bar?facility=.*&probe=xd-login.opensciencegrid.org%7Cosg-xsede.grid.iu.edu&resource-type=BatchPilot&vo=.*&grid=.*&user=.*&endtime=2017-03-26+23%3A59%3A59&exclude-vo=unknown%7Cother&includeFailed=true&exclude-role=NONE&span=86400&role=.*&starttime=2017-03-19+00%3A00%3A00&exclude-facility=NONE&exclude-user=NONE&includeSuccess=true HTTP/1.0" 200 50739 "-" "Wget/1.12 (linux-gnu)"
129.79.53.198 - - [26/Mar/2017:06:03:02 +0000] "GET /gratia/glidein_bar_graphs/glidein_exitcode_bar?facility=.*&probe=xd-login.opensciencegrid.org%7Cosg-xsede.grid.iu.edu&resource-type=BatchPilot&vo=.*&grid=.*&user=.*&endtime=2017-03-26+23%3A59%3A59&exclude-vo=unknown%7Cother&includeFailed=true&exclude-role=NONE&span=86400&role=.*&starttime=2017-03-19+00%3A00%3A00&exclude-facility=NONE&exclude-user=NONE&includeSuccess=true HTTP/1.0" 200 49896 "-" "Wget/1.12 (linux-gnu)"
129.79.53.198 - - [26/Mar/2017:06:03:03 +0000] "GET /gratia/glidein_bar_graphs/glidein_dn_hours_bar?facility=.*&probe=gw68.quarry.iu.teragrid.org&resource-type=BatchPilot&vo=.*&grid=.*&user=.*&endtime=2017-03-26+23%3A59%3A59&exclude-vo=unknown%7Cother&includeFailed=true&exclude-role=NONE&span=86400&role=.*&starttime=2017-03-19+00%3A00%3A00&exclude-facility=NONE&exclude-user=NONE&includeSuccess=true HTTP/1.0" 200 16611 "-" "Wget/1.12 (linux-gnu)"
129.79.53.198 - - [26/Mar/2017:06:03:03 +0000] "GET /gratia/glidein_bar_graphs/glidein_exitcode_bar?facility=.*&probe=gw68.quarry.iu.teragrid.org&resource-type=BatchPilot&vo=.*&grid=.*&user=.*&endtime=2017-03-26+23%3A59%3A59&exclude-vo=unknown%7Cother&includeFailed=true&exclude-role=NONE&span=86400&role=.*&starttime=2017-03-19+00%3A00%3A00&exclude-facility=NONE&exclude-user=NONE&includeSuccess=true HTTP/1.0" 200 16611 "-" "Wget/1.12 (linux-gnu)"
129.79.53.198 - - [26/Mar/2017:06:03:04 +0000] "GET /gratia/glidein_bar_graphs/glidein_dn_hours_bar?facility=.*&probe=workflow.isi.edu&resource-type=BatchPilot&vo=.*&grid=.*&user=.*&endtime=2017-03-26+23%3A59%3A59&exclude-vo=unknown%7Cother&includeFailed=true&exclude-role=NONE&span=86400&role=.*&starttime=2017-03-19+00%3A00%3A00&exclude-facility=NONE&exclude-user=NONE&includeSuccess=true HTTP/1.0" 200 16611 "-" "Wget/1.12 (linux-gnu)"
129.79.53.198 - - [26/Mar/2017:06:03:04 +0000] "GET /gratia/glidein_bar_graphs/glidein_exitcode_bar?facility=.*&probe=workflow.isi.edu&resource-type=BatchPilot&vo=.*&grid=.*&user=.*&endtime=2017-03-26+23%3A59%3A59&exclude-vo=unknown%7Cother&includeFailed=true&exclude-role=NONE&span=86400&role=.*&starttime=2017-03-19+00%3A00%3A00&exclude-facility=NONE&exclude-user=NONE&includeSuccess=true HTTP/1.0" 200 16611 "-" "Wget/1.12 (linux-gnu)"
129.79.53.198 - - [26/Mar/2017:06:03:04 +0000] "GET /gratia/bar_graphs/dn_site_hours_bar?endtime=2017-03-26+23%3A59%3A59&span=86400&facility=.*&probe=.*&resource-type=%5EBatch%24&vo=osg%7COSG&role=.*&user=pilot&starttime=2017-03-19+00%3A00%3A00&exclude-facility=NONE%7CGeneric%7CObsolete&exclude-user=NONE&includeSuccess=true&exclude-vo=unknown%7Cother&includeFailed=true&exclude-role=NONE HTTP/1.0" 200 16611 "-" "Wget/1.12 (linux-gnu)"
129.79.53.198 - - [26/Mar/2017:06:03:04 +0000] "GET /gratia/cumulative_graphs/facility_success_cumulative_smry?span=86400&facility=.*&probe=.*&resource-type=%5EBatch$&vo=.*&user=pilot&starttime=2017-02-26%2000:00:00&exclude-facility=NONE%7CGeneric%7CObsolete&exclude-user=NONE&endtime=2017-03-26%2023:59:59&exclude-vo=unknown%7Cother& HTTP/1.0" 200 16611 "-" "Wget/1.12 (linux-gnu)"
192.170.227.204 - - [26/Mar/2017:06:10:01 +0000] "GET /gratia/bar_graphs/project_hours_bar?facility=.*&probe=uchicago.ci-connect.*&resource-type=BatchPilot&vo=.*&grid=.*&user=.*&endtime=2017-03-26+23%3A59%3A59&exclude-vo=unknown%7Cother&includeFailed=true&exclude-role=NONE&span=86400&role=.*&starttime=2017-03-19+00%3A00%3A00&exclude-facility=NONE&exclude-user=NONE&includeSuccess=true HTTP/1.0" 200 44295 "-" "Wget/1.12 (linux-gnu)"
