192.170.227.196 - - [26/Mar/2017:10:45:13 +0000] "GET /gratia/bar_graphs/project_hours_bar?facility=.*&probe=umich.ci-connect.*&resource-type=BatchPilot&vo=.*&grid=.*&user=.*&endtime=2017-03-26+23%3A59%3A59&exclude-vo=unknown%7Cother&includeFailed=true&exclude-role=NONE&span=86400&role=.*&starttime=2017-03-19+00%3A00%3A00&exclude-facility=NONE&exclude-user=NONE&includeSuccess=true HTTP/1.0" 200 16611 "-" "Wget/1.12 (linux-gnu)"
192.170.227.196 - - [26/Mar/2017:10:45:13 +0000] "GET /gratia/glidein_bar_graphs/glidein_dn_hours_bar?facility=.*&probe=umich.ci-connect.*&resource-type=BatchPilot&vo=.*&grid=.*&user=.*&endtime=2017-03-26+23%3A59%3A59&exclude-vo=unknown%7Cother&includeFailed=true&exclude-role=NONE&span=86400&role=.*&starttime=2017-03-19+00%3A00%3A00&exclude-facility=NONE&exclude-user=NONE&includeSuccess=true HTTP/1.0" 200 16611 "-" "Wget/1.12 (linux-gnu)"
192.170.227.196 - - [26/Mar/2017:10:45:14 +0000] "GET /gratia/glidein_bar_graphs/glidein_exitcode_bar?facility=.*&probe=umich.ci-connect.*&resource-type=BatchPilot&vo=.*&grid=.*&user=.*&endtime=2017-03-26+23%3A59%3A59&exclude-vo=unknown%7Cother&includeFailed=true&exclude-role=NONE&span=86400&role=.*&starttime=2017-03-19+00%3A00%3A00&exclude-facility=NONE&exclude-user=NONE&includeSuccess=true HTTP/1.0" 200 16611 "-" "Wget/1.12 (linux-gnu)"
192.170.227.196 - - [26/Mar/2017:10:45:14 +0000] "GET /gratia/bar_graphs/project_site_hours_bar?facility=.*&probe=umich.ci-connect.*&resource-type=BatchPilot&vo=.*&user=.*&endtime=2017-03-26+23%3A59%3A59&exclude-vo=Unknown%7Cunknown%7Cother&includeFailed=true&exclude-role=NONE&span=86400&role=.*&starttime=2017-03-19+00%3A00%3A00&exclude-facility=NONE%7CGeneric%7CObsolete&exclude-user=NONE&includeSuccess=true&exclude-projectname=unknown%7Cother HTTP/1.0" 200 16611 "-" "Wget/1.12 (linux-gnu)"
192.170.227.196 - - [26/Mar/2017:10:45:14 +0000] "GET /gratia/bar_graphs/project_hours_bar?facility=.*&probe=uchicago.ci-connect.*&resource-type=BatchPilot&vo=.*&grid=.*&user=.*&endtime=2017-03-26+23%3A59%3A59&exclude-vo=unknown%7Cother&includeFailed=true&exclude-role=NONE&span=86400&role=.*&starttime=2017-03-19+00%3A00%3A00&exclude-facility=NONE&exclude-user=NONE&includeSuccess=true HTTP/1.0" 200 44132 "-" "Wget/1.12 (linux-gnu)"
192.170.227.196 - - [26/Mar/2017:10:45:15 +0000] "GET /gratia/glidein_bar_graphs/glidein_dn_hours_bar?facility=.*&probe=uchicago.ci-connect.*&resource-type=BatchPilot&vo=.*&grid=.*&user=.*&endtime=2017-03-26+23%3A59%3A59&exclude-vo=unknown%7Cother&includeFailed=true&exclude-role=NONE&span=86400&role=.*&starttime=2017-03-19+00%3A00%3A00&exclude-facility=NONE&exclude-user=NONE&includeSuccess=true HTTP/1.0" 200 43938 "-" "Wget/1.12 (linux-gnu)"
192.170.227.196 - - [26/Mar/2017:10:45:16 +0000] "GET /gratia/glidein_bar_graphs/glidein_exitcode_bar?facility=.*&probe=uchicago.ci-connect.*&resource-type=BatchPilot&vo=.*&grid=.*&user=.*&endtime=2017-03-26+23%3A59%3A59&exclude-vo=unknown%7Cother&includeFailed=true&exclude-role=NONE&span=86400&role=.*&starttime=2017-03-19+00%3A00%3A00&exclude-facility=NONE&exclude-user=NONE&includeSuccess=true HTTP/1.0" 200 45634 "-" "Wget/1.12 (linux-gnu)"
192.170.227.196 - - [26/Mar/2017:10:45:16 +0000] "GET /gratia/bar_graphs/project_site_hours_bar?facility=.*&probe=uchicago.ci-connect.*&resource-type=BatchPilot&vo=.*&user=.*&endtime=2017-03-26+23%3A59%3A59&exclude-vo=Unknown%7Cunknown%7Cother&includeFailed=true&exclude-role=NONE&span=86400&role=.*&starttime=2017-03-19+00%3A00%3A00&exclude-facility=NONE%7CGeneric%7CObsolete&exclude-user=NONE&includeSuccess=true&exclude-projectname=unknown%7Cother HTTP/1.0" 200 62451 "-" "Wget/1.12 (linux-gnu)"
129.79.53.63 - - [26/Mar/2017:10:46:02 +0000] "GET //gratia HTTP/1.0" 301 334 "-" "Wget/1.11.4 Red Hat modified"
129.79.53.63 - - [26/Mar/2017:10:46:02 +0000] "GET /gratia/ HTTP/1.0" 200 17118 "-" "Wget/1.11.4 Red Hat modified"
93.117.252.91 - - [26/Mar/2017:10:51:15 +0000] "GET / HTTP/1.1" 200 55 "-" "Mozilla/5.0 (Macintosh; Intel Mac OS X 10.12; rv:52.0) Gecko/20100101 Firefox/52.0"
93.117.252.91 - - [26/Mar/2017:10:51:25 +0000] "GET /gratiastatic/today/osg_wall_hours.png HTTP/1.1" 200 72960 "-" "Mozilla/5.0 (Macintosh; Intel Mac OS X 10.12; rv:52.0) Gecko/20100101 Firefox/52.0"
93.117.252.91 - - [26/Mar/2017:10:51:33 +0000] "GET /gratia/ HTTP/1.1" 200 4791 "-" "Mozilla/5.0 (Macintosh; Intel Mac OS X 10.12; rv:52.0) Gecko/20100101 Firefox/52.0"
93.117.252.91 - - [26/Mar/2017:10:51:34 +0000] "GET /gratiastatic/today/facility_hours_bar_smry.png HTTP/1.1" 200 85914 "http://gratiaweb.opensciencegrid.org/gratia/" "Mozilla/5.0 (Macintosh; Intel Mac OS X 10.12; rv:52.0) Gecko/20100101 Firefox/52.0"
93.117.252.91 - - [26/Mar/2017:10:51:34 +0000] "GET /gratiastatic/today/osg_wall_hours.png HTTP/1.1" 200 72960 "http://gratiaweb.opensciencegrid.org/gratia/" "Mozilla/5.0 (Macintosh; Intel Mac OS X 10.12; rv:52.0) Gecko/20100101 Firefox/52.0"
93.117.252.91 - - [26/Mar/2017:10:51:34 +0000] "GET /gratiastatic/today/osg_wall_cumulative.png HTTP/1.1" 200 105119 "http://gratiaweb.opensciencegrid.org/gratia/" "Mozilla/5.0 (Macintosh; Intel Mac OS X 10.12; rv:52.0) Gecko/20100101 Firefox/52.0"
93.117.252.91 - - [26/Mar/2017:10:51:34 +0000] "GET /gratiastatic/today/facility_success_cumulative_smry.png HTTP/1.1" 200 165711 "http://gratiaweb.opensciencegrid.org/gratia/" "Mozilla/5.0 (Macintosh; Intel Mac OS X 10.12; rv:52.0) Gecko/20100101 Firefox/52.0"
129.79.53.126 - - [26/Mar/2017:11:00:01 +0000] "GET //gratia HTTP/1.1" 301 334 "-" "curl/7.19.7 (x86_64-redhat-linux-gnu) libcurl/7.19.7 NSS/3.18 Basic ECC zlib/1.2.3 libidn/1.18 libssh2/1.4.2"
129.79.53.48 - - [26/Mar/2017:11:00:02 +0000] "GET /gratia/xml HTTP/1.1" 200 23988 "-" "curl/7.19.7 (x86_64-redhat-linux-gnu) libcurl/7.19.7 NSS/3.19.1 Basic ECC zlib/1.2.3 libidn/1.18 libssh2/1.4.2"
128.138.133.19 - - [26/Mar/2017:11:00:02 +0000] "GET /gratia/bar_graphs/dn_hours_bar?facility=UColorado_HEP%7CUColorado_SE&title=&ylabel=Hours&starttime=2016-12-26%2004:00:01&endtime=2017-03-26%2005:00:01&legend=False&width=700&height=400&text_size=9&title_size=0&text_padding=3&figure_padding=50&group=resource_group HTTP/1.0" 200 55268 "-" "Wget/1.12 (linux-gnu)"
::1 - - [26/Mar/2017:11:00:02 +0000] "GET /gratia/ HTTP/1.0" 200 17118 "-" "Wget/1.12 (linux-gnu)"
66.249.91.127 - - [26/Mar/2017:10:59:51 +0000] "GET /gratia/csv/glidein_hours_bar_smry?span=2592000&relativetime=absolute&vo_set=%5Eligo%24&vo=ligo&starttime=2015-09-14+00%3A00%3A00 HTTP/1.1" 200 34991 "-" "Mozilla/5.0 (compatible; GoogleDocs; apps-spreadsheets; +http://docs.google.com)"
129.79.53.63 - - [26/Mar/2017:11:01:02 +0000] "GET //gratia HTTP/1.0" 301 334 "-" "Wget/1.11.4 Red Hat modified"
129.79.53.63 - - [26/Mar/2017:11:01:02 +0000] "GET /gratia/ HTTP/1.0" 200 17118 "-" "Wget/1.11.4 Red Hat modified"
192.170.227.204 - - [26/Mar/2017:11:10:01 +0000] "GET /gratia/bar_graphs/project_hours_bar?facility=.*&probe=uchicago.ci-connect.*&resource-type=BatchPilot&vo=.*&grid=.*&user=.*&endtime=2017-03-26+23%3A59%3A59&exclude-vo=unknown%7Cother&includeFailed=true&exclude-role=NONE&span=86400&role=.*&starttime=2017-03-19+00%3A00%3A00&exclude-facility=NONE&exclude-user=NONE&includeSuccess=true HTTP/1.0" 200 44132 "-" "Wget/1.12 (linux-gnu)"
192.170.227.203 - - [26/Mar/2017:11:10:01 +0000] "GET /gratia/bar_graphs/project_hours_bar?facility=.*&probe=duke.ci-connect.*&resource-type=BatchPilot&vo=.*&grid=.*&user=.*&endtime=2017-03-26+23%3A59%3A59&exclude-vo=unknown%7Cother&includeFailed=true&exclude-role=NONE&span=86400&role=.*&starttime=2017-03-19+00%3A00%3A00&exclude-facility=NONE&exclude-user=NONE&includeSuccess=true HTTP/1.0" 200 41392 "-" "Wget/1.12 (linux-gnu)"
192.170.227.203 - - [26/Mar/2017:11:10:02 +0000] "GET /gratia/glidein_bar_graphs/glidein_dn_hours_bar?facility=.*&probe=duke.ci-connect.*&resource-type=BatchPilot&vo=.*&grid=.*&user=.*&endtime=2017-03-26+23%3A59%3A59&exclude-vo=unknown%7Cother&includeFailed=true&exclude-role=NONE&span=86400&role=.*&starttime=2017-03-19+00%3A00%3A00&exclude-facility=NONE&exclude-user=NONE&includeSuccess=true HTTP/1.0" 200 42182 "-" "Wget/1.12 (linux-gnu)"
192.170.227.204 - - [26/Mar/2017:11:10:02 +0000] "GET /gratia/glidein_bar_graphs/glidein_dn_hours_bar?facility=.*&probe=uchicago.ci-connect.*&resource-type=BatchPilot&vo=.*&grid=.*&user=.*&endtime=2017-03-26+23%3A59%3A59&exclude-vo=unknown%7Cother&includeFailed=true&exclude-role=NONE&span=86400&role=.*&starttime=2017-03-19+00%3A00%3A00&exclude-facility=NONE&exclude-user=NONE&includeSuccess=true HTTP/1.0" 200 43938 "-" "Wget/1.12 (linux-gnu)"
192.170.227.203 - - [26/Mar/2017:11:10:04 +0000] "GET /gratia/glidein_bar_graphs/glidein_exitcode_bar?facility=.*&probe=duke.ci-connect.*&resource-type=BatchPilot&vo=.*&grid=.*&user=.*&endtime=2017-03-26+23%3A59%3A59&exclude-vo=unknown%7Cother&includeFailed=true&exclude-role=NONE&span=86400&role=.*&starttime=2017-03-19+00%3A00%3A00&exclude-facility=NONE&exclude-user=NONE&includeSuccess=true HTTP/1.0" 200 46389 "-" "Wget/1.12 (linux-gnu)"
192.170.227.204 - - [26/Mar/2017:11:10:04 +0000] "GET /gratia/glidein_bar_graphs/glidein_exitcode_bar?facility=.*&probe=uchicago.ci-connect.*&resource-type=BatchPilot&vo=.*&grid=.*&user=.*&endtime=2017-03-26+23%3A59%3A59&exclude-vo=unknown%7Cother&includeFailed=true&exclude-role=NONE&span=86400&role=.*&starttime=2017-03-19+00%3A00%3A00&exclude-facility=NONE&exclude-user=NONE&includeSuccess=true HTTP/1.0" 200 45646 "-" "Wget/1.12 (linux-gnu)"
192.170.227.203 - - [26/Mar/2017:11:10:05 +0000] "GET /gratia/bar_graphs/project_site_hours_bar?facility=.*&probe=duke.ci-connect.*&resource-type=BatchPilot&vo=.*&user=.*&endtime=2017-03-26+23%3A59%3A59&exclude-vo=Unknown%7Cunknown%7Cother&includeFailed=true&exclude-role=NONE&span=86400&role=.*&starttime=2017-03-19+00%3A00%3A00&exclude-facility=NONE%7CGeneric%7CObsolete&exclude-user=NONE&includeSuccess=true&exclude-projectname=unknown%7Cother HTTP/1.0" 200 59503 "-" "Wget/1.12 (linux-gnu)"
192.170.227.204 - - [26/Mar/2017:11:10:05 +0000] "GET /gratia/bar_graphs/project_site_hours_bar?facility=.*&probe=uchicago.ci-connect.*&resource-type=BatchPilot&vo=.*&user=.*&endtime=2017-03-26+23%3A59%3A59&exclude-vo=Unknown%7Cunknown%7Cother&includeFailed=true&exclude-role=NONE&span=86400&role=.*&starttime=2017-03-19+00%3A00%3A00&exclude-facility=NONE%7CGeneric%7CObsolete&exclude-user=NONE&includeSuccess=true&exclude-projectname=unknown%7Cother HTTP/1.0" 200 62451 "-" "Wget/1.12 (linux-gnu)"
129.79.53.48 - - [26/Mar/2017:11:15:01 +0000] "GET /gratia/xml HTTP/1.1" 200 23988 "-" "curl/7.19.7 (x86_64-redhat-linux-gnu) libcurl/7.19.7 NSS/3.19.1 Basic ECC zlib/1.2.3 libidn/1.18 libssh2/1.4.2"
192.170.227.196 - - [26/Mar/2017:11:15:01 +0000] "GET /gratia/bar_graphs/project_hours_bar?facility=.*&probe=atlas.ci-connect.*&resource-type=BatchPilot&vo=.*&grid=.*&user=.*&endtime=2017-03-26+23%3A59%3A59&exclude-vo=unknown%7Cother&includeFailed=true&exclude-role=NONE&span=86400&role=.*&starttime=2017-03-19+00%3A00%3A00&exclude-facility=NONE&exclude-user=NONE&includeSuccess=true HTTP/1.0" 200 43289 "-" "Wget/1.12 (linux-gnu)"
192.170.227.196 - - [26/Mar/2017:11:15:02 +0000] "GET /gratia/glidein_bar_graphs/glidein_dn_hours_bar?facility=.*&probe=atlas.ci-connect.*&resource-type=BatchPilot&vo=.*&grid=.*&user=.*&endtime=2017-03-26+23%3A59%3A59&exclude-vo=unknown%7Cother&includeFailed=true&exclude-role=NONE&span=86400&role=.*&starttime=2017-03-19+00%3A00%3A00&exclude-facility=NONE&exclude-user=NONE&includeSuccess=true HTTP/1.0" 200 48044 "-" "Wget/1.12 (linux-gnu)"
192.170.227.196 - - [26/Mar/2017:11:15:03 +0000] "GET /gratia/glidein_bar_graphs/glidein_exitcode_bar?facility=.*&probe=atlas.ci-connect.*&resource-type=BatchPilot&vo=.*&grid=.*&user=.*&endtime=2017-03-26+23%3A59%3A59&exclude-vo=unknown%7Cother&includeFailed=true&exclude-role=NONE&span=86400&role=.*&starttime=2017-03-19+00%3A00%3A00&exclude-facility=NONE&exclude-user=NONE&includeSuccess=true HTTP/1.0" 200 45252 "-" "Wget/1.12 (linux-gnu)"
::1 - - [26/Mar/2017:11:15:01 +0000] "GET /gratia/ HTTP/1.0" 200 17118 "-" "Wget/1.12 (linux-gnu)"
192.170.227.196 - - [26/Mar/2017:11:15:05 +0000] "GET /gratia/bar_graphs/project_site_hours_bar?facility=.*&probe=atlas.ci-connect.*&resource-type=BatchPilot&vo=.*&user=.*&endtime=2017-03-26+23%3A59%3A59&exclude-vo=Unknown%7Cunknown%7Cother&includeFailed=true&exclude-role=NONE&span=86400&role=.*&starttime=2017-03-19+00%3A00%3A00&exclude-facility=NONE%7CGeneric%7CObsolete&exclude-user=NONE&includeSuccess=true&exclude-projectname=unknown%7Cother HTTP/1.0" 200 67321 "-" "Wget/1.12 (linux-gnu)"
192.170.227.196 - - [26/Mar/2017:11:15:07 +0000] "GET /gratia/bar_graphs/project_hours_bar?facility=.*&probe=cms.ci-connect.*&resource-type=BatchPilot&vo=.*&grid=.*&user=.*&endtime=2017-03-26+23%3A59%3A59&exclude-vo=unknown%7Cother&includeFailed=true&exclude-role=NONE&span=86400&role=.*&starttime=2017-03-19+00%3A00%3A00&exclude-facility=NONE&exclude-user=NONE&includeSuccess=true HTTP/1.0" 200 16611 "-" "Wget/1.12 (linux-gnu)"
192.170.227.196 - - [26/Mar/2017:11:15:07 +0000] "GET /gratia/glidein_bar_graphs/glidein_dn_hours_bar?facility=.*&probe=cms.ci-connect.*&resource-type=BatchPilot&vo=.*&grid=.*&user=.*&endtime=2017-03-26+23%3A59%3A59&exclude-vo=unknown%7Cother&includeFailed=true&exclude-role=NONE&span=86400&role=.*&starttime=2017-03-19+00%3A00%3A00&exclude-facility=NONE&exclude-user=NONE&includeSuccess=true HTTP/1.0" 200 16611 "-" "Wget/1.12 (linux-gnu)"
192.170.227.196 - - [26/Mar/2017:11:15:08 +0000] "GET /gratia/glidein_bar_graphs/glidein_exitcode_bar?facility=.*&probe=cms.ci-connect.*&resource-type=BatchPilot&vo=.*&grid=.*&user=.*&endtime=2017-03-26+23%3A59%3A59&exclude-vo=unknown%7Cother&includeFailed=true&exclude-role=NONE&span=86400&role=.*&starttime=2017-03-19+00%3A00%3A00&exclude-facility=NONE&exclude-user=NONE&includeSuccess=true HTTP/1.0" 200 16611 "-" "Wget/1.12 (linux-gnu)"
192.170.227.196 - - [26/Mar/2017:11:15:08 +0000] "GET /gratia/bar_graphs/project_site_hours_bar?facility=.*&probe=cms.ci-connect.*&resource-type=BatchPilot&vo=.*&user=.*&endtime=2017-03-26+23%3A59%3A59&exclude-vo=Unknown%7Cunknown%7Cother&includeFailed=true&exclude-role=NONE&span=86400&role=.*&starttime=2017-03-19+00%3A00%3A00&exclude-facility=NONE%7CGeneric%7CObsolete&exclude-user=NONE&includeSuccess=true&exclude-projectname=unknown%7Cother HTTP/1.0" 200 16611 "-" "Wget/1.12 (linux-gnu)"
192.170.227.196 - - [26/Mar/2017:11:15:08 +0000] "GET /gratia/bar_graphs/project_hours_bar?facility=.*&probe=duke.ci-connect.*&resource-type=BatchPilot&vo=.*&grid=.*&user=.*&endtime=2017-03-26+23%3A59%3A59&exclude-vo=unknown%7Cother&includeFailed=true&exclude-role=NONE&span=86400&role=.*&starttime=2017-03-19+00%3A00%3A00&exclude-facility=NONE&exclude-user=NONE&includeSuccess=true HTTP/1.0" 200 41392 "-" "Wget/1.12 (linux-gnu)"
192.170.227.196 - - [26/Mar/2017:11:15:09 +0000] "GET /gratia/glidein_bar_graphs/glidein_dn_hours_bar?facility=.*&probe=duke.ci-connect.*&resource-type=BatchPilot&vo=.*&grid=.*&user=.*&endtime=2017-03-26+23%3A59%3A59&exclude-vo=unknown%7Cother&includeFailed=true&exclude-role=NONE&span=86400&role=.*&starttime=2017-03-19+00%3A00%3A00&exclude-facility=NONE&exclude-user=NONE&includeSuccess=true HTTP/1.0" 200 42182 "-" "Wget/1.12 (linux-gnu)"
192.170.227.196 - - [26/Mar/2017:11:15:10 +0000] "GET /gratia/glidein_bar_graphs/glidein_exitcode_bar?facility=.*&probe=duke.ci-connect.*&resource-type=BatchPilot&vo=.*&grid=.*&user=.*&endtime=2017-03-26+23%3A59%3A59&exclude-vo=unknown%7Cother&includeFailed=true&exclude-role=NONE&span=86400&role=.*&starttime=2017-03-19+00%3A00%3A00&exclude-facility=NONE&exclude-user=NONE&includeSuccess=true HTTP/1.0" 200 46389 "-" "Wget/1.12 (linux-gnu)"
192.170.227.196 - - [26/Mar/2017:11:15:10 +0000] "GET /gratia/bar_graphs/project_site_hours_bar?facility=.*&probe=duke.ci-connect.*&resource-type=BatchPilot&vo=.*&user=.*&endtime=2017-03-26+23%3A59%3A59&exclude-vo=Unknown%7Cunknown%7Cother&includeFailed=true&exclude-role=NONE&span=86400&role=.*&starttime=2017-03-19+00%3A00%3A00&exclude-facility=NONE%7CGeneric%7CObsolete&exclude-user=NONE&includeSuccess=true&exclude-projectname=unknown%7Cother HTTP/1.0" 200 59503 "-" "Wget/1.12 (linux-gnu)"
192.170.227.196 - - [26/Mar/2017:11:15:11 +0000] "GET /gratia/bar_graphs/project_hours_bar?facility=.*&probe=osgconnect.*&resource-type=BatchPilot&vo=.*&grid=.*&user=.*&endtime=2017-03-26+23%3A59%3A59&exclude-vo=unknown%7Cother&includeFailed=true&exclude-role=NONE&span=86400&role=.*&starttime=2017-03-19+00%3A00%3A00&exclude-facility=NONE&exclude-user=NONE&includeSuccess=true HTTP/1.0" 200 58871 "-" "Wget/1.12 (linux-gnu)"
192.170.227.196 - - [26/Mar/2017:11:15:12 +0000] "GET /gratia/glidein_bar_graphs/glidein_dn_hours_bar?facility=.*&probe=osgconnect.*&resource-type=BatchPilot&vo=.*&grid=.*&user=.*&endtime=2017-03-26+23%3A59%3A59&exclude-vo=unknown%7Cother&includeFailed=true&exclude-role=NONE&span=86400&role=.*&starttime=2017-03-19+00%3A00%3A00&exclude-facility=NONE&exclude-user=NONE&includeSuccess=true HTTP/1.0" 200 58850 "-" "Wget/1.12 (linux-gnu)"
192.170.227.196 - - [26/Mar/2017:11:15:13 +0000] "GET /gratia/glidein_bar_graphs/glidein_exitcode_bar?facility=.*&probe=osgconnect.*&resource-type=BatchPilot&vo=.*&grid=.*&user=.*&endtime=2017-03-26+23%3A59%3A59&exclude-vo=unknown%7Cother&includeFailed=true&exclude-role=NONE&span=86400&role=.*&starttime=2017-03-19+00%3A00%3A00&exclude-facility=NONE&exclude-user=NONE&includeSuccess=true HTTP/1.0" 200 48712 "-" "Wget/1.12 (linux-gnu)"
192.170.227.196 - - [26/Mar/2017:11:15:13 +0000] "GET /gratia/bar_graphs/project_site_hours_bar?facility=.*&probe=osgconnect.*&resource-type=BatchPilot&vo=.*&user=.*&endtime=2017-03-26+23%3A59%3A59&exclude-vo=Unknown%7Cunknown%7Cother&includeFailed=true&exclude-role=NONE&span=86400&role=.*&starttime=2017-03-19+00%3A00%3A00&exclude-facility=NONE%7CGeneric%7CObsolete&exclude-user=NONE&includeSuccess=true&exclude-projectname=unknown%7Cother HTTP/1.0" 200 74747 "-" "Wget/1.12 (linux-gnu)"
192.170.227.196 - - [26/Mar/2017:11:15:15 +0000] "GET /gratia/bar_graphs/project_hours_bar?facility=.*&probe=umich.ci-connect.*&resource-type=BatchPilot&vo=.*&grid=.*&user=.*&endtime=2017-03-26+23%3A59%3A59&exclude-vo=unknown%7Cother&includeFailed=true&exclude-role=NONE&span=86400&role=.*&starttime=2017-03-19+00%3A00%3A00&exclude-facility=NONE&exclude-user=NONE&includeSuccess=true HTTP/1.0" 200 16611 "-" "Wget/1.12 (linux-gnu)"
192.170.227.196 - - [26/Mar/2017:11:15:15 +0000] "GET /gratia/glidein_bar_graphs/glidein_dn_hours_bar?facility=.*&probe=umich.ci-connect.*&resource-type=BatchPilot&vo=.*&grid=.*&user=.*&endtime=2017-03-26+23%3A59%3A59&exclude-vo=unknown%7Cother&includeFailed=true&exclude-role=NONE&span=86400&role=.*&starttime=2017-03-19+00%3A00%3A00&exclude-facility=NONE&exclude-user=NONE&includeSuccess=true HTTP/1.0" 200 16611 "-" "Wget/1.12 (linux-gnu)"
192.170.227.196 - - [26/Mar/2017:11:15:16 +0000] "GET /gratia/glidein_bar_graphs/glidein_exitcode_bar?facility=.*&probe=umich.ci-connect.*&resource-type=BatchPilot&vo=.*&grid=.*&user=.*&endtime=2017-03-26+23%3A59%3A59&exclude-vo=unknown%7Cother&includeFailed=true&exclude-role=NONE&span=86400&role=.*&starttime=2017-03-19+00%3A00%3A00&exclude-facility=NONE&exclude-user=NONE&includeSuccess=true HTTP/1.0" 200 16611 "-" "Wget/1.12 (linux-gnu)"
192.170.227.196 - - [26/Mar/2017:11:15:16 +0000] "GET /gratia/bar_graphs/project_site_hours_bar?facility=.*&probe=umich.ci-connect.*&resource-type=BatchPilot&vo=.*&user=.*&endtime=2017-03-26+23%3A59%3A59&exclude-vo=Unknown%7Cunknown%7Cother&includeFailed=true&exclude-role=NONE&span=86400&role=.*&starttime=2017-03-19+00%3A00%3A00&exclude-facility=NONE%7CGeneric%7CObsolete&exclude-user=NONE&includeSuccess=true&exclude-projectname=unknown%7Cother HTTP/1.0" 200 16611 "-" "Wget/1.12 (linux-gnu)"
192.170.227.196 - - [26/Mar/2017:11:15:16 +0000] "GET /gratia/bar_graphs/project_hours_bar?facility=.*&probe=uchicago.ci-connect.*&resource-type=BatchPilot&vo=.*&grid=.*&user=.*&endtime=2017-03-26+23%3A59%3A59&exclude-vo=unknown%7Cother&includeFailed=true&exclude-role=NONE&span=86400&role=.*&starttime=2017-03-19+00%3A00%3A00&exclude-facility=NONE&exclude-user=NONE&includeSuccess=true HTTP/1.0" 200 44132 "-" "Wget/1.12 (linux-gnu)"
192.170.227.196 - - [26/Mar/2017:11:15:17 +0000] "GET /gratia/glidein_bar_graphs/glidein_dn_hours_bar?facility=.*&probe=uchicago.ci-connect.*&resource-type=BatchPilot&vo=.*&grid=.*&user=.*&endtime=2017-03-26+23%3A59%3A59&exclude-vo=unknown%7Cother&includeFailed=true&exclude-role=NONE&span=86400&role=.*&starttime=2017-03-19+00%3A00%3A00&exclude-facility=NONE&exclude-user=NONE&includeSuccess=true HTTP/1.0" 200 43938 "-" "Wget/1.12 (linux-gnu)"
192.170.227.196 - - [26/Mar/2017:11:15:18 +0000] "GET /gratia/glidein_bar_graphs/glidein_exitcode_bar?facility=.*&probe=uchicago.ci-connect.*&resource-type=BatchPilot&vo=.*&grid=.*&user=.*&endtime=2017-03-26+23%3A59%3A59&exclude-vo=unknown%7Cother&includeFailed=true&exclude-role=NONE&span=86400&role=.*&starttime=2017-03-19+00%3A00%3A00&exclude-facility=NONE&exclude-user=NONE&includeSuccess=true HTTP/1.0" 200 45646 "-" "Wget/1.12 (linux-gnu)"
192.170.227.196 - - [26/Mar/2017:11:15:18 +0000] "GET /gratia/bar_graphs/project_site_hours_bar?facility=.*&probe=uchicago.ci-connect.*&resource-type=BatchPilot&vo=.*&user=.*&endtime=2017-03-26+23%3A59%3A59&exclude-vo=Unknown%7Cunknown%7Cother&includeFailed=true&exclude-role=NONE&span=86400&role=.*&starttime=2017-03-19+00%3A00%3A00&exclude-facility=NONE%7CGeneric%7CObsolete&exclude-user=NONE&includeSuccess=true&exclude-projectname=unknown%7Cother HTTP/1.0" 200 62451 "-" "Wget/1.12 (linux-gnu)"
128.138.133.25 - - [26/Mar/2017:11:16:01 +0000] "GET /gratia/bar_graphs/dn_hours_bar?facility=UColorado_HEP&title=&ylabel=Hours&starttime=2016-12-26%2000:00:00&endtime=2017-03-26%2000:00:00&legend=False&width=600&height=350&text_size=6&title_size=0&text_padding=3&figure_padding=50&group=resource_group HTTP/1.0" 200 34830 "-" "Wget/1.12 (linux-gnu)"
129.79.53.63 - - [26/Mar/2017:11:16:03 +0000] "GET //gratia HTTP/1.0" 301 334 "-" "Wget/1.11.4 Red Hat modified"
129.79.53.63 - - [26/Mar/2017:11:16:03 +0000] "GET /gratia/ HTTP/1.0" 200 17118 "-" "Wget/1.11.4 Red Hat modified"
129.79.53.126 - - [26/Mar/2017:11:30:01 +0000] "GET //gratia HTTP/1.1" 301 334 "-" "curl/7.19.7 (x86_64-redhat-linux-gnu) libcurl/7.19.7 NSS/3.18 Basic ECC zlib/1.2.3 libidn/1.18 libssh2/1.4.2"
129.79.53.48 - - [26/Mar/2017:11:30:02 +0000] "GET /gratia/xml HTTP/1.1" 200 23988 "-" "curl/7.19.7 (x86_64-redhat-linux-gnu) libcurl/7.19.7 NSS/3.19.1 Basic ECC zlib/1.2.3 libidn/1.18 libssh2/1.4.2"
192.170.227.196 - - [26/Mar/2017:11:30:01 +0000] "GET /gratia/bar_graphs/project_hours_bar?facility=.*&probe=atlas.ci-connect.*&resource-type=BatchPilot&vo=.*&grid=.*&user=.*&endtime=2017-03-26+23%3A59%3A59&exclude-vo=unknown%7Cother&includeFailed=true&exclude-role=NONE&span=86400&role=.*&starttime=2017-03-19+00%3A00%3A00&exclude-facility=NONE&exclude-user=NONE&includeSuccess=true HTTP/1.0" 200 43289 "-" "Wget/1.12 (linux-gnu)"
192.170.227.196 - - [26/Mar/2017:11:30:02 +0000] "GET /gratia/glidein_bar_graphs/glidein_dn_hours_bar?facility=.*&probe=atlas.ci-connect.*&resource-type=BatchPilot&vo=.*&grid=.*&user=.*&endtime=2017-03-26+23%3A59%3A59&exclude-vo=unknown%7Cother&includeFailed=true&exclude-role=NONE&span=86400&role=.*&starttime=2017-03-19+00%3A00%3A00&exclude-facility=NONE&exclude-user=NONE&includeSuccess=true HTTP/1.0" 200 48044 "-" "Wget/1.12 (linux-gnu)"
192.170.227.196 - - [26/Mar/2017:11:30:03 +0000] "GET /gratia/glidein_bar_graphs/glidein_exitcode_bar?facility=.*&probe=atlas.ci-connect.*&resource-type=BatchPilot&vo=.*&grid=.*&user=.*&endtime=2017-03-26+23%3A59%3A59&exclude-vo=unknown%7Cother&includeFailed=true&exclude-role=NONE&span=86400&role=.*&starttime=2017-03-19+00%3A00%3A00&exclude-facility=NONE&exclude-user=NONE&includeSuccess=true HTTP/1.0" 200 45252 "-" "Wget/1.12 (linux-gnu)"
::1 - - [26/Mar/2017:11:30:02 +0000] "GET /gratia/ HTTP/1.0" 200 17118 "-" "Wget/1.12 (linux-gnu)"
192.170.227.196 - - [26/Mar/2017:11:30:03 +0000] "GET /gratia/bar_graphs/project_site_hours_bar?facility=.*&probe=atlas.ci-connect.*&resource-type=BatchPilot&vo=.*&user=.*&endtime=2017-03-26+23%3A59%3A59&exclude-vo=Unknown%7Cunknown%7Cother&includeFailed=true&exclude-role=NONE&span=86400&role=.*&starttime=2017-03-19+00%3A00%3A00&exclude-facility=NONE%7CGeneric%7CObsolete&exclude-user=NONE&includeSuccess=true&exclude-projectname=unknown%7Cother HTTP/1.0" 200 67321 "-" "Wget/1.12 (linux-gnu)"
192.170.227.196 - - [26/Mar/2017:11:30:05 +0000] "GET /gratia/bar_graphs/project_hours_bar?facility=.*&probe=cms.ci-connect.*&resource-type=BatchPilot&vo=.*&grid=.*&user=.*&endtime=2017-03-26+23%3A59%3A59&exclude-vo=unknown%7Cother&includeFailed=true&exclude-role=NONE&span=86400&role=.*&starttime=2017-03-19+00%3A00%3A00&exclude-facility=NONE&exclude-user=NONE&includeSuccess=true HTTP/1.0" 200 16611 "-" "Wget/1.12 (linux-gnu)"
192.170.227.196 - - [26/Mar/2017:11:30:05 +0000] "GET /gratia/glidein_bar_graphs/glidein_dn_hours_bar?facility=.*&probe=cms.ci-connect.*&resource-type=BatchPilot&vo=.*&grid=.*&user=.*&endtime=2017-03-26+23%3A59%3A59&exclude-vo=unknown%7Cother&includeFailed=true&exclude-role=NONE&span=86400&role=.*&starttime=2017-03-19+00%3A00%3A00&exclude-facility=NONE&exclude-user=NONE&includeSuccess=true HTTP/1.0" 200 16611 "-" "Wget/1.12 (linux-gnu)"
192.170.227.196 - - [26/Mar/2017:11:30:05 +0000] "GET /gratia/glidein_bar_graphs/glidein_exitcode_bar?facility=.*&probe=cms.ci-connect.*&resource-type=BatchPilot&vo=.*&grid=.*&user=.*&endtime=2017-03-26+23%3A59%3A59&exclude-vo=unknown%7Cother&includeFailed=true&exclude-role=NONE&span=86400&role=.*&starttime=2017-03-19+00%3A00%3A00&exclude-facility=NONE&exclude-user=NONE&includeSuccess=true HTTP/1.0" 200 16611 "-" "Wget/1.12 (linux-gnu)"
192.170.227.196 - - [26/Mar/2017:11:30:06 +0000] "GET /gratia/bar_graphs/project_site_hours_bar?facility=.*&probe=cms.ci-connect.*&resource-type=BatchPilot&vo=.*&user=.*&endtime=2017-03-26+23%3A59%3A59&exclude-vo=Unknown%7Cunknown%7Cother&includeFailed=true&exclude-role=NONE&span=86400&role=.*&starttime=2017-03-19+00%3A00%3A00&exclude-facility=NONE%7CGeneric%7CObsolete&exclude-user=NONE&includeSuccess=true&exclude-projectname=unknown%7Cother HTTP/1.0" 200 16611 "-" "Wget/1.12 (linux-gnu)"
192.170.227.196 - - [26/Mar/2017:11:30:07 +0000] "GET /gratia/bar_graphs/project_hours_bar?facility=.*&probe=duke.ci-connect.*&resource-type=BatchPilot&vo=.*&grid=.*&user=.*&endtime=2017-03-26+23%3A59%3A59&exclude-vo=unknown%7Cother&includeFailed=true&exclude-role=NONE&span=86400&role=.*&starttime=2017-03-19+00%3A00%3A00&exclude-facility=NONE&exclude-user=NONE&includeSuccess=true HTTP/1.0" 200 41467 "-" "Wget/1.12 (linux-gnu)"
192.170.227.196 - - [26/Mar/2017:11:30:08 +0000] "GET /gratia/glidein_bar_graphs/glidein_dn_hours_bar?facility=.*&probe=duke.ci-connect.*&resource-type=BatchPilot&vo=.*&grid=.*&user=.*&endtime=2017-03-26+23%3A59%3A59&exclude-vo=unknown%7Cother&includeFailed=true&exclude-role=NONE&span=86400&role=.*&starttime=2017-03-19+00%3A00%3A00&exclude-facility=NONE&exclude-user=NONE&includeSuccess=true HTTP/1.0" 200 42257 "-" "Wget/1.12 (linux-gnu)"
192.170.227.196 - - [26/Mar/2017:11:30:08 +0000] "GET /gratia/glidein_bar_graphs/glidein_exitcode_bar?facility=.*&probe=duke.ci-connect.*&resource-type=BatchPilot&vo=.*&grid=.*&user=.*&endtime=2017-03-26+23%3A59%3A59&exclude-vo=unknown%7Cother&includeFailed=true&exclude-role=NONE&span=86400&role=.*&starttime=2017-03-19+00%3A00%3A00&exclude-facility=NONE&exclude-user=NONE&includeSuccess=true HTTP/1.0" 200 46670 "-" "Wget/1.12 (linux-gnu)"
192.170.227.196 - - [26/Mar/2017:11:30:09 +0000] "GET /gratia/bar_graphs/project_site_hours_bar?facility=.*&probe=duke.ci-connect.*&resource-type=BatchPilot&vo=.*&user=.*&endtime=2017-03-26+23%3A59%3A59&exclude-vo=Unknown%7Cunknown%7Cother&includeFailed=true&exclude-role=NONE&span=86400&role=.*&starttime=2017-03-19+00%3A00%3A00&exclude-facility=NONE%7CGeneric%7CObsolete&exclude-user=NONE&includeSuccess=true&exclude-projectname=unknown%7Cother HTTP/1.0" 200 59619 "-" "Wget/1.12 (linux-gnu)"
192.170.227.196 - - [26/Mar/2017:11:30:10 +0000] "GET /gratia/bar_graphs/project_hours_bar?facility=.*&probe=osgconnect.*&resource-type=BatchPilot&vo=.*&grid=.*&user=.*&endtime=2017-03-26+23%3A59%3A59&exclude-vo=unknown%7Cother&includeFailed=true&exclude-role=NONE&span=86400&role=.*&starttime=2017-03-19+00%3A00%3A00&exclude-facility=NONE&exclude-user=NONE&includeSuccess=true HTTP/1.0" 200 58886 "-" "Wget/1.12 (linux-gnu)"
192.170.227.196 - - [26/Mar/2017:11:30:10 +0000] "GET /gratia/glidein_bar_graphs/glidein_dn_hours_bar?facility=.*&probe=osgconnect.*&resource-type=BatchPilot&vo=.*&grid=.*&user=.*&endtime=2017-03-26+23%3A59%3A59&exclude-vo=unknown%7Cother&includeFailed=true&exclude-role=NONE&span=86400&role=.*&starttime=2017-03-19+00%3A00%3A00&exclude-facility=NONE&exclude-user=NONE&includeSuccess=true HTTP/1.0" 200 58865 "-" "Wget/1.12 (linux-gnu)"
192.170.227.196 - - [26/Mar/2017:11:30:11 +0000] "GET /gratia/glidein_bar_graphs/glidein_exitcode_bar?facility=.*&probe=osgconnect.*&resource-type=BatchPilot&vo=.*&grid=.*&user=.*&endtime=2017-03-26+23%3A59%3A59&exclude-vo=unknown%7Cother&includeFailed=true&exclude-role=NONE&span=86400&role=.*&starttime=2017-03-19+00%3A00%3A00&exclude-facility=NONE&exclude-user=NONE&includeSuccess=true HTTP/1.0" 200 48865 "-" "Wget/1.12 (linux-gnu)"
192.170.227.196 - - [26/Mar/2017:11:30:12 +0000] "GET /gratia/bar_graphs/project_site_hours_bar?facility=.*&probe=osgconnect.*&resource-type=BatchPilot&vo=.*&user=.*&endtime=2017-03-26+23%3A59%3A59&exclude-vo=Unknown%7Cunknown%7Cother&includeFailed=true&exclude-role=NONE&span=86400&role=.*&starttime=2017-03-19+00%3A00%3A00&exclude-facility=NONE%7CGeneric%7CObsolete&exclude-user=NONE&includeSuccess=true&exclude-projectname=unknown%7Cother HTTP/1.0" 200 74689 "-" "Wget/1.12 (linux-gnu)"
192.170.227.196 - - [26/Mar/2017:11:30:13 +0000] "GET /gratia/bar_graphs/project_hours_bar?facility=.*&probe=umich.ci-connect.*&resource-type=BatchPilot&vo=.*&grid=.*&user=.*&endtime=2017-03-26+23%3A59%3A59&exclude-vo=unknown%7Cother&includeFailed=true&exclude-role=NONE&span=86400&role=.*&starttime=2017-03-19+00%3A00%3A00&exclude-facility=NONE&exclude-user=NONE&includeSuccess=true HTTP/1.0" 200 16611 "-" "Wget/1.12 (linux-gnu)"
192.170.227.196 - - [26/Mar/2017:11:30:14 +0000] "GET /gratia/glidein_bar_graphs/glidein_dn_hours_bar?facility=.*&probe=umich.ci-connect.*&resource-type=BatchPilot&vo=.*&grid=.*&user=.*&endtime=2017-03-26+23%3A59%3A59&exclude-vo=unknown%7Cother&includeFailed=true&exclude-role=NONE&span=86400&role=.*&starttime=2017-03-19+00%3A00%3A00&exclude-facility=NONE&exclude-user=NONE&includeSuccess=true HTTP/1.0" 200 16611 "-" "Wget/1.12 (linux-gnu)"
192.170.227.196 - - [26/Mar/2017:11:30:14 +0000] "GET /gratia/glidein_bar_graphs/glidein_exitcode_bar?facility=.*&probe=umich.ci-connect.*&resource-type=BatchPilot&vo=.*&grid=.*&user=.*&endtime=2017-03-26+23%3A59%3A59&exclude-vo=unknown%7Cother&includeFailed=true&exclude-role=NONE&span=86400&role=.*&starttime=2017-03-19+00%3A00%3A00&exclude-facility=NONE&exclude-user=NONE&includeSuccess=true HTTP/1.0" 200 16611 "-" "Wget/1.12 (linux-gnu)"
192.170.227.196 - - [26/Mar/2017:11:30:15 +0000] "GET /gratia/bar_graphs/project_site_hours_bar?facility=.*&probe=umich.ci-connect.*&resource-type=BatchPilot&vo=.*&user=.*&endtime=2017-03-26+23%3A59%3A59&exclude-vo=Unknown%7Cunknown%7Cother&includeFailed=true&exclude-role=NONE&span=86400&role=.*&starttime=2017-03-19+00%3A00%3A00&exclude-facility=NONE%7CGeneric%7CObsolete&exclude-user=NONE&includeSuccess=true&exclude-projectname=unknown%7Cother HTTP/1.0" 200 16611 "-" "Wget/1.12 (linux-gnu)"
192.170.227.196 - - [26/Mar/2017:11:30:15 +0000] "GET /gratia/bar_graphs/project_hours_bar?facility=.*&probe=uchicago.ci-connect.*&resource-type=BatchPilot&vo=.*&grid=.*&user=.*&endtime=2017-03-26+23%3A59%3A59&exclude-vo=unknown%7Cother&includeFailed=true&exclude-role=NONE&span=86400&role=.*&starttime=2017-03-19+00%3A00%3A00&exclude-facility=NONE&exclude-user=NONE&includeSuccess=true HTTP/1.0" 200 44135 "-" "Wget/1.12 (linux-gnu)"
192.170.227.196 - - [26/Mar/2017:11:30:16 +0000] "GET /gratia/glidein_bar_graphs/glidein_dn_hours_bar?facility=.*&probe=uchicago.ci-connect.*&resource-type=BatchPilot&vo=.*&grid=.*&user=.*&endtime=2017-03-26+23%3A59%3A59&exclude-vo=unknown%7Cother&includeFailed=true&exclude-role=NONE&span=86400&role=.*&starttime=2017-03-19+00%3A00%3A00&exclude-facility=NONE&exclude-user=NONE&includeSuccess=true HTTP/1.0" 200 43941 "-" "Wget/1.12 (linux-gnu)"
192.170.227.196 - - [26/Mar/2017:11:30:16 +0000] "GET /gratia/glidein_bar_graphs/glidein_exitcode_bar?facility=.*&probe=uchicago.ci-connect.*&resource-type=BatchPilot&vo=.*&grid=.*&user=.*&endtime=2017-03-26+23%3A59%3A59&exclude-vo=unknown%7Cother&includeFailed=true&exclude-role=NONE&span=86400&role=.*&starttime=2017-03-19+00%3A00%3A00&exclude-facility=NONE&exclude-user=NONE&includeSuccess=true HTTP/1.0" 200 45479 "-" "Wget/1.12 (linux-gnu)"
192.170.227.196 - - [26/Mar/2017:11:30:44 +0000] "GET /gratia/bar_graphs/project_site_hours_bar?facility=.*&probe=uchicago.ci-connect.*&resource-type=BatchPilot&vo=.*&user=.*&endtime=2017-03-26+23%3A59%3A59&exclude-vo=Unknown%7Cunknown%7Cother&includeFailed=true&exclude-role=NONE&span=86400&role=.*&starttime=2017-03-19+00%3A00%3A00&exclude-facility=NONE%7CGeneric%7CObsolete&exclude-user=NONE&includeSuccess=true&exclude-projectname=unknown%7Cother HTTP/1.0" 200 62462 "-" "Wget/1.12 (linux-gnu)"
129.79.53.63 - - [26/Mar/2017:11:31:02 +0000] "GET //gratia HTTP/1.0" 301 334 "-" "Wget/1.11.4 Red Hat modified"
129.79.53.63 - - [26/Mar/2017:11:31:02 +0000] "GET /gratia/ HTTP/1.0" 200 17118 "-" "Wget/1.11.4 Red Hat modified"
129.79.53.48 - - [26/Mar/2017:11:45:01 +0000] "GET /gratia/xml HTTP/1.1" 200 23988 "-" "curl/7.19.7 (x86_64-redhat-linux-gnu) libcurl/7.19.7 NSS/3.19.1 Basic ECC zlib/1.2.3 libidn/1.18 libssh2/1.4.2"
128.138.133.19 - - [26/Mar/2017:11:45:01 +0000] "GET /gratia/bar_graphs/dn_hours_bar?facility=UColorado_HEP%7CUColorado_SE&title=&ylabel=Hours&starttime=2016-12-26%2004:45:01&endtime=2017-03-26%2005:45:01&legend=False&width=700&height=400&text_size=9&title_size=0&text_padding=3&figure_padding=50&group=resource_group HTTP/1.0" 200 55268 "-" "Wget/1.12 (linux-gnu)"
::1 - - [26/Mar/2017:11:45:01 +0000] "GET /gratia/ HTTP/1.0" 200 17118 "-" "Wget/1.12 (linux-gnu)"
129.79.53.63 - - [26/Mar/2017:11:46:03 +0000] "GET //gratia HTTP/1.0" 301 334 "-" "Wget/1.11.4 Red Hat modified"
129.79.53.63 - - [26/Mar/2017:11:46:03 +0000] "GET /gratia/ HTTP/1.0" 200 17118 "-" "Wget/1.11.4 Red Hat modified"
129.79.53.126 - - [26/Mar/2017:12:00:01 +0000] "GET //gratia HTTP/1.1" 301 334 "-" "curl/7.19.7 (x86_64-redhat-linux-gnu) libcurl/7.19.7 NSS/3.18 Basic ECC zlib/1.2.3 libidn/1.18 libssh2/1.4.2"
129.79.53.48 - - [26/Mar/2017:12:00:01 +0000] "GET /gratia/xml HTTP/1.1" 200 23988 "-" "curl/7.19.7 (x86_64-redhat-linux-gnu) libcurl/7.19.7 NSS/3.19.1 Basic ECC zlib/1.2.3 libidn/1.18 libssh2/1.4.2"
128.138.133.19 - - [26/Mar/2017:12:00:02 +0000] "GET /gratia/bar_graphs/dn_hours_bar?facility=UColorado_HEP%7CUColorado_SE&title=&ylabel=Hours&starttime=2016-12-26%2005:00:02&endtime=2017-03-26%2006:00:02&legend=False&width=700&height=400&text_size=9&title_size=0&text_padding=3&figure_padding=50&group=resource_group HTTP/1.0" 200 55268 "-" "Wget/1.12 (linux-gnu)"
::1 - - [26/Mar/2017:12:00:02 +0000] "GET /gratia/ HTTP/1.0" 200 17118 "-" "Wget/1.12 (linux-gnu)"
66.249.91.125 - - [26/Mar/2017:11:59:51 +0000] "GET /gratia/csv/glidein_hours_bar_smry?span=2592000&relativetime=absolute&vo_set=%5Eligo%24&vo=ligo&starttime=2015-09-14+00%3A00%3A00 HTTP/1.1" 200 34991 "-" "Mozilla/5.0 (compatible; GoogleDocs; apps-spreadsheets; +http://docs.google.com)"
129.79.53.63 - - [26/Mar/2017:12:01:02 +0000] "GET //gratia HTTP/1.0" 301 334 "-" "Wget/1.11.4 Red Hat modified"
129.79.53.63 - - [26/Mar/2017:12:01:02 +0000] "GET /gratia/ HTTP/1.0" 200 17118 "-" "Wget/1.11.4 Red Hat modified"
192.170.227.199 - - [26/Mar/2017:12:10:01 +0000] "GET /gratia/bar_graphs/project_hours_bar?facility=.*&probe=atlas.ci-connect.*&resource-type=BatchPilot&vo=.*&grid=.*&user=.*&endtime=2017-03-26+23%3A59%3A59&exclude-vo=unknown%7Cother&includeFailed=true&exclude-role=NONE&span=86400&role=.*&starttime=2017-03-19+00%3A00%3A00&exclude-facility=NONE&exclude-user=NONE&includeSuccess=true HTTP/1.0" 200 43289 "-" "Wget/1.12 (linux-gnu)"
192.170.227.203 - - [26/Mar/2017:12:10:01 +0000] "GET /gratia/bar_graphs/project_hours_bar?facility=.*&probe=duke.ci-connect.*&resource-type=BatchPilot&vo=.*&grid=.*&user=.*&endtime=2017-03-26+23%3A59%3A59&exclude-vo=unknown%7Cother&includeFailed=true&exclude-role=NONE&span=86400&role=.*&starttime=2017-03-19+00%3A00%3A00&exclude-facility=NONE&exclude-user=NONE&includeSuccess=true HTTP/1.0" 200 41355 "-" "Wget/1.12 (linux-gnu)"
192.170.227.199 - - [26/Mar/2017:12:10:02 +0000] "GET /gratia/glidein_bar_graphs/glidein_dn_hours_bar?facility=.*&probe=atlas.ci-connect.*&resource-type=BatchPilot&vo=.*&grid=.*&user=.*&endtime=2017-03-26+23%3A59%3A59&exclude-vo=unknown%7Cother&includeFailed=true&exclude-role=NONE&span=86400&role=.*&starttime=2017-03-19+00%3A00%3A00&exclude-facility=NONE&exclude-user=NONE&includeSuccess=true HTTP/1.0" 200 48044 "-" "Wget/1.12 (linux-gnu)"
192.170.227.199 - - [26/Mar/2017:12:10:02 +0000] "GET /gratia/glidein_bar_graphs/glidein_exitcode_bar?facility=.*&probe=atlas.ci-connect.*&resource-type=BatchPilot&vo=.*&grid=.*&user=.*&endtime=2017-03-26+23%3A59%3A59&exclude-vo=unknown%7Cother&includeFailed=true&exclude-role=NONE&span=86400&role=.*&starttime=2017-03-19+00%3A00%3A00&exclude-facility=NONE&exclude-user=NONE&includeSuccess=true HTTP/1.0" 200 44667 "-" "Wget/1.12 (linux-gnu)"
192.170.227.203 - - [26/Mar/2017:12:10:02 +0000] "GET /gratia/glidein_bar_graphs/glidein_dn_hours_bar?facility=.*&probe=duke.ci-connect.*&resource-type=BatchPilot&vo=.*&grid=.*&user=.*&endtime=2017-03-26+23%3A59%3A59&exclude-vo=unknown%7Cother&includeFailed=true&exclude-role=NONE&span=86400&role=.*&starttime=2017-03-19+00%3A00%3A00&exclude-facility=NONE&exclude-user=NONE&includeSuccess=true HTTP/1.0" 200 42145 "-" "Wget/1.12 (linux-gnu)"
192.170.227.203 - - [26/Mar/2017:12:10:03 +0000] "GET /gratia/glidein_bar_graphs/glidein_exitcode_bar?facility=.*&probe=duke.ci-connect.*&resource-type=BatchPilot&vo=.*&grid=.*&user=.*&endtime=2017-03-26+23%3A59%3A59&exclude-vo=unknown%7Cother&includeFailed=true&exclude-role=NONE&span=86400&role=.*&starttime=2017-03-19+00%3A00%3A00&exclude-facility=NONE&exclude-user=NONE&includeSuccess=true HTTP/1.0" 200 46693 "-" "Wget/1.12 (linux-gnu)"
192.170.227.199 - - [26/Mar/2017:12:10:03 +0000] "GET /gratia/bar_graphs/project_site_hours_bar?facility=.*&probe=atlas.ci-connect.*&resource-type=BatchPilot&vo=.*&user=.*&endtime=2017-03-26+23%3A59%3A59&exclude-vo=Unknown%7Cunknown%7Cother&includeFailed=true&exclude-role=NONE&span=86400&role=.*&starttime=2017-03-19+00%3A00%3A00&exclude-facility=NONE%7CGeneric%7CObsolete&exclude-user=NONE&includeSuccess=true&exclude-projectname=unknown%7Cother HTTP/1.0" 200 67321 "-" "Wget/1.12 (linux-gnu)"
192.170.227.203 - - [26/Mar/2017:12:10:04 +0000] "GET /gratia/bar_graphs/project_site_hours_bar?facility=.*&probe=duke.ci-connect.*&resource-type=BatchPilot&vo=.*&user=.*&endtime=2017-03-26+23%3A59%3A59&exclude-vo=Unknown%7Cunknown%7Cother&includeFailed=true&exclude-role=NONE&span=86400&role=.*&starttime=2017-03-19+00%3A00%3A00&exclude-facility=NONE%7CGeneric%7CObsolete&exclude-user=NONE&includeSuccess=true&exclude-projectname=unknown%7Cother HTTP/1.0" 200 59503 "-" "Wget/1.12 (linux-gnu)"
129.79.53.48 - - [26/Mar/2017:12:15:02 +0000] "GET /gratia/xml HTTP/1.1" 200 23988 "-" "curl/7.19.7 (x86_64-redhat-linux-gnu) libcurl/7.19.7 NSS/3.19.1 Basic ECC zlib/1.2.3 libidn/1.18 libssh2/1.4.2"
192.170.227.196 - - [26/Mar/2017:12:15:02 +0000] "GET /gratia/bar_graphs/project_hours_bar?facility=.*&probe=atlas.ci-connect.*&resource-type=BatchPilot&vo=.*&grid=.*&user=.*&endtime=2017-03-26+23%3A59%3A59&exclude-vo=unknown%7Cother&includeFailed=true&exclude-role=NONE&span=86400&role=.*&starttime=2017-03-19+00%3A00%3A00&exclude-facility=NONE&exclude-user=NONE&includeSuccess=true HTTP/1.0" 200 43289 "-" "Wget/1.12 (linux-gnu)"
192.170.227.196 - - [26/Mar/2017:12:15:02 +0000] "GET /gratia/glidein_bar_graphs/glidein_dn_hours_bar?facility=.*&probe=atlas.ci-connect.*&resource-type=BatchPilot&vo=.*&grid=.*&user=.*&endtime=2017-03-26+23%3A59%3A59&exclude-vo=unknown%7Cother&includeFailed=true&exclude-role=NONE&span=86400&role=.*&starttime=2017-03-19+00%3A00%3A00&exclude-facility=NONE&exclude-user=NONE&includeSuccess=true HTTP/1.0" 200 48044 "-" "Wget/1.12 (linux-gnu)"
192.170.227.196 - - [26/Mar/2017:12:15:02 +0000] "GET /gratia/glidein_bar_graphs/glidein_exitcode_bar?facility=.*&probe=atlas.ci-connect.*&resource-type=BatchPilot&vo=.*&grid=.*&user=.*&endtime=2017-03-26+23%3A59%3A59&exclude-vo=unknown%7Cother&includeFailed=true&exclude-role=NONE&span=86400&role=.*&starttime=2017-03-19+00%3A00%3A00&exclude-facility=NONE&exclude-user=NONE&includeSuccess=true HTTP/1.0" 200 44667 "-" "Wget/1.12 (linux-gnu)"
192.170.227.196 - - [26/Mar/2017:12:15:02 +0000] "GET /gratia/bar_graphs/project_site_hours_bar?facility=.*&probe=atlas.ci-connect.*&resource-type=BatchPilot&vo=.*&user=.*&endtime=2017-03-26+23%3A59%3A59&exclude-vo=Unknown%7Cunknown%7Cother&includeFailed=true&exclude-role=NONE&span=86400&role=.*&starttime=2017-03-19+00%3A00%3A00&exclude-facility=NONE%7CGeneric%7CObsolete&exclude-user=NONE&includeSuccess=true&exclude-projectname=unknown%7Cother HTTP/1.0" 200 67321 "-" "Wget/1.12 (linux-gnu)"
192.170.227.196 - - [26/Mar/2017:12:15:02 +0000] "GET /gratia/bar_graphs/project_hours_bar?facility=.*&probe=cms.ci-connect.*&resource-type=BatchPilot&vo=.*&grid=.*&user=.*&endtime=2017-03-26+23%3A59%3A59&exclude-vo=unknown%7Cother&includeFailed=true&exclude-role=NONE&span=86400&role=.*&starttime=2017-03-19+00%3A00%3A00&exclude-facility=NONE&exclude-user=NONE&includeSuccess=true HTTP/1.0" 200 16611 "-" "Wget/1.12 (linux-gnu)"
192.170.227.196 - - [26/Mar/2017:12:15:03 +0000] "GET /gratia/glidein_bar_graphs/glidein_dn_hours_bar?facility=.*&probe=cms.ci-connect.*&resource-type=BatchPilot&vo=.*&grid=.*&user=.*&endtime=2017-03-26+23%3A59%3A59&exclude-vo=unknown%7Cother&includeFailed=true&exclude-role=NONE&span=86400&role=.*&starttime=2017-03-19+00%3A00%3A00&exclude-facility=NONE&exclude-user=NONE&includeSuccess=true HTTP/1.0" 200 16611 "-" "Wget/1.12 (linux-gnu)"
192.170.227.196 - - [26/Mar/2017:12:15:03 +0000] "GET /gratia/glidein_bar_graphs/glidein_exitcode_bar?facility=.*&probe=cms.ci-connect.*&resource-type=BatchPilot&vo=.*&grid=.*&user=.*&endtime=2017-03-26+23%3A59%3A59&exclude-vo=unknown%7Cother&includeFailed=true&exclude-role=NONE&span=86400&role=.*&starttime=2017-03-19+00%3A00%3A00&exclude-facility=NONE&exclude-user=NONE&includeSuccess=true HTTP/1.0" 200 16611 "-" "Wget/1.12 (linux-gnu)"
192.170.227.196 - - [26/Mar/2017:12:15:04 +0000] "GET /gratia/bar_graphs/project_site_hours_bar?facility=.*&probe=cms.ci-connect.*&resource-type=BatchPilot&vo=.*&user=.*&endtime=2017-03-26+23%3A59%3A59&exclude-vo=Unknown%7Cunknown%7Cother&includeFailed=true&exclude-role=NONE&span=86400&role=.*&starttime=2017-03-19+00%3A00%3A00&exclude-facility=NONE%7CGeneric%7CObsolete&exclude-user=NONE&includeSuccess=true&exclude-projectname=unknown%7Cother HTTP/1.0" 200 16611 "-" "Wget/1.12 (linux-gnu)"
::1 - - [26/Mar/2017:12:15:02 +0000] "GET /gratia/ HTTP/1.0" 200 17118 "-" "Wget/1.12 (linux-gnu)"
192.170.227.196 - - [26/Mar/2017:12:15:04 +0000] "GET /gratia/bar_graphs/project_hours_bar?facility=.*&probe=duke.ci-connect.*&resource-type=BatchPilot&vo=.*&grid=.*&user=.*&endtime=2017-03-26+23%3A59%3A59&exclude-vo=unknown%7Cother&includeFailed=true&exclude-role=NONE&span=86400&role=.*&starttime=2017-03-19+00%3A00%3A00&exclude-facility=NONE&exclude-user=NONE&includeSuccess=true HTTP/1.0" 200 41355 "-" "Wget/1.12 (linux-gnu)"
192.170.227.196 - - [26/Mar/2017:12:15:05 +0000] "GET /gratia/glidein_bar_graphs/glidein_dn_hours_bar?facility=.*&probe=duke.ci-connect.*&resource-type=BatchPilot&vo=.*&grid=.*&user=.*&endtime=2017-03-26+23%3A59%3A59&exclude-vo=unknown%7Cother&includeFailed=true&exclude-role=NONE&span=86400&role=.*&starttime=2017-03-19+00%3A00%3A00&exclude-facility=NONE&exclude-user=NONE&includeSuccess=true HTTP/1.0" 200 42145 "-" "Wget/1.12 (linux-gnu)"
192.170.227.196 - - [26/Mar/2017:12:15:05 +0000] "GET /gratia/glidein_bar_graphs/glidein_exitcode_bar?facility=.*&probe=duke.ci-connect.*&resource-type=BatchPilot&vo=.*&grid=.*&user=.*&endtime=2017-03-26+23%3A59%3A59&exclude-vo=unknown%7Cother&includeFailed=true&exclude-role=NONE&span=86400&role=.*&starttime=2017-03-19+00%3A00%3A00&exclude-facility=NONE&exclude-user=NONE&includeSuccess=true HTTP/1.0" 200 46693 "-" "Wget/1.12 (linux-gnu)"
192.170.227.196 - - [26/Mar/2017:12:15:06 +0000] "GET /gratia/bar_graphs/project_site_hours_bar?facility=.*&probe=duke.ci-connect.*&resource-type=BatchPilot&vo=.*&user=.*&endtime=2017-03-26+23%3A59%3A59&exclude-vo=Unknown%7Cunknown%7Cother&includeFailed=true&exclude-role=NONE&span=86400&role=.*&starttime=2017-03-19+00%3A00%3A00&exclude-facility=NONE%7CGeneric%7CObsolete&exclude-user=NONE&includeSuccess=true&exclude-projectname=unknown%7Cother HTTP/1.0" 200 59503 "-" "Wget/1.12 (linux-gnu)"
192.170.227.196 - - [26/Mar/2017:12:15:24 +0000] "GET /gratia/bar_graphs/project_hours_bar?facility=.*&probe=osgconnect.*&resource-type=BatchPilot&vo=.*&grid=.*&user=.*&endtime=2017-03-26+23%3A59%3A59&exclude-vo=unknown%7Cother&includeFailed=true&exclude-role=NONE&span=86400&role=.*&starttime=2017-03-19+00%3A00%3A00&exclude-facility=NONE&exclude-user=NONE&includeSuccess=true HTTP/1.0" 200 58745 "-" "Wget/1.12 (linux-gnu)"
192.170.227.196 - - [26/Mar/2017:12:15:25 +0000] "GET /gratia/glidein_bar_graphs/glidein_dn_hours_bar?facility=.*&probe=osgconnect.*&resource-type=BatchPilot&vo=.*&grid=.*&user=.*&endtime=2017-03-26+23%3A59%3A59&exclude-vo=unknown%7Cother&includeFailed=true&exclude-role=NONE&span=86400&role=.*&starttime=2017-03-19+00%3A00%3A00&exclude-facility=NONE&exclude-user=NONE&includeSuccess=true HTTP/1.0" 200 58724 "-" "Wget/1.12 (linux-gnu)"
192.170.227.196 - - [26/Mar/2017:12:15:25 +0000] "GET /gratia/glidein_bar_graphs/glidein_exitcode_bar?facility=.*&probe=osgconnect.*&resource-type=BatchPilot&vo=.*&grid=.*&user=.*&endtime=2017-03-26+23%3A59%3A59&exclude-vo=unknown%7Cother&includeFailed=true&exclude-role=NONE&span=86400&role=.*&starttime=2017-03-19+00%3A00%3A00&exclude-facility=NONE&exclude-user=NONE&includeSuccess=true HTTP/1.0" 200 48770 "-" "Wget/1.12 (linux-gnu)"
192.170.227.196 - - [26/Mar/2017:12:15:26 +0000] "GET /gratia/bar_graphs/project_site_hours_bar?facility=.*&probe=osgconnect.*&resource-type=BatchPilot&vo=.*&user=.*&endtime=2017-03-26+23%3A59%3A59&exclude-vo=Unknown%7Cunknown%7Cother&includeFailed=true&exclude-role=NONE&span=86400&role=.*&starttime=2017-03-19+00%3A00%3A00&exclude-facility=NONE%7CGeneric%7CObsolete&exclude-user=NONE&includeSuccess=true&exclude-projectname=unknown%7Cother HTTP/1.0" 200 74695 "-" "Wget/1.12 (linux-gnu)"
192.170.227.196 - - [26/Mar/2017:12:15:27 +0000] "GET /gratia/bar_graphs/project_hours_bar?facility=.*&probe=umich.ci-connect.*&resource-type=BatchPilot&vo=.*&grid=.*&user=.*&endtime=2017-03-26+23%3A59%3A59&exclude-vo=unknown%7Cother&includeFailed=true&exclude-role=NONE&span=86400&role=.*&starttime=2017-03-19+00%3A00%3A00&exclude-facility=NONE&exclude-user=NONE&includeSuccess=true HTTP/1.0" 200 16611 "-" "Wget/1.12 (linux-gnu)"
192.170.227.196 - - [26/Mar/2017:12:15:28 +0000] "GET /gratia/glidein_bar_graphs/glidein_dn_hours_bar?facility=.*&probe=umich.ci-connect.*&resource-type=BatchPilot&vo=.*&grid=.*&user=.*&endtime=2017-03-26+23%3A59%3A59&exclude-vo=unknown%7Cother&includeFailed=true&exclude-role=NONE&span=86400&role=.*&starttime=2017-03-19+00%3A00%3A00&exclude-facility=NONE&exclude-user=NONE&includeSuccess=true HTTP/1.0" 200 16611 "-" "Wget/1.12 (linux-gnu)"
192.170.227.196 - - [26/Mar/2017:12:15:28 +0000] "GET /gratia/glidein_bar_graphs/glidein_exitcode_bar?facility=.*&probe=umich.ci-connect.*&resource-type=BatchPilot&vo=.*&grid=.*&user=.*&endtime=2017-03-26+23%3A59%3A59&exclude-vo=unknown%7Cother&includeFailed=true&exclude-role=NONE&span=86400&role=.*&starttime=2017-03-19+00%3A00%3A00&exclude-facility=NONE&exclude-user=NONE&includeSuccess=true HTTP/1.0" 200 16611 "-" "Wget/1.12 (linux-gnu)"
192.170.227.196 - - [26/Mar/2017:12:15:28 +0000] "GET /gratia/bar_graphs/project_site_hours_bar?facility=.*&probe=umich.ci-connect.*&resource-type=BatchPilot&vo=.*&user=.*&endtime=2017-03-26+23%3A59%3A59&exclude-vo=Unknown%7Cunknown%7Cother&includeFailed=true&exclude-role=NONE&span=86400&role=.*&starttime=2017-03-19+00%3A00%3A00&exclude-facility=NONE%7CGeneric%7CObsolete&exclude-user=NONE&includeSuccess=true&exclude-projectname=unknown%7Cother HTTP/1.0" 200 16611 "-" "Wget/1.12 (linux-gnu)"
192.170.227.196 - - [26/Mar/2017:12:15:29 +0000] "GET /gratia/bar_graphs/project_hours_bar?facility=.*&probe=uchicago.ci-connect.*&resource-type=BatchPilot&vo=.*&grid=.*&user=.*&endtime=2017-03-26+23%3A59%3A59&exclude-vo=unknown%7Cother&includeFailed=true&exclude-role=NONE&span=86400&role=.*&starttime=2017-03-19+00%3A00%3A00&exclude-facility=NONE&exclude-user=NONE&includeSuccess=true HTTP/1.0" 200 44135 "-" "Wget/1.12 (linux-gnu)"
192.170.227.196 - - [26/Mar/2017:12:15:29 +0000] "GET /gratia/glidein_bar_graphs/glidein_dn_hours_bar?facility=.*&probe=uchicago.ci-connect.*&resource-type=BatchPilot&vo=.*&grid=.*&user=.*&endtime=2017-03-26+23%3A59%3A59&exclude-vo=unknown%7Cother&includeFailed=true&exclude-role=NONE&span=86400&role=.*&starttime=2017-03-19+00%3A00%3A00&exclude-facility=NONE&exclude-user=NONE&includeSuccess=true HTTP/1.0" 200 43941 "-" "Wget/1.12 (linux-gnu)"
