128.138.133.19 - - [02/Apr/2017:07:00:02 +0000] "GET /gratia/bar_graphs/dn_hours_bar?facility=UColorado_HEP%7CUColorado_SE&title=&ylabel=Hours&starttime=2017-01-02%2000:00:02&endtime=2017-04-02%2001:00:02&legend=False&width=700&height=400&text_size=9&title_size=0&text_padding=3&figure_padding=50&group=resource_group HTTP/1.0" 200 55357 "-" "Wget/1.12 (linux-gnu)"
::1 - - [02/Apr/2017:07:00:02 +0000] "GET /gratia/ HTTP/1.0" 200 17118 "-" "Wget/1.12 (linux-gnu)"
129.79.53.63 - - [02/Apr/2017:07:01:04 +0000] "GET //gratia HTTP/1.0" 301 334 "-" "Wget/1.11.4 Red Hat modified"
129.79.53.63 - - [02/Apr/2017:07:01:04 +0000] "GET /gratia/ HTTP/1.0" 200 17118 "-" "Wget/1.11.4 Red Hat modified"
129.79.53.198 - - [02/Apr/2017:07:03:01 +0000] "GET /gratia/bar_graphs/project_hours_bar?facility=.*&probe=xd-login.opensciencegrid.org%7Cosg-xsede.grid.iu.edu&resource-type=BatchPilot&vo=.*&grid=.*&user=.*&endtime=2017-04-02+23%3A59%3A59&exclude-vo=unknown%7Cother&includeFailed=true&exclude-role=NONE&span=86400&role=.*&starttime=2017-03-26+00%3A00%3A00&exclude-facility=NONE&exclude-user=NONE&includeSuccess=true HTTP/1.0" 200 51015 "-" "Wget/1.12 (linux-gnu)"
129.79.53.198 - - [02/Apr/2017:07:03:02 +0000] "GET /gratia/glidein_bar_graphs/glidein_dn_hours_bar?facility=.*&probe=xd-login.opensciencegrid.org%7Cosg-xsede.grid.iu.edu&resource-type=BatchPilot&vo=.*&grid=.*&user=.*&endtime=2017-04-02+23%3A59%3A59&exclude-vo=unknown%7Cother&includeFailed=true&exclude-role=NONE&span=86400&role=.*&starttime=2017-03-26+00%3A00%3A00&exclude-facility=NONE&exclude-user=NONE&includeSuccess=true HTTP/1.0" 200 50584 "-" "Wget/1.12 (linux-gnu)"
129.79.53.198 - - [02/Apr/2017:07:03:03 +0000] "GET /gratia/glidein_bar_graphs/glidein_exitcode_bar?facility=.*&probe=xd-login.opensciencegrid.org%7Cosg-xsede.grid.iu.edu&resource-type=BatchPilot&vo=.*&grid=.*&user=.*&endtime=2017-04-02+23%3A59%3A59&exclude-vo=unknown%7Cother&includeFailed=true&exclude-role=NONE&span=86400&role=.*&starttime=2017-03-26+00%3A00%3A00&exclude-facility=NONE&exclude-user=NONE&includeSuccess=true HTTP/1.0" 200 49230 "-" "Wget/1.12 (linux-gnu)"
129.79.53.198 - - [02/Apr/2017:07:03:03 +0000] "GET /gratia/glidein_bar_graphs/glidein_dn_hours_bar?facility=.*&probe=gw68.quarry.iu.teragrid.org&resource-type=BatchPilot&vo=.*&grid=.*&user=.*&endtime=2017-04-02+23%3A59%3A59&exclude-vo=unknown%7Cother&includeFailed=true&exclude-role=NONE&span=86400&role=.*&starttime=2017-03-26+00%3A00%3A00&exclude-facility=NONE&exclude-user=NONE&includeSuccess=true HTTP/1.0" 200 16611 "-" "Wget/1.12 (linux-gnu)"
129.79.53.198 - - [02/Apr/2017:07:03:04 +0000] "GET /gratia/glidein_bar_graphs/glidein_exitcode_bar?facility=.*&probe=gw68.quarry.iu.teragrid.org&resource-type=BatchPilot&vo=.*&grid=.*&user=.*&endtime=2017-04-02+23%3A59%3A59&exclude-vo=unknown%7Cother&includeFailed=true&exclude-role=NONE&span=86400&role=.*&starttime=2017-03-26+00%3A00%3A00&exclude-facility=NONE&exclude-user=NONE&includeSuccess=true HTTP/1.0" 200 16611 "-" "Wget/1.12 (linux-gnu)"
129.79.53.198 - - [02/Apr/2017:07:03:04 +0000] "GET /gratia/glidein_bar_graphs/glidein_dn_hours_bar?facility=.*&probe=workflow.isi.edu&resource-type=BatchPilot&vo=.*&grid=.*&user=.*&endtime=2017-04-02+23%3A59%3A59&exclude-vo=unknown%7Cother&includeFailed=true&exclude-role=NONE&span=86400&role=.*&starttime=2017-03-26+00%3A00%3A00&exclude-facility=NONE&exclude-user=NONE&includeSuccess=true HTTP/1.0" 200 16611 "-" "Wget/1.12 (linux-gnu)"
129.79.53.198 - - [02/Apr/2017:07:03:04 +0000] "GET /gratia/glidein_bar_graphs/glidein_exitcode_bar?facility=.*&probe=workflow.isi.edu&resource-type=BatchPilot&vo=.*&grid=.*&user=.*&endtime=2017-04-02+23%3A59%3A59&exclude-vo=unknown%7Cother&includeFailed=true&exclude-role=NONE&span=86400&role=.*&starttime=2017-03-26+00%3A00%3A00&exclude-facility=NONE&exclude-user=NONE&includeSuccess=true HTTP/1.0" 200 16611 "-" "Wget/1.12 (linux-gnu)"
129.79.53.198 - - [02/Apr/2017:07:03:04 +0000] "GET /gratia/bar_graphs/dn_site_hours_bar?endtime=2017-04-02+23%3A59%3A59&span=86400&facility=.*&probe=.*&resource-type=%5EBatch%24&vo=osg%7COSG&role=.*&user=pilot&starttime=2017-03-26+00%3A00%3A00&exclude-facility=NONE%7CGeneric%7CObsolete&exclude-user=NONE&includeSuccess=true&exclude-vo=unknown%7Cother&includeFailed=true&exclude-role=NONE HTTP/1.0" 200 16611 "-" "Wget/1.12 (linux-gnu)"
129.79.53.198 - - [02/Apr/2017:07:03:04 +0000] "GET /gratia/cumulative_graphs/facility_success_cumulative_smry?span=86400&facility=.*&probe=.*&resource-type=%5EBatch$&vo=.*&user=pilot&starttime=2017-03-02%2000:00:00&exclude-facility=NONE%7CGeneric%7CObsolete&exclude-user=NONE&endtime=2017-04-02%2023:59:59&exclude-vo=unknown%7Cother& HTTP/1.0" 200 16611 "-" "Wget/1.12 (linux-gnu)"
192.170.227.199 - - [02/Apr/2017:07:10:01 +0000] "GET /gratia/bar_graphs/project_hours_bar?facility=.*&probe=atlas.ci-connect.*&resource-type=BatchPilot&vo=.*&grid=.*&user=.*&endtime=2017-04-02+23%3A59%3A59&exclude-vo=unknown%7Cother&includeFailed=true&exclude-role=NONE&span=86400&role=.*&starttime=2017-03-26+00%3A00%3A00&exclude-facility=NONE&exclude-user=NONE&includeSuccess=true HTTP/1.0" 200 42444 "-" "Wget/1.12 (linux-gnu)"
192.170.227.199 - - [02/Apr/2017:07:10:01 +0000] "GET /gratia/glidein_bar_graphs/glidein_dn_hours_bar?facility=.*&probe=atlas.ci-connect.*&resource-type=BatchPilot&vo=.*&grid=.*&user=.*&endtime=2017-04-02+23%3A59%3A59&exclude-vo=unknown%7Cother&includeFailed=true&exclude-role=NONE&span=86400&role=.*&starttime=2017-03-26+00%3A00%3A00&exclude-facility=NONE&exclude-user=NONE&includeSuccess=true HTTP/1.0" 200 46001 "-" "Wget/1.12 (linux-gnu)"
192.170.227.204 - - [02/Apr/2017:07:10:01 +0000] "GET /gratia/bar_graphs/project_hours_bar?facility=.*&probe=uchicago.ci-connect.*&resource-type=BatchPilot&vo=.*&grid=.*&user=.*&endtime=2017-04-02+23%3A59%3A59&exclude-vo=unknown%7Cother&includeFailed=true&exclude-role=NONE&span=86400&role=.*&starttime=2017-03-26+00%3A00%3A00&exclude-facility=NONE&exclude-user=NONE&includeSuccess=true HTTP/1.0" 200 44426 "-" "Wget/1.12 (linux-gnu)"
192.170.227.204 - - [02/Apr/2017:07:10:02 +0000] "GET /gratia/glidein_bar_graphs/glidein_dn_hours_bar?facility=.*&probe=uchicago.ci-connect.*&resource-type=BatchPilot&vo=.*&grid=.*&user=.*&endtime=2017-04-02+23%3A59%3A59&exclude-vo=unknown%7Cother&includeFailed=true&exclude-role=NONE&span=86400&role=.*&starttime=2017-03-26+00%3A00%3A00&exclude-facility=NONE&exclude-user=NONE&includeSuccess=true HTTP/1.0" 200 44227 "-" "Wget/1.12 (linux-gnu)"
192.170.227.199 - - [02/Apr/2017:07:10:02 +0000] "GET /gratia/glidein_bar_graphs/glidein_exitcode_bar?facility=.*&probe=atlas.ci-connect.*&resource-type=BatchPilot&vo=.*&grid=.*&user=.*&endtime=2017-04-02+23%3A59%3A59&exclude-vo=unknown%7Cother&includeFailed=true&exclude-role=NONE&span=86400&role=.*&starttime=2017-03-26+00%3A00%3A00&exclude-facility=NONE&exclude-user=NONE&includeSuccess=true HTTP/1.0" 200 45328 "-" "Wget/1.12 (linux-gnu)"
192.170.227.199 - - [02/Apr/2017:07:10:03 +0000] "GET /gratia/bar_graphs/project_site_hours_bar?facility=.*&probe=atlas.ci-connect.*&resource-type=BatchPilot&vo=.*&user=.*&endtime=2017-04-02+23%3A59%3A59&exclude-vo=Unknown%7Cunknown%7Cother&includeFailed=true&exclude-role=NONE&span=86400&role=.*&starttime=2017-03-26+00%3A00%3A00&exclude-facility=NONE%7CGeneric%7CObsolete&exclude-user=NONE&includeSuccess=true&exclude-projectname=unknown%7Cother HTTP/1.0" 200 48149 "-" "Wget/1.12 (linux-gnu)"
192.170.227.204 - - [02/Apr/2017:07:10:03 +0000] "GET /gratia/glidein_bar_graphs/glidein_exitcode_bar?facility=.*&probe=uchicago.ci-connect.*&resource-type=BatchPilot&vo=.*&grid=.*&user=.*&endtime=2017-04-02+23%3A59%3A59&exclude-vo=unknown%7Cother&includeFailed=true&exclude-role=NONE&span=86400&role=.*&starttime=2017-03-26+00%3A00%3A00&exclude-facility=NONE&exclude-user=NONE&includeSuccess=true HTTP/1.0" 200 45824 "-" "Wget/1.12 (linux-gnu)"
192.170.227.204 - - [02/Apr/2017:07:10:03 +0000] "GET /gratia/bar_graphs/project_site_hours_bar?facility=.*&probe=uchicago.ci-connect.*&resource-type=BatchPilot&vo=.*&user=.*&endtime=2017-04-02+23%3A59%3A59&exclude-vo=Unknown%7Cunknown%7Cother&includeFailed=true&exclude-role=NONE&span=86400&role=.*&starttime=2017-03-26+00%3A00%3A00&exclude-facility=NONE%7CGeneric%7CObsolete&exclude-user=NONE&includeSuccess=true&exclude-projectname=unknown%7Cother HTTP/1.0" 200 62132 "-" "Wget/1.12 (linux-gnu)"
5.178.71.146 - - [02/Apr/2017:07:10:14 +0000] "GET /CHANGELOG.txt HTTP/1.1" 404 291 "-" "Mozilla/4.0 (compatible; MSIE 6.0; MSIE 5.5; Windows NT 5.1) Opera 7.01 [en]"
5.178.71.146 - - [02/Apr/2017:07:10:14 +0000] "GET /drupal/CHANGELOG.txt HTTP/1.1" 404 298 "-" "Mozilla/4.0 (compatible; MSIE 6.0; MSIE 5.5; Windows NT 5.1) Opera 7.01 [en]"
5.178.71.146 - - [02/Apr/2017:07:10:14 +0000] "GET /site/CHANGELOG.txt HTTP/1.1" 404 296 "-" "Mozilla/4.0 (compatible; MSIE 6.0; MSIE 5.5; Windows NT 5.1) Opera 7.01 [en]"
5.178.71.146 - - [02/Apr/2017:07:10:15 +0000] "GET /store/CHANGELOG.txt HTTP/1.1" 404 297 "-" "Mozilla/4.0 (compatible; MSIE 6.0; MSIE 5.5; Windows NT 5.1) Opera 7.01 [en]"
5.178.71.146 - - [02/Apr/2017:07:10:15 +0000] "GET /test/CHANGELOG.txt HTTP/1.1" 404 296 "-" "Mozilla/4.0 (compatible; MSIE 6.0; MSIE 5.5; Windows NT 5.1) Opera 7.01 [en]"
5.178.71.146 - - [02/Apr/2017:07:10:15 +0000] "GET /shop/CHANGELOG.txt HTTP/1.1" 404 296 "-" "Mozilla/4.0 (compatible; MSIE 6.0; MSIE 5.5; Windows NT 5.1) Opera 7.01 [en]"
5.178.71.146 - - [02/Apr/2017:07:10:15 +0000] "GET /forum/CHANGELOG.txt HTTP/1.1" 404 297 "-" "Mozilla/4.0 (compatible; MSIE 6.0; MSIE 5.5; Windows NT 5.1) Opera 7.01 [en]"
5.178.71.146 - - [02/Apr/2017:07:10:15 +0000] "GET /CHANGELOG.txt HTTP/1.1" 404 290 "-" "Mozilla/4.0 (compatible; MSIE 6.0; MSIE 5.5; Windows NT 5.1) Opera 7.01 [en]"
5.178.71.146 - - [02/Apr/2017:07:10:15 +0000] "GET /blog/CHANGELOG.txt HTTP/1.1" 404 296 "-" "Mozilla/4.0 (compatible; MSIE 6.0; MSIE 5.5; Windows NT 5.1) Opera 7.01 [en]"
5.178.71.146 - - [02/Apr/2017:07:10:15 +0000] "GET /drupal/CHANGELOG.txt HTTP/1.1" 404 297 "-" "Mozilla/4.0 (compatible; MSIE 6.0; MSIE 5.5; Windows NT 5.1) Opera 7.01 [en]"
5.178.71.146 - - [02/Apr/2017:07:10:16 +0000] "GET /site/CHANGELOG.txt HTTP/1.1" 404 295 "-" "Mozilla/4.0 (compatible; MSIE 6.0; MSIE 5.5; Windows NT 5.1) Opera 7.01 [en]"
5.178.71.146 - - [02/Apr/2017:07:10:16 +0000] "GET /store/CHANGELOG.txt HTTP/1.1" 404 296 "-" "Mozilla/4.0 (compatible; MSIE 6.0; MSIE 5.5; Windows NT 5.1) Opera 7.01 [en]"
5.178.71.146 - - [02/Apr/2017:07:10:16 +0000] "GET /test/CHANGELOG.txt HTTP/1.1" 404 295 "-" "Mozilla/4.0 (compatible; MSIE 6.0; MSIE 5.5; Windows NT 5.1) Opera 7.01 [en]"
5.178.71.146 - - [02/Apr/2017:07:10:16 +0000] "GET /shop/CHANGELOG.txt HTTP/1.1" 404 295 "-" "Mozilla/4.0 (compatible; MSIE 6.0; MSIE 5.5; Windows NT 5.1) Opera 7.01 [en]"
5.178.71.146 - - [02/Apr/2017:07:10:16 +0000] "GET /forum/CHANGELOG.txt HTTP/1.1" 404 296 "-" "Mozilla/4.0 (compatible; MSIE 6.0; MSIE 5.5; Windows NT 5.1) Opera 7.01 [en]"
5.178.71.146 - - [02/Apr/2017:07:10:17 +0000] "GET /blog/CHANGELOG.txt HTTP/1.1" 404 295 "-" "Mozilla/4.0 (compatible; MSIE 6.0; MSIE 5.5; Windows NT 5.1) Opera 7.01 [en]"
129.79.53.48 - - [02/Apr/2017:07:15:01 +0000] "GET /gratia/xml HTTP/1.1" 200 23988 "-" "curl/7.19.7 (x86_64-redhat-linux-gnu) libcurl/7.19.7 NSS/3.19.1 Basic ECC zlib/1.2.3 libidn/1.18 libssh2/1.4.2"
::1 - - [02/Apr/2017:07:15:01 +0000] "GET /gratia/ HTTP/1.0" 200 17118 "-" "Wget/1.12 (linux-gnu)"
128.138.133.19 - - [02/Apr/2017:07:15:02 +0000] "GET /gratia/bar_graphs/dn_hours_bar?facility=UColorado_HEP%7CUColorado_SE&title=&ylabel=Hours&starttime=2017-01-02%2000:15:02&endtime=2017-04-02%2001:15:02&legend=False&width=700&height=400&text_size=9&title_size=0&text_padding=3&figure_padding=50&group=resource_group HTTP/1.0" 200 55357 "-" "Wget/1.12 (linux-gnu)"
129.79.53.63 - - [02/Apr/2017:07:16:02 +0000] "GET //gratia HTTP/1.0" 301 334 "-" "Wget/1.11.4 Red Hat modified"
129.79.53.63 - - [02/Apr/2017:07:16:02 +0000] "GET /gratia/ HTTP/1.0" 200 17118 "-" "Wget/1.11.4 Red Hat modified"
66.249.91.2 - - [02/Apr/2017:07:18:28 +0000] "GET /gratia/csv/glidein_hours_bar_smry?span=2592000&relativetime=absolute&vo_set=%5Eligo%24&vo=ligo&starttime=2015-09-14+00%3A00%3A00 HTTP/1.1" 200 35140 "-" "Mozilla/5.0 (compatible; GoogleDocs; apps-spreadsheets; +http://docs.google.com)"
66.102.9.60 - - [02/Apr/2017:07:29:10 +0000] "GET /favicon.ico HTTP/1.1" 404 297 "-" "Mozilla/5.0 (X11; Linux x86_64) AppleWebKit/537.36 (KHTML, like Gecko) Chrome/49.0.2623.75 Safari/537.36 Google Favicon"
129.79.53.48 - - [02/Apr/2017:07:30:01 +0000] "GET /gratia/xml HTTP/1.1" 200 23988 "-" "curl/7.19.7 (x86_64-redhat-linux-gnu) libcurl/7.19.7 NSS/3.19.1 Basic ECC zlib/1.2.3 libidn/1.18 libssh2/1.4.2"
129.79.53.126 - - [02/Apr/2017:07:30:01 +0000] "GET //gratia HTTP/1.1" 301 334 "-" "curl/7.19.7 (x86_64-redhat-linux-gnu) libcurl/7.19.7 NSS/3.18 Basic ECC zlib/1.2.3 libidn/1.18 libssh2/1.4.2"
::1 - - [02/Apr/2017:07:30:01 +0000] "GET /gratia/ HTTP/1.0" 200 17118 "-" "Wget/1.12 (linux-gnu)"
128.138.133.19 - - [02/Apr/2017:07:30:01 +0000] "GET /gratia/bar_graphs/dn_hours_bar?facility=UColorado_HEP%7CUColorado_SE&title=&ylabel=Hours&starttime=2017-01-02%2000:30:01&endtime=2017-04-02%2001:30:01&legend=False&width=700&height=400&text_size=9&title_size=0&text_padding=3&figure_padding=50&group=resource_group HTTP/1.0" 200 55469 "-" "Wget/1.12 (linux-gnu)"
129.79.53.63 - - [02/Apr/2017:07:31:01 +0000] "GET //gratia HTTP/1.0" 301 334 "-" "Wget/1.11.4 Red Hat modified"
129.79.53.63 - - [02/Apr/2017:07:31:01 +0000] "GET /gratia/ HTTP/1.0" 200 17118 "-" "Wget/1.11.4 Red Hat modified"
129.79.53.48 - - [02/Apr/2017:07:45:01 +0000] "GET /gratia/xml HTTP/1.1" 200 23988 "-" "curl/7.19.7 (x86_64-redhat-linux-gnu) libcurl/7.19.7 NSS/3.19.1 Basic ECC zlib/1.2.3 libidn/1.18 libssh2/1.4.2"
::1 - - [02/Apr/2017:07:45:01 +0000] "GET /gratia/ HTTP/1.0" 200 17118 "-" "Wget/1.12 (linux-gnu)"
128.138.133.19 - - [02/Apr/2017:07:45:02 +0000] "GET /gratia/bar_graphs/dn_hours_bar?facility=UColorado_HEP%7CUColorado_SE&title=&ylabel=Hours&starttime=2017-01-02%2000:45:02&endtime=2017-04-02%2001:45:02&legend=False&width=700&height=400&text_size=9&title_size=0&text_padding=3&figure_padding=50&group=resource_group HTTP/1.0" 200 55501 "-" "Wget/1.12 (linux-gnu)"
129.79.53.63 - - [02/Apr/2017:07:46:02 +0000] "GET //gratia HTTP/1.0" 301 334 "-" "Wget/1.11.4 Red Hat modified"
129.79.53.63 - - [02/Apr/2017:07:46:02 +0000] "GET /gratia/ HTTP/1.0" 200 17118 "-" "Wget/1.11.4 Red Hat modified"
129.79.53.126 - - [02/Apr/2017:08:00:00 +0000] "GET //gratia HTTP/1.1" 301 334 "-" "curl/7.19.7 (x86_64-redhat-linux-gnu) libcurl/7.19.7 NSS/3.18 Basic ECC zlib/1.2.3 libidn/1.18 libssh2/1.4.2"
129.79.53.48 - - [02/Apr/2017:08:00:01 +0000] "GET /gratia/xml HTTP/1.1" 200 23988 "-" "curl/7.19.7 (x86_64-redhat-linux-gnu) libcurl/7.19.7 NSS/3.19.1 Basic ECC zlib/1.2.3 libidn/1.18 libssh2/1.4.2"
192.170.227.196 - - [02/Apr/2017:08:00:02 +0000] "GET /gratia/bar_graphs/project_hours_bar?facility=.*&probe=atlas.ci-connect.*&resource-type=BatchPilot&vo=.*&grid=.*&user=.*&endtime=2017-04-02+23%3A59%3A59&exclude-vo=unknown%7Cother&includeFailed=true&exclude-role=NONE&span=86400&role=.*&starttime=2017-03-26+00%3A00%3A00&exclude-facility=NONE&exclude-user=NONE&includeSuccess=true HTTP/1.0" 200 42444 "-" "Wget/1.12 (linux-gnu)"
192.170.227.196 - - [02/Apr/2017:08:00:03 +0000] "GET /gratia/glidein_bar_graphs/glidein_dn_hours_bar?facility=.*&probe=atlas.ci-connect.*&resource-type=BatchPilot&vo=.*&grid=.*&user=.*&endtime=2017-04-02+23%3A59%3A59&exclude-vo=unknown%7Cother&includeFailed=true&exclude-role=NONE&span=86400&role=.*&starttime=2017-03-26+00%3A00%3A00&exclude-facility=NONE&exclude-user=NONE&includeSuccess=true HTTP/1.0" 200 46001 "-" "Wget/1.12 (linux-gnu)"
192.170.227.196 - - [02/Apr/2017:08:00:03 +0000] "GET /gratia/glidein_bar_graphs/glidein_exitcode_bar?facility=.*&probe=atlas.ci-connect.*&resource-type=BatchPilot&vo=.*&grid=.*&user=.*&endtime=2017-04-02+23%3A59%3A59&exclude-vo=unknown%7Cother&includeFailed=true&exclude-role=NONE&span=86400&role=.*&starttime=2017-03-26+00%3A00%3A00&exclude-facility=NONE&exclude-user=NONE&includeSuccess=true HTTP/1.0" 200 45328 "-" "Wget/1.12 (linux-gnu)"
192.170.227.196 - - [02/Apr/2017:08:00:04 +0000] "GET /gratia/bar_graphs/project_site_hours_bar?facility=.*&probe=atlas.ci-connect.*&resource-type=BatchPilot&vo=.*&user=.*&endtime=2017-04-02+23%3A59%3A59&exclude-vo=Unknown%7Cunknown%7Cother&includeFailed=true&exclude-role=NONE&span=86400&role=.*&starttime=2017-03-26+00%3A00%3A00&exclude-facility=NONE%7CGeneric%7CObsolete&exclude-user=NONE&includeSuccess=true&exclude-projectname=unknown%7Cother HTTP/1.0" 200 48149 "-" "Wget/1.12 (linux-gnu)"
192.170.227.196 - - [02/Apr/2017:08:00:04 +0000] "GET /gratia/bar_graphs/project_hours_bar?facility=.*&probe=cms.ci-connect.*&resource-type=BatchPilot&vo=.*&grid=.*&user=.*&endtime=2017-04-02+23%3A59%3A59&exclude-vo=unknown%7Cother&includeFailed=true&exclude-role=NONE&span=86400&role=.*&starttime=2017-03-26+00%3A00%3A00&exclude-facility=NONE&exclude-user=NONE&includeSuccess=true HTTP/1.0" 200 16611 "-" "Wget/1.12 (linux-gnu)"
::1 - - [02/Apr/2017:08:00:01 +0000] "GET /gratia/ HTTP/1.0" 200 17118 "-" "Wget/1.12 (linux-gnu)"
192.170.227.196 - - [02/Apr/2017:08:00:05 +0000] "GET /gratia/glidein_bar_graphs/glidein_dn_hours_bar?facility=.*&probe=cms.ci-connect.*&resource-type=BatchPilot&vo=.*&grid=.*&user=.*&endtime=2017-04-02+23%3A59%3A59&exclude-vo=unknown%7Cother&includeFailed=true&exclude-role=NONE&span=86400&role=.*&starttime=2017-03-26+00%3A00%3A00&exclude-facility=NONE&exclude-user=NONE&includeSuccess=true HTTP/1.0" 200 16611 "-" "Wget/1.12 (linux-gnu)"
192.170.227.196 - - [02/Apr/2017:08:00:05 +0000] "GET /gratia/glidein_bar_graphs/glidein_exitcode_bar?facility=.*&probe=cms.ci-connect.*&resource-type=BatchPilot&vo=.*&grid=.*&user=.*&endtime=2017-04-02+23%3A59%3A59&exclude-vo=unknown%7Cother&includeFailed=true&exclude-role=NONE&span=86400&role=.*&starttime=2017-03-26+00%3A00%3A00&exclude-facility=NONE&exclude-user=NONE&includeSuccess=true HTTP/1.0" 200 16611 "-" "Wget/1.12 (linux-gnu)"
192.170.227.196 - - [02/Apr/2017:08:00:06 +0000] "GET /gratia/bar_graphs/project_site_hours_bar?facility=.*&probe=cms.ci-connect.*&resource-type=BatchPilot&vo=.*&user=.*&endtime=2017-04-02+23%3A59%3A59&exclude-vo=Unknown%7Cunknown%7Cother&includeFailed=true&exclude-role=NONE&span=86400&role=.*&starttime=2017-03-26+00%3A00%3A00&exclude-facility=NONE%7CGeneric%7CObsolete&exclude-user=NONE&includeSuccess=true&exclude-projectname=unknown%7Cother HTTP/1.0" 200 16611 "-" "Wget/1.12 (linux-gnu)"
192.170.227.196 - - [02/Apr/2017:08:00:06 +0000] "GET /gratia/bar_graphs/project_hours_bar?facility=.*&probe=duke.ci-connect.*&resource-type=BatchPilot&vo=.*&grid=.*&user=.*&endtime=2017-04-02+23%3A59%3A59&exclude-vo=unknown%7Cother&includeFailed=true&exclude-role=NONE&span=86400&role=.*&starttime=2017-03-26+00%3A00%3A00&exclude-facility=NONE&exclude-user=NONE&includeSuccess=true HTTP/1.0" 200 42994 "-" "Wget/1.12 (linux-gnu)"
192.170.227.196 - - [02/Apr/2017:08:00:06 +0000] "GET /gratia/glidein_bar_graphs/glidein_dn_hours_bar?facility=.*&probe=duke.ci-connect.*&resource-type=BatchPilot&vo=.*&grid=.*&user=.*&endtime=2017-04-02+23%3A59%3A59&exclude-vo=unknown%7Cother&includeFailed=true&exclude-role=NONE&span=86400&role=.*&starttime=2017-03-26+00%3A00%3A00&exclude-facility=NONE&exclude-user=NONE&includeSuccess=true HTTP/1.0" 200 43597 "-" "Wget/1.12 (linux-gnu)"
192.170.227.196 - - [02/Apr/2017:08:00:07 +0000] "GET /gratia/glidein_bar_graphs/glidein_exitcode_bar?facility=.*&probe=duke.ci-connect.*&resource-type=BatchPilot&vo=.*&grid=.*&user=.*&endtime=2017-04-02+23%3A59%3A59&exclude-vo=unknown%7Cother&includeFailed=true&exclude-role=NONE&span=86400&role=.*&starttime=2017-03-26+00%3A00%3A00&exclude-facility=NONE&exclude-user=NONE&includeSuccess=true HTTP/1.0" 200 44119 "-" "Wget/1.12 (linux-gnu)"
192.170.227.196 - - [02/Apr/2017:08:00:08 +0000] "GET /gratia/bar_graphs/project_site_hours_bar?facility=.*&probe=duke.ci-connect.*&resource-type=BatchPilot&vo=.*&user=.*&endtime=2017-04-02+23%3A59%3A59&exclude-vo=Unknown%7Cunknown%7Cother&includeFailed=true&exclude-role=NONE&span=86400&role=.*&starttime=2017-03-26+00%3A00%3A00&exclude-facility=NONE%7CGeneric%7CObsolete&exclude-user=NONE&includeSuccess=true&exclude-projectname=unknown%7Cother HTTP/1.0" 200 60568 "-" "Wget/1.12 (linux-gnu)"
192.170.227.196 - - [02/Apr/2017:08:00:08 +0000] "GET /gratia/bar_graphs/project_hours_bar?facility=.*&probe=osgconnect.*&resource-type=BatchPilot&vo=.*&grid=.*&user=.*&endtime=2017-04-02+23%3A59%3A59&exclude-vo=unknown%7Cother&includeFailed=true&exclude-role=NONE&span=86400&role=.*&starttime=2017-03-26+00%3A00%3A00&exclude-facility=NONE&exclude-user=NONE&includeSuccess=true HTTP/1.0" 200 64814 "-" "Wget/1.12 (linux-gnu)"
192.170.227.196 - - [02/Apr/2017:08:00:09 +0000] "GET /gratia/glidein_bar_graphs/glidein_dn_hours_bar?facility=.*&probe=osgconnect.*&resource-type=BatchPilot&vo=.*&grid=.*&user=.*&endtime=2017-04-02+23%3A59%3A59&exclude-vo=unknown%7Cother&includeFailed=true&exclude-role=NONE&span=86400&role=.*&starttime=2017-03-26+00%3A00%3A00&exclude-facility=NONE&exclude-user=NONE&includeSuccess=true HTTP/1.0" 200 63943 "-" "Wget/1.12 (linux-gnu)"
192.170.227.196 - - [02/Apr/2017:08:00:10 +0000] "GET /gratia/glidein_bar_graphs/glidein_exitcode_bar?facility=.*&probe=osgconnect.*&resource-type=BatchPilot&vo=.*&grid=.*&user=.*&endtime=2017-04-02+23%3A59%3A59&exclude-vo=unknown%7Cother&includeFailed=true&exclude-role=NONE&span=86400&role=.*&starttime=2017-03-26+00%3A00%3A00&exclude-facility=NONE&exclude-user=NONE&includeSuccess=true HTTP/1.0" 200 46397 "-" "Wget/1.12 (linux-gnu)"
192.170.227.196 - - [02/Apr/2017:08:00:11 +0000] "GET /gratia/bar_graphs/project_site_hours_bar?facility=.*&probe=osgconnect.*&resource-type=BatchPilot&vo=.*&user=.*&endtime=2017-04-02+23%3A59%3A59&exclude-vo=Unknown%7Cunknown%7Cother&includeFailed=true&exclude-role=NONE&span=86400&role=.*&starttime=2017-03-26+00%3A00%3A00&exclude-facility=NONE%7CGeneric%7CObsolete&exclude-user=NONE&includeSuccess=true&exclude-projectname=unknown%7Cother HTTP/1.0" 200 79890 "-" "Wget/1.12 (linux-gnu)"
192.170.227.196 - - [02/Apr/2017:08:00:12 +0000] "GET /gratia/bar_graphs/project_hours_bar?facility=.*&probe=umich.ci-connect.*&resource-type=BatchPilot&vo=.*&grid=.*&user=.*&endtime=2017-04-02+23%3A59%3A59&exclude-vo=unknown%7Cother&includeFailed=true&exclude-role=NONE&span=86400&role=.*&starttime=2017-03-26+00%3A00%3A00&exclude-facility=NONE&exclude-user=NONE&includeSuccess=true HTTP/1.0" 200 16611 "-" "Wget/1.12 (linux-gnu)"
192.170.227.196 - - [02/Apr/2017:08:00:12 +0000] "GET /gratia/glidein_bar_graphs/glidein_dn_hours_bar?facility=.*&probe=umich.ci-connect.*&resource-type=BatchPilot&vo=.*&grid=.*&user=.*&endtime=2017-04-02+23%3A59%3A59&exclude-vo=unknown%7Cother&includeFailed=true&exclude-role=NONE&span=86400&role=.*&starttime=2017-03-26+00%3A00%3A00&exclude-facility=NONE&exclude-user=NONE&includeSuccess=true HTTP/1.0" 200 16611 "-" "Wget/1.12 (linux-gnu)"
192.170.227.196 - - [02/Apr/2017:08:00:12 +0000] "GET /gratia/glidein_bar_graphs/glidein_exitcode_bar?facility=.*&probe=umich.ci-connect.*&resource-type=BatchPilot&vo=.*&grid=.*&user=.*&endtime=2017-04-02+23%3A59%3A59&exclude-vo=unknown%7Cother&includeFailed=true&exclude-role=NONE&span=86400&role=.*&starttime=2017-03-26+00%3A00%3A00&exclude-facility=NONE&exclude-user=NONE&includeSuccess=true HTTP/1.0" 200 16611 "-" "Wget/1.12 (linux-gnu)"
192.170.227.196 - - [02/Apr/2017:08:00:13 +0000] "GET /gratia/bar_graphs/project_site_hours_bar?facility=.*&probe=umich.ci-connect.*&resource-type=BatchPilot&vo=.*&user=.*&endtime=2017-04-02+23%3A59%3A59&exclude-vo=Unknown%7Cunknown%7Cother&includeFailed=true&exclude-role=NONE&span=86400&role=.*&starttime=2017-03-26+00%3A00%3A00&exclude-facility=NONE%7CGeneric%7CObsolete&exclude-user=NONE&includeSuccess=true&exclude-projectname=unknown%7Cother HTTP/1.0" 200 16611 "-" "Wget/1.12 (linux-gnu)"
192.170.227.196 - - [02/Apr/2017:08:00:13 +0000] "GET /gratia/bar_graphs/project_hours_bar?facility=.*&probe=uchicago.ci-connect.*&resource-type=BatchPilot&vo=.*&grid=.*&user=.*&endtime=2017-04-02+23%3A59%3A59&exclude-vo=unknown%7Cother&includeFailed=true&exclude-role=NONE&span=86400&role=.*&starttime=2017-03-26+00%3A00%3A00&exclude-facility=NONE&exclude-user=NONE&includeSuccess=true HTTP/1.0" 200 44405 "-" "Wget/1.12 (linux-gnu)"
192.170.227.196 - - [02/Apr/2017:08:00:14 +0000] "GET /gratia/glidein_bar_graphs/glidein_dn_hours_bar?facility=.*&probe=uchicago.ci-connect.*&resource-type=BatchPilot&vo=.*&grid=.*&user=.*&endtime=2017-04-02+23%3A59%3A59&exclude-vo=unknown%7Cother&includeFailed=true&exclude-role=NONE&span=86400&role=.*&starttime=2017-03-26+00%3A00%3A00&exclude-facility=NONE&exclude-user=NONE&includeSuccess=true HTTP/1.0" 200 44206 "-" "Wget/1.12 (linux-gnu)"
192.170.227.196 - - [02/Apr/2017:08:00:14 +0000] "GET /gratia/glidein_bar_graphs/glidein_exitcode_bar?facility=.*&probe=uchicago.ci-connect.*&resource-type=BatchPilot&vo=.*&grid=.*&user=.*&endtime=2017-04-02+23%3A59%3A59&exclude-vo=unknown%7Cother&includeFailed=true&exclude-role=NONE&span=86400&role=.*&starttime=2017-03-26+00%3A00%3A00&exclude-facility=NONE&exclude-user=NONE&includeSuccess=true HTTP/1.0" 200 45885 "-" "Wget/1.12 (linux-gnu)"
192.170.227.196 - - [02/Apr/2017:08:00:15 +0000] "GET /gratia/bar_graphs/project_site_hours_bar?facility=.*&probe=uchicago.ci-connect.*&resource-type=BatchPilot&vo=.*&user=.*&endtime=2017-04-02+23%3A59%3A59&exclude-vo=Unknown%7Cunknown%7Cother&includeFailed=true&exclude-role=NONE&span=86400&role=.*&starttime=2017-03-26+00%3A00%3A00&exclude-facility=NONE%7CGeneric%7CObsolete&exclude-user=NONE&includeSuccess=true&exclude-projectname=unknown%7Cother HTTP/1.0" 200 62127 "-" "Wget/1.12 (linux-gnu)"
192.170.227.196 - - [02/Apr/2017:08:00:03 +0000] "GET /gratia/csv/in_out_transfer_volume?exclude-facility=NONE%7CGeneric%7CObsolete&span=86400&starttime=2017-01-02+08%3A00%3A01&facility=.%2A&protocol=.%2A&endtime=2017-04-02+08%3A00%3A01&exclude-vo=other&vo=.%2A HTTP/1.1" 200 6470 "-" "Python-urllib/2.6"
129.79.53.63 - - [02/Apr/2017:08:01:02 +0000] "GET //gratia HTTP/1.0" 301 334 "-" "Wget/1.11.4 Red Hat modified"
129.79.53.63 - - [02/Apr/2017:08:01:02 +0000] "GET /gratia/ HTTP/1.0" 200 17118 "-" "Wget/1.11.4 Red Hat modified"
192.170.227.196 - - [02/Apr/2017:08:00:27 +0000] "GET /gratia/csv/in_out_transfer_volume?exclude-facility=NONE%7CGeneric%7CObsolete&span=86400&starttime=2016-04-02+08%3A00%3A27&facility=.%2A&protocol=.%2A&endtime=2017-04-02+08%3A00%3A27&exclude-vo=other&vo=.%2A HTTP/1.1" 200 25933 "-" "Python-urllib/2.6"
66.249.91.2 - - [02/Apr/2017:08:02:32 +0000] "GET /gratia/csv/glidein_hours_bar_smry?span=2592000&relativetime=absolute&vo_set=%5Eligo%24&vo=ligo&starttime=2015-09-14+00%3A00%3A00 HTTP/1.1" 200 35140 "-" "Mozilla/5.0 (compatible; GoogleDocs; apps-spreadsheets; +http://docs.google.com)"
192.170.227.203 - - [02/Apr/2017:08:10:01 +0000] "GET /gratia/bar_graphs/project_hours_bar?facility=.*&probe=duke.ci-connect.*&resource-type=BatchPilot&vo=.*&grid=.*&user=.*&endtime=2017-04-02+23%3A59%3A59&exclude-vo=unknown%7Cother&includeFailed=true&exclude-role=NONE&span=86400&role=.*&starttime=2017-03-26+00%3A00%3A00&exclude-facility=NONE&exclude-user=NONE&includeSuccess=true HTTP/1.0" 200 42994 "-" "Wget/1.12 (linux-gnu)"
192.170.227.199 - - [02/Apr/2017:08:10:02 +0000] "GET /gratia/bar_graphs/project_hours_bar?facility=.*&probe=atlas.ci-connect.*&resource-type=BatchPilot&vo=.*&grid=.*&user=.*&endtime=2017-04-02+23%3A59%3A59&exclude-vo=unknown%7Cother&includeFailed=true&exclude-role=NONE&span=86400&role=.*&starttime=2017-03-26+00%3A00%3A00&exclude-facility=NONE&exclude-user=NONE&includeSuccess=true HTTP/1.0" 200 42444 "-" "Wget/1.12 (linux-gnu)"
192.170.227.203 - - [02/Apr/2017:08:10:02 +0000] "GET /gratia/glidein_bar_graphs/glidein_dn_hours_bar?facility=.*&probe=duke.ci-connect.*&resource-type=BatchPilot&vo=.*&grid=.*&user=.*&endtime=2017-04-02+23%3A59%3A59&exclude-vo=unknown%7Cother&includeFailed=true&exclude-role=NONE&span=86400&role=.*&starttime=2017-03-26+00%3A00%3A00&exclude-facility=NONE&exclude-user=NONE&includeSuccess=true HTTP/1.0" 200 43597 "-" "Wget/1.12 (linux-gnu)"
192.170.227.203 - - [02/Apr/2017:08:10:03 +0000] "GET /gratia/glidein_bar_graphs/glidein_exitcode_bar?facility=.*&probe=duke.ci-connect.*&resource-type=BatchPilot&vo=.*&grid=.*&user=.*&endtime=2017-04-02+23%3A59%3A59&exclude-vo=unknown%7Cother&includeFailed=true&exclude-role=NONE&span=86400&role=.*&starttime=2017-03-26+00%3A00%3A00&exclude-facility=NONE&exclude-user=NONE&includeSuccess=true HTTP/1.0" 200 44119 "-" "Wget/1.12 (linux-gnu)"
192.170.227.199 - - [02/Apr/2017:08:10:02 +0000] "GET /gratia/glidein_bar_graphs/glidein_dn_hours_bar?facility=.*&probe=atlas.ci-connect.*&resource-type=BatchPilot&vo=.*&grid=.*&user=.*&endtime=2017-04-02+23%3A59%3A59&exclude-vo=unknown%7Cother&includeFailed=true&exclude-role=NONE&span=86400&role=.*&starttime=2017-03-26+00%3A00%3A00&exclude-facility=NONE&exclude-user=NONE&includeSuccess=true HTTP/1.0" 200 46001 "-" "Wget/1.12 (linux-gnu)"
192.170.227.199 - - [02/Apr/2017:08:10:03 +0000] "GET /gratia/glidein_bar_graphs/glidein_exitcode_bar?facility=.*&probe=atlas.ci-connect.*&resource-type=BatchPilot&vo=.*&grid=.*&user=.*&endtime=2017-04-02+23%3A59%3A59&exclude-vo=unknown%7Cother&includeFailed=true&exclude-role=NONE&span=86400&role=.*&starttime=2017-03-26+00%3A00%3A00&exclude-facility=NONE&exclude-user=NONE&includeSuccess=true HTTP/1.0" 200 45328 "-" "Wget/1.12 (linux-gnu)"
192.170.227.203 - - [02/Apr/2017:08:10:03 +0000] "GET /gratia/bar_graphs/project_site_hours_bar?facility=.*&probe=duke.ci-connect.*&resource-type=BatchPilot&vo=.*&user=.*&endtime=2017-04-02+23%3A59%3A59&exclude-vo=Unknown%7Cunknown%7Cother&includeFailed=true&exclude-role=NONE&span=86400&role=.*&starttime=2017-03-26+00%3A00%3A00&exclude-facility=NONE%7CGeneric%7CObsolete&exclude-user=NONE&includeSuccess=true&exclude-projectname=unknown%7Cother HTTP/1.0" 200 60568 "-" "Wget/1.12 (linux-gnu)"
192.170.227.199 - - [02/Apr/2017:08:10:04 +0000] "GET /gratia/bar_graphs/project_site_hours_bar?facility=.*&probe=atlas.ci-connect.*&resource-type=BatchPilot&vo=.*&user=.*&endtime=2017-04-02+23%3A59%3A59&exclude-vo=Unknown%7Cunknown%7Cother&includeFailed=true&exclude-role=NONE&span=86400&role=.*&starttime=2017-03-26+00%3A00%3A00&exclude-facility=NONE%7CGeneric%7CObsolete&exclude-user=NONE&includeSuccess=true&exclude-projectname=unknown%7Cother HTTP/1.0" 200 48149 "-" "Wget/1.12 (linux-gnu)"
131.225.23.169 - - [02/Apr/2017:08:13:00 +0000] "GET / HTTP/1.1" 200 55 "-" "Mozilla/4.0 (compatible;)"
129.79.53.48 - - [02/Apr/2017:08:15:01 +0000] "GET /gratia/xml HTTP/1.1" 200 23988 "-" "curl/7.19.7 (x86_64-redhat-linux-gnu) libcurl/7.19.7 NSS/3.19.1 Basic ECC zlib/1.2.3 libidn/1.18 libssh2/1.4.2"
::1 - - [02/Apr/2017:08:15:01 +0000] "GET /gratia/ HTTP/1.0" 200 17118 "-" "Wget/1.12 (linux-gnu)"
128.138.133.19 - - [02/Apr/2017:08:15:02 +0000] "GET /gratia/bar_graphs/dn_hours_bar?facility=UColorado_HEP%7CUColorado_SE&title=&ylabel=Hours&starttime=2017-01-02%2001:15:02&endtime=2017-04-02%2002:15:02&legend=False&width=700&height=400&text_size=9&title_size=0&text_padding=3&figure_padding=50&group=resource_group HTTP/1.0" 200 55329 "-" "Wget/1.12 (linux-gnu)"
129.79.53.63 - - [02/Apr/2017:08:16:03 +0000] "GET //gratia HTTP/1.0" 301 334 "-" "Wget/1.11.4 Red Hat modified"
129.79.53.63 - - [02/Apr/2017:08:16:03 +0000] "GET /gratia/ HTTP/1.0" 200 17118 "-" "Wget/1.11.4 Red Hat modified"
195.223.209.229 - - [02/Apr/2017:08:26:23 +0000] "GET / HTTP/1.0" 200 55 "-" "-"
129.79.53.126 - - [02/Apr/2017:08:30:01 +0000] "GET //gratia HTTP/1.1" 301 334 "-" "curl/7.19.7 (x86_64-redhat-linux-gnu) libcurl/7.19.7 NSS/3.18 Basic ECC zlib/1.2.3 libidn/1.18 libssh2/1.4.2"
129.79.53.48 - - [02/Apr/2017:08:30:01 +0000] "GET /gratia/xml HTTP/1.1" 200 23988 "-" "curl/7.19.7 (x86_64-redhat-linux-gnu) libcurl/7.19.7 NSS/3.19.1 Basic ECC zlib/1.2.3 libidn/1.18 libssh2/1.4.2"
192.170.227.196 - - [02/Apr/2017:08:30:01 +0000] "GET /gratia/bar_graphs/project_hours_bar?facility=.*&probe=atlas.ci-connect.*&resource-type=BatchPilot&vo=.*&grid=.*&user=.*&endtime=2017-04-02+23%3A59%3A59&exclude-vo=unknown%7Cother&includeFailed=true&exclude-role=NONE&span=86400&role=.*&starttime=2017-03-26+00%3A00%3A00&exclude-facility=NONE&exclude-user=NONE&includeSuccess=true HTTP/1.0" 200 42444 "-" "Wget/1.12 (linux-gnu)"
192.170.227.196 - - [02/Apr/2017:08:30:02 +0000] "GET /gratia/glidein_bar_graphs/glidein_dn_hours_bar?facility=.*&probe=atlas.ci-connect.*&resource-type=BatchPilot&vo=.*&grid=.*&user=.*&endtime=2017-04-02+23%3A59%3A59&exclude-vo=unknown%7Cother&includeFailed=true&exclude-role=NONE&span=86400&role=.*&starttime=2017-03-26+00%3A00%3A00&exclude-facility=NONE&exclude-user=NONE&includeSuccess=true HTTP/1.0" 200 46001 "-" "Wget/1.12 (linux-gnu)"
192.170.227.196 - - [02/Apr/2017:08:30:02 +0000] "GET /gratia/glidein_bar_graphs/glidein_exitcode_bar?facility=.*&probe=atlas.ci-connect.*&resource-type=BatchPilot&vo=.*&grid=.*&user=.*&endtime=2017-04-02+23%3A59%3A59&exclude-vo=unknown%7Cother&includeFailed=true&exclude-role=NONE&span=86400&role=.*&starttime=2017-03-26+00%3A00%3A00&exclude-facility=NONE&exclude-user=NONE&includeSuccess=true HTTP/1.0" 200 45309 "-" "Wget/1.12 (linux-gnu)"
192.170.227.196 - - [02/Apr/2017:08:30:03 +0000] "GET /gratia/bar_graphs/project_site_hours_bar?facility=.*&probe=atlas.ci-connect.*&resource-type=BatchPilot&vo=.*&user=.*&endtime=2017-04-02+23%3A59%3A59&exclude-vo=Unknown%7Cunknown%7Cother&includeFailed=true&exclude-role=NONE&span=86400&role=.*&starttime=2017-03-26+00%3A00%3A00&exclude-facility=NONE%7CGeneric%7CObsolete&exclude-user=NONE&includeSuccess=true&exclude-projectname=unknown%7Cother HTTP/1.0" 200 48149 "-" "Wget/1.12 (linux-gnu)"
192.170.227.196 - - [02/Apr/2017:08:30:03 +0000] "GET /gratia/bar_graphs/project_hours_bar?facility=.*&probe=cms.ci-connect.*&resource-type=BatchPilot&vo=.*&grid=.*&user=.*&endtime=2017-04-02+23%3A59%3A59&exclude-vo=unknown%7Cother&includeFailed=true&exclude-role=NONE&span=86400&role=.*&starttime=2017-03-26+00%3A00%3A00&exclude-facility=NONE&exclude-user=NONE&includeSuccess=true HTTP/1.0" 200 16611 "-" "Wget/1.12 (linux-gnu)"
192.170.227.196 - - [02/Apr/2017:08:30:03 +0000] "GET /gratia/glidein_bar_graphs/glidein_dn_hours_bar?facility=.*&probe=cms.ci-connect.*&resource-type=BatchPilot&vo=.*&grid=.*&user=.*&endtime=2017-04-02+23%3A59%3A59&exclude-vo=unknown%7Cother&includeFailed=true&exclude-role=NONE&span=86400&role=.*&starttime=2017-03-26+00%3A00%3A00&exclude-facility=NONE&exclude-user=NONE&includeSuccess=true HTTP/1.0" 200 16611 "-" "Wget/1.12 (linux-gnu)"
::1 - - [02/Apr/2017:08:30:01 +0000] "GET /gratia/ HTTP/1.0" 200 17118 "-" "Wget/1.12 (linux-gnu)"
192.170.227.196 - - [02/Apr/2017:08:30:04 +0000] "GET /gratia/glidein_bar_graphs/glidein_exitcode_bar?facility=.*&probe=cms.ci-connect.*&resource-type=BatchPilot&vo=.*&grid=.*&user=.*&endtime=2017-04-02+23%3A59%3A59&exclude-vo=unknown%7Cother&includeFailed=true&exclude-role=NONE&span=86400&role=.*&starttime=2017-03-26+00%3A00%3A00&exclude-facility=NONE&exclude-user=NONE&includeSuccess=true HTTP/1.0" 200 16611 "-" "Wget/1.12 (linux-gnu)"
192.170.227.196 - - [02/Apr/2017:08:30:04 +0000] "GET /gratia/bar_graphs/project_site_hours_bar?facility=.*&probe=cms.ci-connect.*&resource-type=BatchPilot&vo=.*&user=.*&endtime=2017-04-02+23%3A59%3A59&exclude-vo=Unknown%7Cunknown%7Cother&includeFailed=true&exclude-role=NONE&span=86400&role=.*&starttime=2017-03-26+00%3A00%3A00&exclude-facility=NONE%7CGeneric%7CObsolete&exclude-user=NONE&includeSuccess=true&exclude-projectname=unknown%7Cother HTTP/1.0" 200 16611 "-" "Wget/1.12 (linux-gnu)"
192.170.227.196 - - [02/Apr/2017:08:30:04 +0000] "GET /gratia/bar_graphs/project_hours_bar?facility=.*&probe=duke.ci-connect.*&resource-type=BatchPilot&vo=.*&grid=.*&user=.*&endtime=2017-04-02+23%3A59%3A59&exclude-vo=unknown%7Cother&includeFailed=true&exclude-role=NONE&span=86400&role=.*&starttime=2017-03-26+00%3A00%3A00&exclude-facility=NONE&exclude-user=NONE&includeSuccess=true HTTP/1.0" 200 42994 "-" "Wget/1.12 (linux-gnu)"
192.170.227.196 - - [02/Apr/2017:08:30:05 +0000] "GET /gratia/glidein_bar_graphs/glidein_dn_hours_bar?facility=.*&probe=duke.ci-connect.*&resource-type=BatchPilot&vo=.*&grid=.*&user=.*&endtime=2017-04-02+23%3A59%3A59&exclude-vo=unknown%7Cother&includeFailed=true&exclude-role=NONE&span=86400&role=.*&starttime=2017-03-26+00%3A00%3A00&exclude-facility=NONE&exclude-user=NONE&includeSuccess=true HTTP/1.0" 200 43597 "-" "Wget/1.12 (linux-gnu)"
192.170.227.196 - - [02/Apr/2017:08:30:05 +0000] "GET /gratia/glidein_bar_graphs/glidein_exitcode_bar?facility=.*&probe=duke.ci-connect.*&resource-type=BatchPilot&vo=.*&grid=.*&user=.*&endtime=2017-04-02+23%3A59%3A59&exclude-vo=unknown%7Cother&includeFailed=true&exclude-role=NONE&span=86400&role=.*&starttime=2017-03-26+00%3A00%3A00&exclude-facility=NONE&exclude-user=NONE&includeSuccess=true HTTP/1.0" 200 44119 "-" "Wget/1.12 (linux-gnu)"
192.170.227.196 - - [02/Apr/2017:08:30:06 +0000] "GET /gratia/bar_graphs/project_site_hours_bar?facility=.*&probe=duke.ci-connect.*&resource-type=BatchPilot&vo=.*&user=.*&endtime=2017-04-02+23%3A59%3A59&exclude-vo=Unknown%7Cunknown%7Cother&includeFailed=true&exclude-role=NONE&span=86400&role=.*&starttime=2017-03-26+00%3A00%3A00&exclude-facility=NONE%7CGeneric%7CObsolete&exclude-user=NONE&includeSuccess=true&exclude-projectname=unknown%7Cother HTTP/1.0" 200 60568 "-" "Wget/1.12 (linux-gnu)"
192.170.227.196 - - [02/Apr/2017:08:30:06 +0000] "GET /gratia/bar_graphs/project_hours_bar?facility=.*&probe=osgconnect.*&resource-type=BatchPilot&vo=.*&grid=.*&user=.*&endtime=2017-04-02+23%3A59%3A59&exclude-vo=unknown%7Cother&includeFailed=true&exclude-role=NONE&span=86400&role=.*&starttime=2017-03-26+00%3A00%3A00&exclude-facility=NONE&exclude-user=NONE&includeSuccess=true HTTP/1.0" 200 64674 "-" "Wget/1.12 (linux-gnu)"
192.170.227.196 - - [02/Apr/2017:08:30:07 +0000] "GET /gratia/glidein_bar_graphs/glidein_dn_hours_bar?facility=.*&probe=osgconnect.*&resource-type=BatchPilot&vo=.*&grid=.*&user=.*&endtime=2017-04-02+23%3A59%3A59&exclude-vo=unknown%7Cother&includeFailed=true&exclude-role=NONE&span=86400&role=.*&starttime=2017-03-26+00%3A00%3A00&exclude-facility=NONE&exclude-user=NONE&includeSuccess=true HTTP/1.0" 200 63800 "-" "Wget/1.12 (linux-gnu)"
192.170.227.196 - - [02/Apr/2017:08:30:08 +0000] "GET /gratia/glidein_bar_graphs/glidein_exitcode_bar?facility=.*&probe=osgconnect.*&resource-type=BatchPilot&vo=.*&grid=.*&user=.*&endtime=2017-04-02+23%3A59%3A59&exclude-vo=unknown%7Cother&includeFailed=true&exclude-role=NONE&span=86400&role=.*&starttime=2017-03-26+00%3A00%3A00&exclude-facility=NONE&exclude-user=NONE&includeSuccess=true HTTP/1.0" 200 46856 "-" "Wget/1.12 (linux-gnu)"
192.170.227.196 - - [02/Apr/2017:08:30:09 +0000] "GET /gratia/bar_graphs/project_site_hours_bar?facility=.*&probe=osgconnect.*&resource-type=BatchPilot&vo=.*&user=.*&endtime=2017-04-02+23%3A59%3A59&exclude-vo=Unknown%7Cunknown%7Cother&includeFailed=true&exclude-role=NONE&span=86400&role=.*&starttime=2017-03-26+00%3A00%3A00&exclude-facility=NONE%7CGeneric%7CObsolete&exclude-user=NONE&includeSuccess=true&exclude-projectname=unknown%7Cother HTTP/1.0" 200 79744 "-" "Wget/1.12 (linux-gnu)"
192.170.227.196 - - [02/Apr/2017:08:30:10 +0000] "GET /gratia/bar_graphs/project_hours_bar?facility=.*&probe=umich.ci-connect.*&resource-type=BatchPilot&vo=.*&grid=.*&user=.*&endtime=2017-04-02+23%3A59%3A59&exclude-vo=unknown%7Cother&includeFailed=true&exclude-role=NONE&span=86400&role=.*&starttime=2017-03-26+00%3A00%3A00&exclude-facility=NONE&exclude-user=NONE&includeSuccess=true HTTP/1.0" 200 16611 "-" "Wget/1.12 (linux-gnu)"
192.170.227.196 - - [02/Apr/2017:08:30:10 +0000] "GET /gratia/glidein_bar_graphs/glidein_dn_hours_bar?facility=.*&probe=umich.ci-connect.*&resource-type=BatchPilot&vo=.*&grid=.*&user=.*&endtime=2017-04-02+23%3A59%3A59&exclude-vo=unknown%7Cother&includeFailed=true&exclude-role=NONE&span=86400&role=.*&starttime=2017-03-26+00%3A00%3A00&exclude-facility=NONE&exclude-user=NONE&includeSuccess=true HTTP/1.0" 200 16611 "-" "Wget/1.12 (linux-gnu)"
192.170.227.196 - - [02/Apr/2017:08:30:10 +0000] "GET /gratia/glidein_bar_graphs/glidein_exitcode_bar?facility=.*&probe=umich.ci-connect.*&resource-type=BatchPilot&vo=.*&grid=.*&user=.*&endtime=2017-04-02+23%3A59%3A59&exclude-vo=unknown%7Cother&includeFailed=true&exclude-role=NONE&span=86400&role=.*&starttime=2017-03-26+00%3A00%3A00&exclude-facility=NONE&exclude-user=NONE&includeSuccess=true HTTP/1.0" 200 16611 "-" "Wget/1.12 (linux-gnu)"
192.170.227.196 - - [02/Apr/2017:08:30:11 +0000] "GET /gratia/bar_graphs/project_site_hours_bar?facility=.*&probe=umich.ci-connect.*&resource-type=BatchPilot&vo=.*&user=.*&endtime=2017-04-02+23%3A59%3A59&exclude-vo=Unknown%7Cunknown%7Cother&includeFailed=true&exclude-role=NONE&span=86400&role=.*&starttime=2017-03-26+00%3A00%3A00&exclude-facility=NONE%7CGeneric%7CObsolete&exclude-user=NONE&includeSuccess=true&exclude-projectname=unknown%7Cother HTTP/1.0" 200 16611 "-" "Wget/1.12 (linux-gnu)"
192.170.227.196 - - [02/Apr/2017:08:30:11 +0000] "GET /gratia/bar_graphs/project_hours_bar?facility=.*&probe=uchicago.ci-connect.*&resource-type=BatchPilot&vo=.*&grid=.*&user=.*&endtime=2017-04-02+23%3A59%3A59&exclude-vo=unknown%7Cother&includeFailed=true&exclude-role=NONE&span=86400&role=.*&starttime=2017-03-26+00%3A00%3A00&exclude-facility=NONE&exclude-user=NONE&includeSuccess=true HTTP/1.0" 200 44268 "-" "Wget/1.12 (linux-gnu)"
192.170.227.196 - - [02/Apr/2017:08:30:12 +0000] "GET /gratia/glidein_bar_graphs/glidein_dn_hours_bar?facility=.*&probe=uchicago.ci-connect.*&resource-type=BatchPilot&vo=.*&grid=.*&user=.*&endtime=2017-04-02+23%3A59%3A59&exclude-vo=unknown%7Cother&includeFailed=true&exclude-role=NONE&span=86400&role=.*&starttime=2017-03-26+00%3A00%3A00&exclude-facility=NONE&exclude-user=NONE&includeSuccess=true HTTP/1.0" 200 44069 "-" "Wget/1.12 (linux-gnu)"
192.170.227.196 - - [02/Apr/2017:08:30:13 +0000] "GET /gratia/glidein_bar_graphs/glidein_exitcode_bar?facility=.*&probe=uchicago.ci-connect.*&resource-type=BatchPilot&vo=.*&grid=.*&user=.*&endtime=2017-04-02+23%3A59%3A59&exclude-vo=unknown%7Cother&includeFailed=true&exclude-role=NONE&span=86400&role=.*&starttime=2017-03-26+00%3A00%3A00&exclude-facility=NONE&exclude-user=NONE&includeSuccess=true HTTP/1.0" 200 45935 "-" "Wget/1.12 (linux-gnu)"
192.170.227.196 - - [02/Apr/2017:08:30:13 +0000] "GET /gratia/bar_graphs/project_site_hours_bar?facility=.*&probe=uchicago.ci-connect.*&resource-type=BatchPilot&vo=.*&user=.*&endtime=2017-04-02+23%3A59%3A59&exclude-vo=Unknown%7Cunknown%7Cother&includeFailed=true&exclude-role=NONE&span=86400&role=.*&starttime=2017-03-26+00%3A00%3A00&exclude-facility=NONE%7CGeneric%7CObsolete&exclude-user=NONE&includeSuccess=true&exclude-projectname=unknown%7Cother HTTP/1.0" 200 61989 "-" "Wget/1.12 (linux-gnu)"
129.79.53.63 - - [02/Apr/2017:08:31:03 +0000] "GET //gratia HTTP/1.0" 301 334 "-" "Wget/1.11.4 Red Hat modified"
129.79.53.63 - - [02/Apr/2017:08:31:03 +0000] "GET /gratia/ HTTP/1.0" 200 17118 "-" "Wget/1.11.4 Red Hat modified"
66.249.91.30 - - [02/Apr/2017:08:40:34 +0000] "GET /gratia/csv/glidein_hours_bar_smry?span=2592000&relativetime=absolute&vo_set=%5Eligo%24&vo=ligo&starttime=2015-09-14+00%3A00%3A00 HTTP/1.1" 200 35140 "-" "Mozilla/5.0 (compatible; GoogleDocs; apps-spreadsheets; +http://docs.google.com)"
129.79.53.48 - - [02/Apr/2017:08:45:01 +0000] "GET /gratia/xml HTTP/1.1" 200 23988 "-" "curl/7.19.7 (x86_64-redhat-linux-gnu) libcurl/7.19.7 NSS/3.19.1 Basic ECC zlib/1.2.3 libidn/1.18 libssh2/1.4.2"
::1 - - [02/Apr/2017:08:45:01 +0000] "GET /gratia/ HTTP/1.0" 200 17118 "-" "Wget/1.12 (linux-gnu)"
192.170.227.196 - - [02/Apr/2017:08:45:06 +0000] "GET /gratia/bar_graphs/project_hours_bar?facility=.*&probe=atlas.ci-connect.*&resource-type=BatchPilot&vo=.*&grid=.*&user=.*&endtime=2017-04-02+23%3A59%3A59&exclude-vo=unknown%7Cother&includeFailed=true&exclude-role=NONE&span=86400&role=.*&starttime=2017-03-26+00%3A00%3A00&exclude-facility=NONE&exclude-user=NONE&includeSuccess=true HTTP/1.0" 200 42444 "-" "Wget/1.12 (linux-gnu)"
192.170.227.196 - - [02/Apr/2017:08:45:10 +0000] "GET /gratia/glidein_bar_graphs/glidein_dn_hours_bar?facility=.*&probe=atlas.ci-connect.*&resource-type=BatchPilot&vo=.*&grid=.*&user=.*&endtime=2017-04-02+23%3A59%3A59&exclude-vo=unknown%7Cother&includeFailed=true&exclude-role=NONE&span=86400&role=.*&starttime=2017-03-26+00%3A00%3A00&exclude-facility=NONE&exclude-user=NONE&includeSuccess=true HTTP/1.0" 200 46001 "-" "Wget/1.12 (linux-gnu)"
192.170.227.196 - - [02/Apr/2017:08:45:11 +0000] "GET /gratia/glidein_bar_graphs/glidein_exitcode_bar?facility=.*&probe=atlas.ci-connect.*&resource-type=BatchPilot&vo=.*&grid=.*&user=.*&endtime=2017-04-02+23%3A59%3A59&exclude-vo=unknown%7Cother&includeFailed=true&exclude-role=NONE&span=86400&role=.*&starttime=2017-03-26+00%3A00%3A00&exclude-facility=NONE&exclude-user=NONE&includeSuccess=true HTTP/1.0" 200 45309 "-" "Wget/1.12 (linux-gnu)"
192.170.227.196 - - [02/Apr/2017:08:45:11 +0000] "GET /gratia/bar_graphs/project_site_hours_bar?facility=.*&probe=atlas.ci-connect.*&resource-type=BatchPilot&vo=.*&user=.*&endtime=2017-04-02+23%3A59%3A59&exclude-vo=Unknown%7Cunknown%7Cother&includeFailed=true&exclude-role=NONE&span=86400&role=.*&starttime=2017-03-26+00%3A00%3A00&exclude-facility=NONE%7CGeneric%7CObsolete&exclude-user=NONE&includeSuccess=true&exclude-projectname=unknown%7Cother HTTP/1.0" 200 48149 "-" "Wget/1.12 (linux-gnu)"
192.170.227.196 - - [02/Apr/2017:08:45:12 +0000] "GET /gratia/bar_graphs/project_hours_bar?facility=.*&probe=cms.ci-connect.*&resource-type=BatchPilot&vo=.*&grid=.*&user=.*&endtime=2017-04-02+23%3A59%3A59&exclude-vo=unknown%7Cother&includeFailed=true&exclude-role=NONE&span=86400&role=.*&starttime=2017-03-26+00%3A00%3A00&exclude-facility=NONE&exclude-user=NONE&includeSuccess=true HTTP/1.0" 200 16611 "-" "Wget/1.12 (linux-gnu)"
192.170.227.196 - - [02/Apr/2017:08:45:12 +0000] "GET /gratia/glidein_bar_graphs/glidein_dn_hours_bar?facility=.*&probe=cms.ci-connect.*&resource-type=BatchPilot&vo=.*&grid=.*&user=.*&endtime=2017-04-02+23%3A59%3A59&exclude-vo=unknown%7Cother&includeFailed=true&exclude-role=NONE&span=86400&role=.*&starttime=2017-03-26+00%3A00%3A00&exclude-facility=NONE&exclude-user=NONE&includeSuccess=true HTTP/1.0" 200 16611 "-" "Wget/1.12 (linux-gnu)"
192.170.227.196 - - [02/Apr/2017:08:45:13 +0000] "GET /gratia/glidein_bar_graphs/glidein_exitcode_bar?facility=.*&probe=cms.ci-connect.*&resource-type=BatchPilot&vo=.*&grid=.*&user=.*&endtime=2017-04-02+23%3A59%3A59&exclude-vo=unknown%7Cother&includeFailed=true&exclude-role=NONE&span=86400&role=.*&starttime=2017-03-26+00%3A00%3A00&exclude-facility=NONE&exclude-user=NONE&includeSuccess=true HTTP/1.0" 200 16611 "-" "Wget/1.12 (linux-gnu)"
192.170.227.196 - - [02/Apr/2017:08:45:13 +0000] "GET /gratia/bar_graphs/project_site_hours_bar?facility=.*&probe=cms.ci-connect.*&resource-type=BatchPilot&vo=.*&user=.*&endtime=2017-04-02+23%3A59%3A59&exclude-vo=Unknown%7Cunknown%7Cother&includeFailed=true&exclude-role=NONE&span=86400&role=.*&starttime=2017-03-26+00%3A00%3A00&exclude-facility=NONE%7CGeneric%7CObsolete&exclude-user=NONE&includeSuccess=true&exclude-projectname=unknown%7Cother HTTP/1.0" 200 16611 "-" "Wget/1.12 (linux-gnu)"
192.170.227.196 - - [02/Apr/2017:08:45:13 +0000] "GET /gratia/bar_graphs/project_hours_bar?facility=.*&probe=duke.ci-connect.*&resource-type=BatchPilot&vo=.*&grid=.*&user=.*&endtime=2017-04-02+23%3A59%3A59&exclude-vo=unknown%7Cother&includeFailed=true&exclude-role=NONE&span=86400&role=.*&starttime=2017-03-26+00%3A00%3A00&exclude-facility=NONE&exclude-user=NONE&includeSuccess=true HTTP/1.0" 200 42994 "-" "Wget/1.12 (linux-gnu)"
192.170.227.196 - - [02/Apr/2017:08:45:14 +0000] "GET /gratia/glidein_bar_graphs/glidein_dn_hours_bar?facility=.*&probe=duke.ci-connect.*&resource-type=BatchPilot&vo=.*&grid=.*&user=.*&endtime=2017-04-02+23%3A59%3A59&exclude-vo=unknown%7Cother&includeFailed=true&exclude-role=NONE&span=86400&role=.*&starttime=2017-03-26+00%3A00%3A00&exclude-facility=NONE&exclude-user=NONE&includeSuccess=true HTTP/1.0" 200 43597 "-" "Wget/1.12 (linux-gnu)"
192.170.227.196 - - [02/Apr/2017:08:45:14 +0000] "GET /gratia/glidein_bar_graphs/glidein_exitcode_bar?facility=.*&probe=duke.ci-connect.*&resource-type=BatchPilot&vo=.*&grid=.*&user=.*&endtime=2017-04-02+23%3A59%3A59&exclude-vo=unknown%7Cother&includeFailed=true&exclude-role=NONE&span=86400&role=.*&starttime=2017-03-26+00%3A00%3A00&exclude-facility=NONE&exclude-user=NONE&includeSuccess=true HTTP/1.0" 200 44119 "-" "Wget/1.12 (linux-gnu)"
192.170.227.196 - - [02/Apr/2017:08:45:15 +0000] "GET /gratia/bar_graphs/project_site_hours_bar?facility=.*&probe=duke.ci-connect.*&resource-type=BatchPilot&vo=.*&user=.*&endtime=2017-04-02+23%3A59%3A59&exclude-vo=Unknown%7Cunknown%7Cother&includeFailed=true&exclude-role=NONE&span=86400&role=.*&starttime=2017-03-26+00%3A00%3A00&exclude-facility=NONE%7CGeneric%7CObsolete&exclude-user=NONE&includeSuccess=true&exclude-projectname=unknown%7Cother HTTP/1.0" 200 60568 "-" "Wget/1.12 (linux-gnu)"
192.170.227.196 - - [02/Apr/2017:08:45:15 +0000] "GET /gratia/bar_graphs/project_hours_bar?facility=.*&probe=osgconnect.*&resource-type=BatchPilot&vo=.*&grid=.*&user=.*&endtime=2017-04-02+23%3A59%3A59&exclude-vo=unknown%7Cother&includeFailed=true&exclude-role=NONE&span=86400&role=.*&starttime=2017-03-26+00%3A00%3A00&exclude-facility=NONE&exclude-user=NONE&includeSuccess=true HTTP/1.0" 200 64674 "-" "Wget/1.12 (linux-gnu)"
