exclude-facility=NONE%7CGeneric%7CObsolete&exclude-user=NONE&includeSuccess=true&exclude-projectname=unknown%7Cother HTTP/1.0" 200 61370 "-" "Wget/1.12 (linux-gnu)"
192.170.227.196 - - [30/Mar/2017:23:45:09 +0000] "GET /gratia/bar_graphs/project_hours_bar?facility=.*&probe=osgconnect.*&resource-type=BatchPilot&vo=.*&grid=.*&user=.*&endtime=2017-03-30+23%3A59%3A59&exclude-vo=unknown%7Cother&includeFailed=true&exclude-role=NONE&span=86400&role=.*&starttime=2017-03-23+00%3A00%3A00&exclude-facility=NONE&exclude-user=NONE&includeSuccess=true HTTP/1.0" 200 64123 "-" "Wget/1.12 (linux-gnu)"
192.170.227.196 - - [30/Mar/2017:23:45:10 +0000] "GET /gratia/glidein_bar_graphs/glidein_dn_hours_bar?facility=.*&probe=osgconnect.*&resource-type=BatchPilot&vo=.*&grid=.*&user=.*&endtime=2017-03-30+23%3A59%3A59&exclude-vo=unknown%7Cother&includeFailed=true&exclude-role=NONE&span=86400&role=.*&starttime=2017-03-23+00%3A00%3A00&exclude-facility=NONE&exclude-user=NONE&includeSuccess=true HTTP/1.0" 200 62358 "-" "Wget/1.12 (linux-gnu)"
192.170.227.196 - - [30/Mar/2017:23:45:10 +0000] "GET /gratia/glidein_bar_graphs/glidein_exitcode_bar?facility=.*&probe=osgconnect.*&resource-type=BatchPilot&vo=.*&grid=.*&user=.*&endtime=2017-03-30+23%3A59%3A59&exclude-vo=unknown%7Cother&includeFailed=true&exclude-role=NONE&span=86400&role=.*&starttime=2017-03-23+00%3A00%3A00&exclude-facility=NONE&exclude-user=NONE&includeSuccess=true HTTP/1.0" 200 48200 "-" "Wget/1.12 (linux-gnu)"
192.170.227.196 - - [30/Mar/2017:23:45:11 +0000] "GET /gratia/bar_graphs/project_site_hours_bar?facility=.*&probe=osgconnect.*&resource-type=BatchPilot&vo=.*&user=.*&endtime=2017-03-30+23%3A59%3A59&exclude-vo=Unknown%7Cunknown%7Cother&includeFailed=true&exclude-role=NONE&span=86400&role=.*&starttime=2017-03-23+00%3A00%3A00&exclude-facility=NONE%7CGeneric%7CObsolete&exclude-user=NONE&includeSuccess=true&exclude-projectname=unknown%7Cother HTTP/1.0" 200 78376 "-" "Wget/1.12 (linux-gnu)"
192.170.227.196 - - [30/Mar/2017:23:45:13 +0000] "GET /gratia/bar_graphs/project_hours_bar?facility=.*&probe=umich.ci-connect.*&resource-type=BatchPilot&vo=.*&grid=.*&user=.*&endtime=2017-03-30+23%3A59%3A59&exclude-vo=unknown%7Cother&includeFailed=true&exclude-role=NONE&span=86400&role=.*&starttime=2017-03-23+00%3A00%3A00&exclude-facility=NONE&exclude-user=NONE&includeSuccess=true HTTP/1.0" 200 16611 "-" "Wget/1.12 (linux-gnu)"
192.170.227.196 - - [30/Mar/2017:23:45:13 +0000] "GET /gratia/glidein_bar_graphs/glidein_dn_hours_bar?facility=.*&probe=umich.ci-connect.*&resource-type=BatchPilot&vo=.*&grid=.*&user=.*&endtime=2017-03-30+23%3A59%3A59&exclude-vo=unknown%7Cother&includeFailed=true&exclude-role=NONE&span=86400&role=.*&starttime=2017-03-23+00%3A00%3A00&exclude-facility=NONE&exclude-user=NONE&includeSuccess=true HTTP/1.0" 200 16611 "-" "Wget/1.12 (linux-gnu)"
192.170.227.196 - - [30/Mar/2017:23:45:13 +0000] "GET /gratia/glidein_bar_graphs/glidein_exitcode_bar?facility=.*&probe=umich.ci-connect.*&resource-type=BatchPilot&vo=.*&grid=.*&user=.*&endtime=2017-03-30+23%3A59%3A59&exclude-vo=unknown%7Cother&includeFailed=true&exclude-role=NONE&span=86400&role=.*&starttime=2017-03-23+00%3A00%3A00&exclude-facility=NONE&exclude-user=NONE&includeSuccess=true HTTP/1.0" 200 16611 "-" "Wget/1.12 (linux-gnu)"
192.170.227.196 - - [30/Mar/2017:23:45:14 +0000] "GET /gratia/bar_graphs/project_site_hours_bar?facility=.*&probe=umich.ci-connect.*&resource-type=BatchPilot&vo=.*&user=.*&endtime=2017-03-30+23%3A59%3A59&exclude-vo=Unknown%7Cunknown%7Cother&includeFailed=true&exclude-role=NONE&span=86400&role=.*&starttime=2017-03-23+00%3A00%3A00&exclude-facility=NONE%7CGeneric%7CObsolete&exclude-user=NONE&includeSuccess=true&exclude-projectname=unknown%7Cother HTTP/1.0" 200 16611 "-" "Wget/1.12 (linux-gnu)"
192.170.227.196 - - [30/Mar/2017:23:45:14 +0000] "GET /gratia/bar_graphs/project_hours_bar?facility=.*&probe=uchicago.ci-connect.*&resource-type=BatchPilot&vo=.*&grid=.*&user=.*&endtime=2017-03-30+23%3A59%3A59&exclude-vo=unknown%7Cother&includeFailed=true&exclude-role=NONE&span=86400&role=.*&starttime=2017-03-23+00%3A00%3A00&exclude-facility=NONE&exclude-user=NONE&includeSuccess=true HTTP/1.0" 200 44093 "-" "Wget/1.12 (linux-gnu)"
192.170.227.196 - - [30/Mar/2017:23:45:14 +0000] "GET /gratia/glidein_bar_graphs/glidein_dn_hours_bar?facility=.*&probe=uchicago.ci-connect.*&resource-type=BatchPilot&vo=.*&grid=.*&user=.*&endtime=2017-03-30+23%3A59%3A59&exclude-vo=unknown%7Cother&includeFailed=true&exclude-role=NONE&span=86400&role=.*&starttime=2017-03-23+00%3A00%3A00&exclude-facility=NONE&exclude-user=NONE&includeSuccess=true HTTP/1.0" 200 43898 "-" "Wget/1.12 (linux-gnu)"
192.170.227.196 - - [30/Mar/2017:23:45:15 +0000] "GET /gratia/glidein_bar_graphs/glidein_exitcode_bar?facility=.*&probe=uchicago.ci-connect.*&resource-type=BatchPilot&vo=.*&grid=.*&user=.*&endtime=2017-03-30+23%3A59%3A59&exclude-vo=unknown%7Cother&includeFailed=true&exclude-role=NONE&span=86400&role=.*&starttime=2017-03-23+00%3A00%3A00&exclude-facility=NONE&exclude-user=NONE&includeSuccess=true HTTP/1.0" 200 48259 "-" "Wget/1.12 (linux-gnu)"
192.170.227.196 - - [30/Mar/2017:23:45:16 +0000] "GET /gratia/bar_graphs/project_site_hours_bar?facility=.*&probe=uchicago.ci-connect.*&resource-type=BatchPilot&vo=.*&user=.*&endtime=2017-03-30+23%3A59%3A59&exclude-vo=Unknown%7Cunknown%7Cother&includeFailed=true&exclude-role=NONE&span=86400&role=.*&starttime=2017-03-23+00%3A00%3A00&exclude-facility=NONE%7CGeneric%7CObsolete&exclude-user=NONE&includeSuccess=true&exclude-projectname=unknown%7Cother HTTP/1.0" 200 64010 "-" "Wget/1.12 (linux-gnu)"
129.79.53.63 - - [30/Mar/2017:23:46:03 +0000] "GET //gratia HTTP/1.0" 301 334 "-" "Wget/1.11.4 Red Hat modified"
129.79.53.63 - - [30/Mar/2017:23:46:03 +0000] "GET /gratia/ HTTP/1.0" 200 17118 "-" "Wget/1.11.4 Red Hat modified"
66.249.91.2 - - [30/Mar/2017:23:47:36 +0000] "GET /gratia/csv/glidein_hours_bar_smry?span=2592000&relativetime=absolute&vo_set=%5Eligo%24&vo=ligo&starttime=2015-09-14+00%3A00%3A00 HTTP/1.1" 200 35151 "-" "Mozilla/5.0 (compatible; GoogleDocs; apps-spreadsheets; +http://docs.google.com)"
129.79.53.126 - - [31/Mar/2017:00:00:01 +0000] "GET //gratia HTTP/1.1" 301 334 "-" "curl/7.19.7 (x86_64-redhat-linux-gnu) libcurl/7.19.7 NSS/3.18 Basic ECC zlib/1.2.3 libidn/1.18 libssh2/1.4.2"
129.79.53.48 - - [31/Mar/2017:00:00:01 +0000] "GET /gratia/xml HTTP/1.1" 200 23988 "-" "curl/7.19.7 (x86_64-redhat-linux-gnu) libcurl/7.19.7 NSS/3.19.1 Basic ECC zlib/1.2.3 libidn/1.18 libssh2/1.4.2"
128.138.133.19 - - [31/Mar/2017:00:00:02 +0000] "GET /gratia/bar_graphs/dn_hours_bar?facility=UColorado_HEP%7CUColorado_SE&title=&ylabel=Hours&starttime=2016-12-30%2017:00:02&endtime=2017-03-30%2018:00:02&legend=False&width=700&height=400&text_size=9&title_size=0&text_padding=3&figure_padding=50&group=resource_group HTTP/1.0" 200 55428 "-" "Wget/1.12 (linux-gnu)"
::1 - - [31/Mar/2017:00:00:01 +0000] "GET /gratia/ HTTP/1.0" 200 17118 "-" "Wget/1.12 (linux-gnu)"
129.79.53.63 - - [31/Mar/2017:00:01:02 +0000] "GET //gratia HTTP/1.0" 301 334 "-" "Wget/1.11.4 Red Hat modified"
129.79.53.63 - - [31/Mar/2017:00:01:02 +0000] "GET /gratia/ HTTP/1.0" 200 17118 "-" "Wget/1.11.4 Red Hat modified"
129.79.53.198 - - [31/Mar/2017:00:03:01 +0000] "GET /gratia/bar_graphs/project_hours_bar?facility=.*&probe=xd-login.opensciencegrid.org%7Cosg-xsede.grid.iu.edu&resource-type=BatchPilot&vo=.*&grid=.*&user=.*&endtime=2017-03-31+23%3A59%3A59&exclude-vo=unknown%7Cother&includeFailed=true&exclude-role=NONE&span=86400&role=.*&starttime=2017-03-24+00%3A00%3A00&exclude-facility=NONE&exclude-user=NONE&includeSuccess=true HTTP/1.0" 200 51656 "-" "Wget/1.12 (linux-gnu)"
129.79.53.198 - - [31/Mar/2017:00:03:02 +0000] "GET /gratia/glidein_bar_graphs/glidein_dn_hours_bar?facility=.*&probe=xd-login.opensciencegrid.org%7Cosg-xsede.grid.iu.edu&resource-type=BatchPilot&vo=.*&grid=.*&user=.*&endtime=2017-03-31+23%3A59%3A59&exclude-vo=unknown%7Cother&includeFailed=true&exclude-role=NONE&span=86400&role=.*&starttime=2017-03-24+00%3A00%3A00&exclude-facility=NONE&exclude-user=NONE&includeSuccess=true HTTP/1.0" 200 52971 "-" "Wget/1.12 (linux-gnu)"
129.79.53.198 - - [31/Mar/2017:00:03:03 +0000] "GET /gratia/glidein_bar_graphs/glidein_exitcode_bar?facility=.*&probe=xd-login.opensciencegrid.org%7Cosg-xsede.grid.iu.edu&resource-type=BatchPilot&vo=.*&grid=.*&user=.*&endtime=2017-03-31+23%3A59%3A59&exclude-vo=unknown%7Cother&includeFailed=true&exclude-role=NONE&span=86400&role=.*&starttime=2017-03-24+00%3A00%3A00&exclude-facility=NONE&exclude-user=NONE&includeSuccess=true HTTP/1.0" 200 48957 "-" "Wget/1.12 (linux-gnu)"
129.79.53.198 - - [31/Mar/2017:00:03:03 +0000] "GET /gratia/glidein_bar_graphs/glidein_dn_hours_bar?facility=.*&probe=gw68.quarry.iu.teragrid.org&resource-type=BatchPilot&vo=.*&grid=.*&user=.*&endtime=2017-03-31+23%3A59%3A59&exclude-vo=unknown%7Cother&includeFailed=true&exclude-role=NONE&span=86400&role=.*&starttime=2017-03-24+00%3A00%3A00&exclude-facility=NONE&exclude-user=NONE&includeSuccess=true HTTP/1.0" 200 16611 "-" "Wget/1.12 (linux-gnu)"
129.79.53.198 - - [31/Mar/2017:00:03:03 +0000] "GET /gratia/glidein_bar_graphs/glidein_exitcode_bar?facility=.*&probe=gw68.quarry.iu.teragrid.org&resource-type=BatchPilot&vo=.*&grid=.*&user=.*&endtime=2017-03-31+23%3A59%3A59&exclude-vo=unknown%7Cother&includeFailed=true&exclude-role=NONE&span=86400&role=.*&starttime=2017-03-24+00%3A00%3A00&exclude-facility=NONE&exclude-user=NONE&includeSuccess=true HTTP/1.0" 200 16611 "-" "Wget/1.12 (linux-gnu)"
129.79.53.198 - - [31/Mar/2017:00:03:04 +0000] "GET /gratia/glidein_bar_graphs/glidein_dn_hours_bar?facility=.*&probe=workflow.isi.edu&resource-type=BatchPilot&vo=.*&grid=.*&user=.*&endtime=2017-03-31+23%3A59%3A59&exclude-vo=unknown%7Cother&includeFailed=true&exclude-role=NONE&span=86400&role=.*&starttime=2017-03-24+00%3A00%3A00&exclude-facility=NONE&exclude-user=NONE&includeSuccess=true HTTP/1.0" 200 16611 "-" "Wget/1.12 (linux-gnu)"
129.79.53.198 - - [31/Mar/2017:00:03:04 +0000] "GET /gratia/glidein_bar_graphs/glidein_exitcode_bar?facility=.*&probe=workflow.isi.edu&resource-type=BatchPilot&vo=.*&grid=.*&user=.*&endtime=2017-03-31+23%3A59%3A59&exclude-vo=unknown%7Cother&includeFailed=true&exclude-role=NONE&span=86400&role=.*&starttime=2017-03-24+00%3A00%3A00&exclude-facility=NONE&exclude-user=NONE&includeSuccess=true HTTP/1.0" 200 16611 "-" "Wget/1.12 (linux-gnu)"
129.79.53.198 - - [31/Mar/2017:00:03:04 +0000] "GET /gratia/bar_graphs/dn_site_hours_bar?endtime=2017-03-31+23%3A59%3A59&span=86400&facility=.*&probe=.*&resource-type=%5EBatch%24&vo=osg%7COSG&role=.*&user=pilot&starttime=2017-03-24+00%3A00%3A00&exclude-facility=NONE%7CGeneric%7CObsolete&exclude-user=NONE&includeSuccess=true&exclude-vo=unknown%7Cother&includeFailed=true&exclude-role=NONE HTTP/1.0" 200 16611 "-" "Wget/1.12 (linux-gnu)"
129.79.53.198 - - [31/Mar/2017:00:03:04 +0000] "GET /gratia/cumulative_graphs/facility_success_cumulative_smry?span=86400&facility=.*&probe=.*&resource-type=%5EBatch$&vo=.*&user=pilot&starttime=2017-03-03%2000:00:00&exclude-facility=NONE%7CGeneric%7CObsolete&exclude-user=NONE&endtime=2017-03-31%2023:59:59&exclude-vo=unknown%7Cother& HTTP/1.0" 200 16611 "-" "Wget/1.12 (linux-gnu)"
192.170.227.204 - - [31/Mar/2017:00:10:01 +0000] "GET /gratia/bar_graphs/project_hours_bar?facility=.*&probe=uchicago.ci-connect.*&resource-type=BatchPilot&vo=.*&grid=.*&user=.*&endtime=2017-03-31+23%3A59%3A59&exclude-vo=unknown%7Cother&includeFailed=true&exclude-role=NONE&span=86400&role=.*&starttime=2017-03-24+00%3A00%3A00&exclude-facility=NONE&exclude-user=NONE&includeSuccess=true HTTP/1.0" 200 44193 "-" "Wget/1.12 (linux-gnu)"
192.170.227.118 - - [31/Mar/2017:00:10:02 +0000] "GET /gratia/bar_graphs/project_hours_bar?facility=.*&probe=cms.ci-connect.*&resource-type=BatchPilot&vo=.*&grid=.*&user=.*&endtime=2017-03-31+23%3A59%3A59&exclude-vo=unknown%7Cother&includeFailed=true&exclude-role=NONE&span=86400&role=.*&starttime=2017-03-24+00%3A00%3A00&exclude-facility=NONE&exclude-user=NONE&includeSuccess=true HTTP/1.0" 200 16611 "-" "Wget/1.12 (linux-gnu)"
192.170.227.118 - - [31/Mar/2017:00:10:02 +0000] "GET /gratia/glidein_bar_graphs/glidein_dn_hours_bar?facility=.*&probe=cms.ci-connect.*&resource-type=BatchPilot&vo=.*&grid=.*&user=.*&endtime=2017-03-31+23%3A59%3A59&exclude-vo=unknown%7Cother&includeFailed=true&exclude-role=NONE&span=86400&role=.*&starttime=2017-03-24+00%3A00%3A00&exclude-facility=NONE&exclude-user=NONE&includeSuccess=true HTTP/1.0" 200 16611 "-" "Wget/1.12 (linux-gnu)"
192.170.227.204 - - [31/Mar/2017:00:10:02 +0000] "GET /gratia/glidein_bar_graphs/glidein_dn_hours_bar?facility=.*&probe=uchicago.ci-connect.*&resource-type=BatchPilot&vo=.*&grid=.*&user=.*&endtime=2017-03-31+23%3A59%3A59&exclude-vo=unknown%7Cother&includeFailed=true&exclude-role=NONE&span=86400&role=.*&starttime=2017-03-24+00%3A00%3A00&exclude-facility=NONE&exclude-user=NONE&includeSuccess=true HTTP/1.0" 200 43995 "-" "Wget/1.12 (linux-gnu)"
192.170.227.118 - - [31/Mar/2017:00:10:02 +0000] "GET /gratia/glidein_bar_graphs/glidein_exitcode_bar?facility=.*&probe=cms.ci-connect.*&resource-type=BatchPilot&vo=.*&grid=.*&user=.*&endtime=2017-03-31+23%3A59%3A59&exclude-vo=unknown%7Cother&includeFailed=true&exclude-role=NONE&span=86400&role=.*&starttime=2017-03-24+00%3A00%3A00&exclude-facility=NONE&exclude-user=NONE&includeSuccess=true HTTP/1.0" 200 16611 "-" "Wget/1.12 (linux-gnu)"
192.170.227.204 - - [31/Mar/2017:00:10:03 +0000] "GET /gratia/glidein_bar_graphs/glidein_exitcode_bar?facility=.*&probe=uchicago.ci-connect.*&resource-type=BatchPilot&vo=.*&grid=.*&user=.*&endtime=2017-03-31+23%3A59%3A59&exclude-vo=unknown%7Cother&includeFailed=true&exclude-role=NONE&span=86400&role=.*&starttime=2017-03-24+00%3A00%3A00&exclude-facility=NONE&exclude-user=NONE&includeSuccess=true HTTP/1.0" 200 48498 "-" "Wget/1.12 (linux-gnu)"
192.170.227.118 - - [31/Mar/2017:00:10:03 +0000] "GET /gratia/bar_graphs/project_site_hours_bar?facility=.*&probe=cms.ci-connect.*&resource-type=BatchPilot&vo=.*&user=.*&endtime=2017-03-31+23%3A59%3A59&exclude-vo=Unknown%7Cunknown%7Cother&includeFailed=true&exclude-role=NONE&span=86400&role=.*&starttime=2017-03-24+00%3A00%3A00&exclude-facility=NONE%7CGeneric%7CObsolete&exclude-user=NONE&includeSuccess=true&exclude-projectname=unknown%7Cother HTTP/1.0" 200 16611 "-" "Wget/1.12 (linux-gnu)"
192.170.227.204 - - [31/Mar/2017:00:10:03 +0000] "GET /gratia/bar_graphs/project_site_hours_bar?facility=.*&probe=uchicago.ci-connect.*&resource-type=BatchPilot&vo=.*&user=.*&endtime=2017-03-31+23%3A59%3A59&exclude-vo=Unknown%7Cunknown%7Cother&includeFailed=true&exclude-role=NONE&span=86400&role=.*&starttime=2017-03-24+00%3A00%3A00&exclude-facility=NONE%7CGeneric%7CObsolete&exclude-user=NONE&includeSuccess=true&exclude-projectname=unknown%7Cother HTTP/1.0" 200 62841 "-" "Wget/1.12 (linux-gnu)"
129.79.53.48 - - [31/Mar/2017:00:15:01 +0000] "GET /gratia/xml HTTP/1.1" 200 23988 "-" "curl/7.19.7 (x86_64-redhat-linux-gnu) libcurl/7.19.7 NSS/3.19.1 Basic ECC zlib/1.2.3 libidn/1.18 libssh2/1.4.2"
128.138.133.19 - - [31/Mar/2017:00:15:02 +0000] "GET /gratia/bar_graphs/dn_hours_bar?facility=UColorado_HEP%7CUColorado_SE&title=&ylabel=Hours&starttime=2016-12-30%2017:15:02&endtime=2017-03-30%2018:15:02&legend=False&width=700&height=400&text_size=9&title_size=0&text_padding=3&figure_padding=50&group=resource_group HTTP/1.0" 200 55295 "-" "Wget/1.12 (linux-gnu)"
::1 - - [31/Mar/2017:00:15:01 +0000] "GET /gratia/ HTTP/1.0" 200 17118 "-" "Wget/1.12 (linux-gnu)"
129.79.53.63 - - [31/Mar/2017:00:16:02 +0000] "GET //gratia HTTP/1.0" 301 334 "-" "Wget/1.11.4 Red Hat modified"
129.79.53.63 - - [31/Mar/2017:00:16:02 +0000] "GET /gratia/ HTTP/1.0" 200 17118 "-" "Wget/1.11.4 Red Hat modified"
66.249.91.2 - - [31/Mar/2017:00:17:36 +0000] "GET /gratia/csv/glidein_hours_bar_smry?span=2592000&relativetime=absolute&vo_set=%5Eligo%24&vo=ligo&starttime=2015-09-14+00%3A00%3A00 HTTP/1.1" 200 35144 "-" "Mozilla/5.0 (compatible; GoogleDocs; apps-spreadsheets; +http://docs.google.com)"
61.174.50.231 - - [31/Mar/2017:00:20:38 +0000] "GET / HTTP/1.1" 200 55 "http://129.79.53.48" "Mozilla/4.0 (compatible; MSIE 9.0; Windows NT 6.1)"
131.225.23.169 - - [31/Mar/2017:00:26:08 +0000] "GET /gratia/static-site/images/nsf.png HTTP/1.1" 304 - "-" "Mozilla/4.0 (compatible;)"
129.79.53.126 - - [31/Mar/2017:00:30:00 +0000] "GET //gratia HTTP/1.1" 301 334 "-" "curl/7.19.7 (x86_64-redhat-linux-gnu) libcurl/7.19.7 NSS/3.18 Basic ECC zlib/1.2.3 libidn/1.18 libssh2/1.4.2"
129.79.53.48 - - [31/Mar/2017:00:30:01 +0000] "GET /gratia/xml HTTP/1.1" 200 23988 "-" "curl/7.19.7 (x86_64-redhat-linux-gnu) libcurl/7.19.7 NSS/3.19.1 Basic ECC zlib/1.2.3 libidn/1.18 libssh2/1.4.2"
::1 - - [31/Mar/2017:00:30:01 +0000] "GET /gratia/ HTTP/1.0" 200 17118 "-" "Wget/1.12 (linux-gnu)"
128.138.133.19 - - [31/Mar/2017:00:30:03 +0000] "GET /gratia/bar_graphs/dn_hours_bar?facility=UColorado_HEP%7CUColorado_SE&title=&ylabel=Hours&starttime=2016-12-30%2017:30:02&endtime=2017-03-30%2018:30:02&legend=False&width=700&height=400&text_size=9&title_size=0&text_padding=3&figure_padding=50&group=resource_group HTTP/1.0" 200 55295 "-" "Wget/1.12 (linux-gnu)"
129.79.53.63 - - [31/Mar/2017:00:31:01 +0000] "GET //gratia HTTP/1.0" 301 334 "-" "Wget/1.11.4 Red Hat modified"
129.79.53.63 - - [31/Mar/2017:00:31:01 +0000] "GET /gratia/ HTTP/1.0" 200 17118 "-" "Wget/1.11.4 Red Hat modified"
131.225.23.168 - - [31/Mar/2017:00:32:51 +0000] "GET /gratiastatic/today/osg_wall_hours.png HTTP/1.1" 304 - "-" "Mozilla/4.0 (compatible;)"
66.249.91.31 - - [31/Mar/2017:00:43:05 +0000] "GET /gratia/csv/glidein_hours_bar_smry?span=2592000&relativetime=absolute&vo_set=%5Eligo%24&vo=ligo&starttime=2015-09-14+00%3A00%3A00 HTTP/1.1" 200 35144 "-" "Mozilla/5.0 (compatible; GoogleDocs; apps-spreadsheets; +http://docs.google.com)"
129.79.53.48 - - [31/Mar/2017:00:45:01 +0000] "GET /gratia/xml HTTP/1.1" 200 23988 "-" "curl/7.19.7 (x86_64-redhat-linux-gnu) libcurl/7.19.7 NSS/3.19.1 Basic ECC zlib/1.2.3 libidn/1.18 libssh2/1.4.2"
128.138.133.19 - - [31/Mar/2017:00:45:01 +0000] "GET /gratia/bar_graphs/dn_hours_bar?facility=UColorado_HEP%7CUColorado_SE&title=&ylabel=Hours&starttime=2016-12-30%2017:45:01&endtime=2017-03-30%2018:45:01&legend=False&width=700&height=400&text_size=9&title_size=0&text_padding=3&figure_padding=50&group=resource_group HTTP/1.0" 200 55295 "-" "Wget/1.12 (linux-gnu)"
::1 - - [31/Mar/2017:00:45:01 +0000] "GET /gratia/ HTTP/1.0" 200 17118 "-" "Wget/1.12 (linux-gnu)"
129.79.53.63 - - [31/Mar/2017:00:46:03 +0000] "GET //gratia HTTP/1.0" 301 334 "-" "Wget/1.11.4 Red Hat modified"
129.79.53.63 - - [31/Mar/2017:00:46:03 +0000] "GET /gratia/ HTTP/1.0" 200 17118 "-" "Wget/1.11.4 Red Hat modified"
131.225.23.169 - - [31/Mar/2017:00:52:14 +0000] "GET /gratia/static-site/bootstrap/js/jquery-1.8.3.min.js HTTP/1.1" 304 - "-" "Mozilla/4.0 (compatible;)"
129.79.53.126 - - [31/Mar/2017:01:00:01 +0000] "GET //gratia HTTP/1.1" 301 334 "-" "curl/7.19.7 (x86_64-redhat-linux-gnu) libcurl/7.19.7 NSS/3.18 Basic ECC zlib/1.2.3 libidn/1.18 libssh2/1.4.2"
129.79.53.48 - - [31/Mar/2017:01:00:01 +0000] "GET /gratia/xml HTTP/1.1" 200 23988 "-" "curl/7.19.7 (x86_64-redhat-linux-gnu) libcurl/7.19.7 NSS/3.19.1 Basic ECC zlib/1.2.3 libidn/1.18 libssh2/1.4.2"
128.138.133.19 - - [31/Mar/2017:01:00:01 +0000] "GET /gratia/bar_graphs/dn_hours_bar?facility=UColorado_HEP%7CUColorado_SE&title=&ylabel=Hours&starttime=2016-12-30%2018:00:01&endtime=2017-03-30%2019:00:01&legend=False&width=700&height=400&text_size=9&title_size=0&text_padding=3&figure_padding=50&group=resource_group HTTP/1.0" 200 55295 "-" "Wget/1.12 (linux-gnu)"
::1 - - [31/Mar/2017:01:00:01 +0000] "GET /gratia/ HTTP/1.0" 200 17118 "-" "Wget/1.12 (linux-gnu)"
129.79.53.63 - - [31/Mar/2017:01:01:02 +0000] "GET //gratia HTTP/1.0" 301 334 "-" "Wget/1.11.4 Red Hat modified"
129.79.53.63 - - [31/Mar/2017:01:01:02 +0000] "GET /gratia/ HTTP/1.0" 200 17118 "-" "Wget/1.11.4 Red Hat modified"
66.249.91.31 - - [31/Mar/2017:01:07:34 +0000] "GET /gratia/csv/glidein_hours_bar_smry?span=2592000&relativetime=absolute&vo_set=%5Eligo%24&vo=ligo&starttime=2015-09-14+00%3A00%3A00 HTTP/1.1" 200 35144 "-" "Mozilla/5.0 (compatible; GoogleDocs; apps-spreadsheets; +http://docs.google.com)"
192.170.227.203 - - [31/Mar/2017:01:10:01 +0000] "GET /gratia/bar_graphs/project_hours_bar?facility=.*&probe=duke.ci-connect.*&resource-type=BatchPilot&vo=.*&grid=.*&user=.*&endtime=2017-03-31+23%3A59%3A59&exclude-vo=unknown%7Cother&includeFailed=true&exclude-role=NONE&span=86400&role=.*&starttime=2017-03-24+00%3A00%3A00&exclude-facility=NONE&exclude-user=NONE&includeSuccess=true HTTP/1.0" 200 43381 "-" "Wget/1.12 (linux-gnu)"
192.170.227.203 - - [31/Mar/2017:01:10:02 +0000] "GET /gratia/glidein_bar_graphs/glidein_dn_hours_bar?facility=.*&probe=duke.ci-connect.*&resource-type=BatchPilot&vo=.*&grid=.*&user=.*&endtime=2017-03-31+23%3A59%3A59&exclude-vo=unknown%7Cother&includeFailed=true&exclude-role=NONE&span=86400&role=.*&starttime=2017-03-24+00%3A00%3A00&exclude-facility=NONE&exclude-user=NONE&includeSuccess=true HTTP/1.0" 200 43985 "-" "Wget/1.12 (linux-gnu)"
192.170.227.199 - - [31/Mar/2017:01:10:01 +0000] "GET /gratia/bar_graphs/project_hours_bar?facility=.*&probe=atlas.ci-connect.*&resource-type=BatchPilot&vo=.*&grid=.*&user=.*&endtime=2017-03-31+23%3A59%3A59&exclude-vo=unknown%7Cother&includeFailed=true&exclude-role=NONE&span=86400&role=.*&starttime=2017-03-24+00%3A00%3A00&exclude-facility=NONE&exclude-user=NONE&includeSuccess=true HTTP/1.0" 200 41298 "-" "Wget/1.12 (linux-gnu)"
192.170.227.199 - - [31/Mar/2017:01:10:02 +0000] "GET /gratia/glidein_bar_graphs/glidein_dn_hours_bar?facility=.*&probe=atlas.ci-connect.*&resource-type=BatchPilot&vo=.*&grid=.*&user=.*&endtime=2017-03-31+23%3A59%3A59&exclude-vo=unknown%7Cother&includeFailed=true&exclude-role=NONE&span=86400&role=.*&starttime=2017-03-24+00%3A00%3A00&exclude-facility=NONE&exclude-user=NONE&includeSuccess=true HTTP/1.0" 200 45727 "-" "Wget/1.12 (linux-gnu)"
192.170.227.203 - - [31/Mar/2017:01:10:02 +0000] "GET /gratia/glidein_bar_graphs/glidein_exitcode_bar?facility=.*&probe=duke.ci-connect.*&resource-type=BatchPilot&vo=.*&grid=.*&user=.*&endtime=2017-03-31+23%3A59%3A59&exclude-vo=unknown%7Cother&includeFailed=true&exclude-role=NONE&span=86400&role=.*&starttime=2017-03-24+00%3A00%3A00&exclude-facility=NONE&exclude-user=NONE&includeSuccess=true HTTP/1.0" 200 44113 "-" "Wget/1.12 (linux-gnu)"
192.170.227.199 - - [31/Mar/2017:01:10:03 +0000] "GET /gratia/glidein_bar_graphs/glidein_exitcode_bar?facility=.*&probe=atlas.ci-connect.*&resource-type=BatchPilot&vo=.*&grid=.*&user=.*&endtime=2017-03-31+23%3A59%3A59&exclude-vo=unknown%7Cother&includeFailed=true&exclude-role=NONE&span=86400&role=.*&starttime=2017-03-24+00%3A00%3A00&exclude-facility=NONE&exclude-user=NONE&includeSuccess=true HTTP/1.0" 200 44603 "-" "Wget/1.12 (linux-gnu)"
192.170.227.203 - - [31/Mar/2017:01:10:03 +0000] "GET /gratia/bar_graphs/project_site_hours_bar?facility=.*&probe=duke.ci-connect.*&resource-type=BatchPilot&vo=.*&user=.*&endtime=2017-03-31+23%3A59%3A59&exclude-vo=Unknown%7Cunknown%7Cother&includeFailed=true&exclude-role=NONE&span=86400&role=.*&starttime=2017-03-24+00%3A00%3A00&exclude-facility=NONE%7CGeneric%7CObsolete&exclude-user=NONE&includeSuccess=true&exclude-projectname=unknown%7Cother HTTP/1.0" 200 61431 "-" "Wget/1.12 (linux-gnu)"
192.170.227.199 - - [31/Mar/2017:01:10:03 +0000] "GET /gratia/bar_graphs/project_site_hours_bar?facility=.*&probe=atlas.ci-connect.*&resource-type=BatchPilot&vo=.*&user=.*&endtime=2017-03-31+23%3A59%3A59&exclude-vo=Unknown%7Cunknown%7Cother&includeFailed=true&exclude-role=NONE&span=86400&role=.*&starttime=2017-03-24+00%3A00%3A00&exclude-facility=NONE%7CGeneric%7CObsolete&exclude-user=NONE&includeSuccess=true&exclude-projectname=unknown%7Cother HTTP/1.0" 200 46974 "-" "Wget/1.12 (linux-gnu)"
192.170.227.196 - - [31/Mar/2017:01:15:01 +0000] "GET /gratia/bar_graphs/project_hours_bar?facility=.*&probe=atlas.ci-connect.*&resource-type=BatchPilot&vo=.*&grid=.*&user=.*&endtime=2017-03-31+23%3A59%3A59&exclude-vo=unknown%7Cother&includeFailed=true&exclude-role=NONE&span=86400&role=.*&starttime=2017-03-24+00%3A00%3A00&exclude-facility=NONE&exclude-user=NONE&includeSuccess=true HTTP/1.0" 200 41298 "-" "Wget/1.12 (linux-gnu)"
129.79.53.48 - - [31/Mar/2017:01:15:01 +0000] "GET /gratia/xml HTTP/1.1" 200 23988 "-" "curl/7.19.7 (x86_64-redhat-linux-gnu) libcurl/7.19.7 NSS/3.19.1 Basic ECC zlib/1.2.3 libidn/1.18 libssh2/1.4.2"
192.170.227.196 - - [31/Mar/2017:01:15:01 +0000] "GET /gratia/glidein_bar_graphs/glidein_dn_hours_bar?facility=.*&probe=atlas.ci-connect.*&resource-type=BatchPilot&vo=.*&grid=.*&user=.*&endtime=2017-03-31+23%3A59%3A59&exclude-vo=unknown%7Cother&includeFailed=true&exclude-role=NONE&span=86400&role=.*&starttime=2017-03-24+00%3A00%3A00&exclude-facility=NONE&exclude-user=NONE&includeSuccess=true HTTP/1.0" 200 45727 "-" "Wget/1.12 (linux-gnu)"
192.170.227.196 - - [31/Mar/2017:01:15:01 +0000] "GET /gratia/glidein_bar_graphs/glidein_exitcode_bar?facility=.*&probe=atlas.ci-connect.*&resource-type=BatchPilot&vo=.*&grid=.*&user=.*&endtime=2017-03-31+23%3A59%3A59&exclude-vo=unknown%7Cother&includeFailed=true&exclude-role=NONE&span=86400&role=.*&starttime=2017-03-24+00%3A00%3A00&exclude-facility=NONE&exclude-user=NONE&includeSuccess=true HTTP/1.0" 200 44603 "-" "Wget/1.12 (linux-gnu)"
192.170.227.196 - - [31/Mar/2017:01:15:01 +0000] "GET /gratia/bar_graphs/project_site_hours_bar?facility=.*&probe=atlas.ci-connect.*&resource-type=BatchPilot&vo=.*&user=.*&endtime=2017-03-31+23%3A59%3A59&exclude-vo=Unknown%7Cunknown%7Cother&includeFailed=true&exclude-role=NONE&span=86400&role=.*&starttime=2017-03-24+00%3A00%3A00&exclude-facility=NONE%7CGeneric%7CObsolete&exclude-user=NONE&includeSuccess=true&exclude-projectname=unknown%7Cother HTTP/1.0" 200 46974 "-" "Wget/1.12 (linux-gnu)"
192.170.227.196 - - [31/Mar/2017:01:15:01 +0000] "GET /gratia/bar_graphs/project_hours_bar?facility=.*&probe=cms.ci-connect.*&resource-type=BatchPilot&vo=.*&grid=.*&user=.*&endtime=2017-03-31+23%3A59%3A59&exclude-vo=unknown%7Cother&includeFailed=true&exclude-role=NONE&span=86400&role=.*&starttime=2017-03-24+00%3A00%3A00&exclude-facility=NONE&exclude-user=NONE&includeSuccess=true HTTP/1.0" 200 16611 "-" "Wget/1.12 (linux-gnu)"
192.170.227.196 - - [31/Mar/2017:01:15:02 +0000] "GET /gratia/glidein_bar_graphs/glidein_dn_hours_bar?facility=.*&probe=cms.ci-connect.*&resource-type=BatchPilot&vo=.*&grid=.*&user=.*&endtime=2017-03-31+23%3A59%3A59&exclude-vo=unknown%7Cother&includeFailed=true&exclude-role=NONE&span=86400&role=.*&starttime=2017-03-24+00%3A00%3A00&exclude-facility=NONE&exclude-user=NONE&includeSuccess=true HTTP/1.0" 200 16611 "-" "Wget/1.12 (linux-gnu)"
192.170.227.196 - - [31/Mar/2017:01:15:02 +0000] "GET /gratia/glidein_bar_graphs/glidein_exitcode_bar?facility=.*&probe=cms.ci-connect.*&resource-type=BatchPilot&vo=.*&grid=.*&user=.*&endtime=2017-03-31+23%3A59%3A59&exclude-vo=unknown%7Cother&includeFailed=true&exclude-role=NONE&span=86400&role=.*&starttime=2017-03-24+00%3A00%3A00&exclude-facility=NONE&exclude-user=NONE&includeSuccess=true HTTP/1.0" 200 16611 "-" "Wget/1.12 (linux-gnu)"
192.170.227.196 - - [31/Mar/2017:01:15:03 +0000] "GET /gratia/bar_graphs/project_site_hours_bar?facility=.*&probe=cms.ci-connect.*&resource-type=BatchPilot&vo=.*&user=.*&endtime=2017-03-31+23%3A59%3A59&exclude-vo=Unknown%7Cunknown%7Cother&includeFailed=true&exclude-role=NONE&span=86400&role=.*&starttime=2017-03-24+00%3A00%3A00&exclude-facility=NONE%7CGeneric%7CObsolete&exclude-user=NONE&includeSuccess=true&exclude-projectname=unknown%7Cother HTTP/1.0" 200 16611 "-" "Wget/1.12 (linux-gnu)"
::1 - - [31/Mar/2017:01:15:01 +0000] "GET /gratia/ HTTP/1.0" 200 17118 "-" "Wget/1.12 (linux-gnu)"
192.170.227.196 - - [31/Mar/2017:01:15:03 +0000] "GET /gratia/bar_graphs/project_hours_bar?facility=.*&probe=duke.ci-connect.*&resource-type=BatchPilot&vo=.*&grid=.*&user=.*&endtime=2017-03-31+23%3A59%3A59&exclude-vo=unknown%7Cother&includeFailed=true&exclude-role=NONE&span=86400&role=.*&starttime=2017-03-24+00%3A00%3A00&exclude-facility=NONE&exclude-user=NONE&includeSuccess=true HTTP/1.0" 200 43381 "-" "Wget/1.12 (linux-gnu)"
192.170.227.196 - - [31/Mar/2017:01:15:04 +0000] "GET /gratia/glidein_bar_graphs/glidein_dn_hours_bar?facility=.*&probe=duke.ci-connect.*&resource-type=BatchPilot&vo=.*&grid=.*&user=.*&endtime=2017-03-31+23%3A59%3A59&exclude-vo=unknown%7Cother&includeFailed=true&exclude-role=NONE&span=86400&role=.*&starttime=2017-03-24+00%3A00%3A00&exclude-facility=NONE&exclude-user=NONE&includeSuccess=true HTTP/1.0" 200 43985 "-" "Wget/1.12 (linux-gnu)"
192.170.227.196 - - [31/Mar/2017:01:15:04 +0000] "GET /gratia/glidein_bar_graphs/glidein_exitcode_bar?facility=.*&probe=duke.ci-connect.*&resource-type=BatchPilot&vo=.*&grid=.*&user=.*&endtime=2017-03-31+23%3A59%3A59&exclude-vo=unknown%7Cother&includeFailed=true&exclude-role=NONE&span=86400&role=.*&starttime=2017-03-24+00%3A00%3A00&exclude-facility=NONE&exclude-user=NONE&includeSuccess=true HTTP/1.0" 200 44113 "-" "Wget/1.12 (linux-gnu)"
192.170.227.196 - - [31/Mar/2017:01:15:05 +0000] "GET /gratia/bar_graphs/project_site_hours_bar?facility=.*&probe=duke.ci-connect.*&resource-type=BatchPilot&vo=.*&user=.*&endtime=2017-03-31+23%3A59%3A59&exclude-vo=Unknown%7Cunknown%7Cother&includeFailed=true&exclude-role=NONE&span=86400&role=.*&starttime=2017-03-24+00%3A00%3A00&exclude-facility=NONE%7CGeneric%7CObsolete&exclude-user=NONE&includeSuccess=true&exclude-projectname=unknown%7Cother HTTP/1.0" 200 61431 "-" "Wget/1.12 (linux-gnu)"
192.170.227.196 - - [31/Mar/2017:01:15:06 +0000] "GET /gratia/bar_graphs/project_hours_bar?facility=.*&probe=osgconnect.*&resource-type=BatchPilot&vo=.*&grid=.*&user=.*&endtime=2017-03-31+23%3A59%3A59&exclude-vo=unknown%7Cother&includeFailed=true&exclude-role=NONE&span=86400&role=.*&starttime=2017-03-24+00%3A00%3A00&exclude-facility=NONE&exclude-user=NONE&includeSuccess=true HTTP/1.0" 200 63142 "-" "Wget/1.12 (linux-gnu)"
192.170.227.196 - - [31/Mar/2017:01:15:06 +0000] "GET /gratia/glidein_bar_graphs/glidein_dn_hours_bar?facility=.*&probe=osgconnect.*&resource-type=BatchPilot&vo=.*&grid=.*&user=.*&endtime=2017-03-31+23%3A59%3A59&exclude-vo=unknown%7Cother&includeFailed=true&exclude-role=NONE&span=86400&role=.*&starttime=2017-03-24+00%3A00%3A00&exclude-facility=NONE&exclude-user=NONE&includeSuccess=true HTTP/1.0" 200 61871 "-" "Wget/1.12 (linux-gnu)"
192.170.227.196 - - [31/Mar/2017:01:15:07 +0000] "GET /gratia/glidein_bar_graphs/glidein_exitcode_bar?facility=.*&probe=osgconnect.*&resource-type=BatchPilot&vo=.*&grid=.*&user=.*&endtime=2017-03-31+23%3A59%3A59&exclude-vo=unknown%7Cother&includeFailed=true&exclude-role=NONE&span=86400&role=.*&starttime=2017-03-24+00%3A00%3A00&exclude-facility=NONE&exclude-user=NONE&includeSuccess=true HTTP/1.0" 200 48138 "-" "Wget/1.12 (linux-gnu)"
192.170.227.196 - - [31/Mar/2017:01:15:08 +0000] "GET /gratia/bar_graphs/project_site_hours_bar?facility=.*&probe=osgconnect.*&resource-type=BatchPilot&vo=.*&user=.*&endtime=2017-03-31+23%3A59%3A59&exclude-vo=Unknown%7Cunknown%7Cother&includeFailed=true&exclude-role=NONE&span=86400&role=.*&starttime=2017-03-24+00%3A00%3A00&exclude-facility=NONE%7CGeneric%7CObsolete&exclude-user=NONE&includeSuccess=true&exclude-projectname=unknown%7Cother HTTP/1.0" 200 78627 "-" "Wget/1.12 (linux-gnu)"
192.170.227.196 - - [31/Mar/2017:01:15:09 +0000] "GET /gratia/bar_graphs/project_hours_bar?facility=.*&probe=umich.ci-connect.*&resource-type=BatchPilot&vo=.*&grid=.*&user=.*&endtime=2017-03-31+23%3A59%3A59&exclude-vo=unknown%7Cother&includeFailed=true&exclude-role=NONE&span=86400&role=.*&starttime=2017-03-24+00%3A00%3A00&exclude-facility=NONE&exclude-user=NONE&includeSuccess=true HTTP/1.0" 200 16611 "-" "Wget/1.12 (linux-gnu)"
192.170.227.196 - - [31/Mar/2017:01:15:10 +0000] "GET /gratia/glidein_bar_graphs/glidein_dn_hours_bar?facility=.*&probe=umich.ci-connect.*&resource-type=BatchPilot&vo=.*&grid=.*&user=.*&endtime=2017-03-31+23%3A59%3A59&exclude-vo=unknown%7Cother&includeFailed=true&exclude-role=NONE&span=86400&role=.*&starttime=2017-03-24+00%3A00%3A00&exclude-facility=NONE&exclude-user=NONE&includeSuccess=true HTTP/1.0" 200 16611 "-" "Wget/1.12 (linux-gnu)"
192.170.227.196 - - [31/Mar/2017:01:15:10 +0000] "GET /gratia/glidein_bar_graphs/glidein_exitcode_bar?facility=.*&probe=umich.ci-connect.*&resource-type=BatchPilot&vo=.*&grid=.*&user=.*&endtime=2017-03-31+23%3A59%3A59&exclude-vo=unknown%7Cother&includeFailed=true&exclude-role=NONE&span=86400&role=.*&starttime=2017-03-24+00%3A00%3A00&exclude-facility=NONE&exclude-user=NONE&includeSuccess=true HTTP/1.0" 200 16611 "-" "Wget/1.12 (linux-gnu)"
192.170.227.196 - - [31/Mar/2017:01:15:10 +0000] "GET /gratia/bar_graphs/project_site_hours_bar?facility=.*&probe=umich.ci-connect.*&resource-type=BatchPilot&vo=.*&user=.*&endtime=2017-03-31+23%3A59%3A59&exclude-vo=Unknown%7Cunknown%7Cother&includeFailed=true&exclude-role=NONE&span=86400&role=.*&starttime=2017-03-24+00%3A00%3A00&exclude-facility=NONE%7CGeneric%7CObsolete&exclude-user=NONE&includeSuccess=true&exclude-projectname=unknown%7Cother HTTP/1.0" 200 16611 "-" "Wget/1.12 (linux-gnu)"
192.170.227.196 - - [31/Mar/2017:01:15:11 +0000] "GET /gratia/bar_graphs/project_hours_bar?facility=.*&probe=uchicago.ci-connect.*&resource-type=BatchPilot&vo=.*&grid=.*&user=.*&endtime=2017-03-31+23%3A59%3A59&exclude-vo=unknown%7Cother&includeFailed=true&exclude-role=NONE&span=86400&role=.*&starttime=2017-03-24+00%3A00%3A00&exclude-facility=NONE&exclude-user=NONE&includeSuccess=true HTTP/1.0" 200 44099 "-" "Wget/1.12 (linux-gnu)"
192.170.227.196 - - [31/Mar/2017:01:15:11 +0000] "GET /gratia/glidein_bar_graphs/glidein_dn_hours_bar?facility=.*&probe=uchicago.ci-connect.*&resource-type=BatchPilot&vo=.*&grid=.*&user=.*&endtime=2017-03-31+23%3A59%3A59&exclude-vo=unknown%7Cother&includeFailed=true&exclude-role=NONE&span=86400&role=.*&starttime=2017-03-24+00%3A00%3A00&exclude-facility=NONE&exclude-user=NONE&includeSuccess=true HTTP/1.0" 200 43901 "-" "Wget/1.12 (linux-gnu)"
192.170.227.196 - - [31/Mar/2017:01:15:12 +0000] "GET /gratia/glidein_bar_graphs/glidein_exitcode_bar?facility=.*&probe=uchicago.ci-connect.*&resource-type=BatchPilot&vo=.*&grid=.*&user=.*&endtime=2017-03-31+23%3A59%3A59&exclude-vo=unknown%7Cother&includeFailed=true&exclude-role=NONE&span=86400&role=.*&starttime=2017-03-24+00%3A00%3A00&exclude-facility=NONE&exclude-user=NONE&includeSuccess=true HTTP/1.0" 200 48474 "-" "Wget/1.12 (linux-gnu)"
192.170.227.196 - - [31/Mar/2017:01:15:12 +0000] "GET /gratia/bar_graphs/project_site_hours_bar?facility=.*&probe=uchicago.ci-connect.*&resource-type=BatchPilot&vo=.*&user=.*&endtime=2017-03-31+23%3A59%3A59&exclude-vo=Unknown%7Cunknown%7Cother&includeFailed=true&exclude-role=NONE&span=86400&role=.*&starttime=2017-03-24+00%3A00%3A00&exclude-facility=NONE%7CGeneric%7CObsolete&exclude-user=NONE&includeSuccess=true&exclude-projectname=unknown%7Cother HTTP/1.0" 200 62743 "-" "Wget/1.12 (linux-gnu)"
129.79.53.63 - - [31/Mar/2017:01:16:03 +0000] "GET //gratia HTTP/1.0" 301 334 "-" "Wget/1.11.4 Red Hat modified"
128.138.133.25 - - [31/Mar/2017:01:16:01 +0000] "GET /gratia/bar_graphs/dn_hours_bar?facility=UColorado_HEP&title=&ylabel=Hours&starttime=2016-12-30%2000:00:00&endtime=2017-03-30%2000:00:00&legend=False&width=600&height=350&text_size=6&title_size=0&text_padding=3&figure_padding=50&group=resource_group HTTP/1.0" 200 34919 "-" "Wget/1.12 (linux-gnu)"
129.79.53.63 - - [31/Mar/2017:01:16:03 +0000] "GET /gratia/ HTTP/1.0" 200 17118 "-" "Wget/1.11.4 Red Hat modified"
129.79.53.126 - - [31/Mar/2017:01:30:00 +0000] "GET //gratia HTTP/1.1" 301 334 "-" "curl/7.19.7 (x86_64-redhat-linux-gnu) libcurl/7.19.7 NSS/3.18 Basic ECC zlib/1.2.3 libidn/1.18 libssh2/1.4.2"
129.79.53.48 - - [31/Mar/2017:01:30:02 +0000] "GET /gratia/xml HTTP/1.1" 200 23988 "-" "curl/7.19.7 (x86_64-redhat-linux-gnu) libcurl/7.19.7 NSS/3.19.1 Basic ECC zlib/1.2.3 libidn/1.18 libssh2/1.4.2"
192.170.227.196 - - [31/Mar/2017:01:30:02 +0000] "GET /gratia/bar_graphs/project_hours_bar?facility=.*&probe=atlas.ci-connect.*&resource-type=BatchPilot&vo=.*&grid=.*&user=.*&endtime=2017-03-31+23%3A59%3A59&exclude-vo=unknown%7Cother&includeFailed=true&exclude-role=NONE&span=86400&role=.*&starttime=2017-03-24+00%3A00%3A00&exclude-facility=NONE&exclude-user=NONE&includeSuccess=true HTTP/1.0" 200 41298 "-" "Wget/1.12 (linux-gnu)"
192.170.227.196 - - [31/Mar/2017:01:30:03 +0000] "GET /gratia/glidein_bar_graphs/glidein_dn_hours_bar?facility=.*&probe=atlas.ci-connect.*&resource-type=BatchPilot&vo=.*&grid=.*&user=.*&endtime=2017-03-31+23%3A59%3A59&exclude-vo=unknown%7Cother&includeFailed=true&exclude-role=NONE&span=86400&role=.*&starttime=2017-03-24+00%3A00%3A00&exclude-facility=NONE&exclude-user=NONE&includeSuccess=true HTTP/1.0" 200 45727 "-" "Wget/1.12 (linux-gnu)"
::1 - - [31/Mar/2017:01:30:02 +0000] "GET /gratia/ HTTP/1.0" 200 17118 "-" "Wget/1.12 (linux-gnu)"
192.170.227.196 - - [31/Mar/2017:01:30:04 +0000] "GET /gratia/glidein_bar_graphs/glidein_exitcode_bar?facility=.*&probe=atlas.ci-connect.*&resource-type=BatchPilot&vo=.*&grid=.*&user=.*&endtime=2017-03-31+23%3A59%3A59&exclude-vo=unknown%7Cother&includeFailed=true&exclude-role=NONE&span=86400&role=.*&starttime=2017-03-24+00%3A00%3A00&exclude-facility=NONE&exclude-user=NONE&includeSuccess=true HTTP/1.0" 200 44603 "-" "Wget/1.12 (linux-gnu)"
192.170.227.196 - - [31/Mar/2017:01:30:04 +0000] "GET /gratia/bar_graphs/project_site_hours_bar?facility=.*&probe=atlas.ci-connect.*&resource-type=BatchPilot&vo=.*&user=.*&endtime=2017-03-31+23%3A59%3A59&exclude-vo=Unknown%7Cunknown%7Cother&includeFailed=true&exclude-role=NONE&span=86400&role=.*&starttime=2017-03-24+00%3A00%3A00&exclude-facility=NONE%7CGeneric%7CObsolete&exclude-user=NONE&includeSuccess=true&exclude-projectname=unknown%7Cother HTTP/1.0" 200 46974 "-" "Wget/1.12 (linux-gnu)"
192.170.227.196 - - [31/Mar/2017:01:30:05 +0000] "GET /gratia/bar_graphs/project_hours_bar?facility=.*&probe=cms.ci-connect.*&resource-type=BatchPilot&vo=.*&grid=.*&user=.*&endtime=2017-03-31+23%3A59%3A59&exclude-vo=unknown%7Cother&includeFailed=true&exclude-role=NONE&span=86400&role=.*&starttime=2017-03-24+00%3A00%3A00&exclude-facility=NONE&exclude-user=NONE&includeSuccess=true HTTP/1.0" 200 16611 "-" "Wget/1.12 (linux-gnu)"
192.170.227.196 - - [31/Mar/2017:01:30:05 +0000] "GET /gratia/glidein_bar_graphs/glidein_dn_hours_bar?facility=.*&probe=cms.ci-connect.*&resource-type=BatchPilot&vo=.*&grid=.*&user=.*&endtime=2017-03-31+23%3A59%3A59&exclude-vo=unknown%7Cother&includeFailed=true&exclude-role=NONE&span=86400&role=.*&starttime=2017-03-24+00%3A00%3A00&exclude-facility=NONE&exclude-user=NONE&includeSuccess=true HTTP/1.0" 200 16611 "-" "Wget/1.12 (linux-gnu)"
192.170.227.196 - - [31/Mar/2017:01:30:06 +0000] "GET /gratia/glidein_bar_graphs/glidein_exitcode_bar?facility=.*&probe=cms.ci-connect.*&resource-type=BatchPilot&vo=.*&grid=.*&user=.*&endtime=2017-03-31+23%3A59%3A59&exclude-vo=unknown%7Cother&includeFailed=true&exclude-role=NONE&span=86400&role=.*&starttime=2017-03-24+00%3A00%3A00&exclude-facility=NONE&exclude-user=NONE&includeSuccess=true HTTP/1.0" 200 16611 "-" "Wget/1.12 (linux-gnu)"
192.170.227.196 - - [31/Mar/2017:01:30:06 +0000] "GET /gratia/bar_graphs/project_site_hours_bar?facility=.*&probe=cms.ci-connect.*&resource-type=BatchPilot&vo=.*&user=.*&endtime=2017-03-31+23%3A59%3A59&exclude-vo=Unknown%7Cunknown%7Cother&includeFailed=true&exclude-role=NONE&span=86400&role=.*&starttime=2017-03-24+00%3A00%3A00&exclude-facility=NONE%7CGeneric%7CObsolete&exclude-user=NONE&includeSuccess=true&exclude-projectname=unknown%7Cother HTTP/1.0" 200 16611 "-" "Wget/1.12 (linux-gnu)"
192.170.227.196 - - [31/Mar/2017:01:30:06 +0000] "GET /gratia/bar_graphs/project_hours_bar?facility=.*&probe=duke.ci-connect.*&resource-type=BatchPilot&vo=.*&grid=.*&user=.*&endtime=2017-03-31+23%3A59%3A59&exclude-vo=unknown%7Cother&includeFailed=true&exclude-role=NONE&span=86400&role=.*&starttime=2017-03-24+00%3A00%3A00&exclude-facility=NONE&exclude-user=NONE&includeSuccess=true HTTP/1.0" 200 43381 "-" "Wget/1.12 (linux-gnu)"
192.170.227.196 - - [31/Mar/2017:01:30:07 +0000] "GET /gratia/glidein_bar_graphs/glidein_dn_hours_bar?facility=.*&probe=duke.ci-connect.*&resource-type=BatchPilot&vo=.*&grid=.*&user=.*&endtime=2017-03-31+23%3A59%3A59&exclude-vo=unknown%7Cother&includeFailed=true&exclude-role=NONE&span=86400&role=.*&starttime=2017-03-24+00%3A00%3A00&exclude-facility=NONE&exclude-user=NONE&includeSuccess=true HTTP/1.0" 200 43985 "-" "Wget/1.12 (linux-gnu)"
192.170.227.196 - - [31/Mar/2017:01:30:08 +0000] "GET /gratia/glidein_bar_graphs/glidein_exitcode_bar?facility=.*&probe=duke.ci-connect.*&resource-type=BatchPilot&vo=.*&grid=.*&user=.*&endtime=2017-03-31+23%3A59%3A59&exclude-vo=unknown%7Cother&includeFailed=true&exclude-role=NONE&span=86400&role=.*&starttime=2017-03-24+00%3A00%3A00&exclude-facility=NONE&exclude-user=NONE&includeSuccess=true HTTP/1.0" 200 44113 "-" "Wget/1.12 (linux-gnu)"
192.170.227.196 - - [31/Mar/2017:01:30:08 +0000] "GET /gratia/bar_graphs/project_site_hours_bar?facility=.*&probe=duke.ci-connect.*&resource-type=BatchPilot&vo=.*&user=.*&endtime=2017-03-31+23%3A59%3A59&exclude-vo=Unknown%7Cunknown%7Cother&includeFailed=true&exclude-role=NONE&span=86400&role=.*&starttime=2017-03-24+00%3A00%3A00&exclude-facility=NONE%7CGeneric%7CObsolete&exclude-user=NONE&includeSuccess=true&exclude-projectname=unknown%7Cother HTTP/1.0" 200 61431 "-" "Wget/1.12 (linux-gnu)"
192.170.227.196 - - [31/Mar/2017:01:30:09 +0000] "GET /gratia/bar_graphs/project_hours_bar?facility=.*&probe=osgconnect.*&resource-type=BatchPilot&vo=.*&grid=.*&user=.*&endtime=2017-03-31+23%3A59%3A59&exclude-vo=unknown%7Cother&includeFailed=true&exclude-role=NONE&span=86400&role=.*&starttime=2017-03-24+00%3A00%3A00&exclude-facility=NONE&exclude-user=NONE&includeSuccess=true HTTP/1.0" 200 63181 "-" "Wget/1.12 (linux-gnu)"
192.170.227.196 - - [31/Mar/2017:01:30:10 +0000] "GET /gratia/glidein_bar_graphs/glidein_dn_hours_bar?facility=.*&probe=osgconnect.*&resource-type=BatchPilot&vo=.*&grid=.*&user=.*&endtime=2017-03-31+23%3A59%3A59&exclude-vo=unknown%7Cother&includeFailed=true&exclude-role=NONE&span=86400&role=.*&starttime=2017-03-24+00%3A00%3A00&exclude-facility=NONE&exclude-user=NONE&includeSuccess=true HTTP/1.0" 200 61911 "-" "Wget/1.12 (linux-gnu)"
192.170.227.196 - - [31/Mar/2017:01:30:11 +0000] "GET /gratia/glidein_bar_graphs/glidein_exitcode_bar?facility=.*&probe=osgconnect.*&resource-type=BatchPilot&vo=.*&grid=.*&user=.*&endtime=2017-03-31+23%3A59%3A59&exclude-vo=unknown%7Cother&includeFailed=true&exclude-role=NONE&span=86400&role=.*&starttime=2017-03-24+00%3A00%3A00&exclude-facility=NONE&exclude-user=NONE&includeSuccess=true HTTP/1.0" 200 48480 "-" "Wget/1.12 (linux-gnu)"
192.170.227.196 - - [31/Mar/2017:01:30:12 +0000] "GET /gratia/bar_graphs/project_site_hours_bar?facility=.*&probe=osgconnect.*&resource-type=BatchPilot&vo=.*&user=.*&endtime=2017-03-31+23%3A59%3A59&exclude-vo=Unknown%7Cunknown%7Cother&includeFailed=true&exclude-role=NONE&span=86400&role=.*&starttime=2017-03-24+00%3A00%3A00&exclude-facility=NONE%7CGeneric%7CObsolete&exclude-user=NONE&includeSuccess=true&exclude-projectname=unknown%7Cother HTTP/1.0" 200 78660 "-" "Wget/1.12 (linux-gnu)"
192.170.227.196 - - [31/Mar/2017:01:30:14 +0000] "GET /gratia/bar_graphs/project_hours_bar?facility=.*&probe=umich.ci-connect.*&resource-type=BatchPilot&vo=.*&grid=.*&user=.*&endtime=2017-03-31+23%3A59%3A59&exclude-vo=unknown%7Cother&includeFailed=true&exclude-role=NONE&span=86400&role=.*&starttime=2017-03-24+00%3A00%3A00&exclude-facility=NONE&exclude-user=NONE&includeSuccess=true HTTP/1.0" 200 16611 "-" "Wget/1.12 (linux-gnu)"
192.170.227.196 - - [31/Mar/2017:01:30:14 +0000] "GET /gratia/glidein_bar_graphs/glidein_dn_hours_bar?facility=.*&probe=umich.ci-connect.*&resource-type=BatchPilot&vo=.*&grid=.*&user=.*&endtime=2017-03-31+23%3A59%3A59&exclude-vo=unknown%7Cother&includeFailed=true&exclude-role=NONE&span=86400&role=.*&starttime=2017-03-24+00%3A00%3A00&exclude-facility=NONE&exclude-user=NONE&includeSuccess=true HTTP/1.0" 200 16611 "-" "Wget/1.12 (linux-gnu)"
192.170.227.196 - - [31/Mar/2017:01:30:14 +0000] "GET /gratia/glidein_bar_graphs/glidein_exitcode_bar?facility=.*&probe=umich.ci-connect.*&resource-type=BatchPilot&vo=.*&grid=.*&user=.*&endtime=2017-03-31+23%3A59%3A59&exclude-vo=unknown%7Cother&includeFailed=true&exclude-role=NONE&span=86400&role=.*&starttime=2017-03-24+00%3A00%3A00&exclude-facility=NONE&exclude-user=NONE&includeSuccess=true HTTP/1.0" 200 16611 "-" "Wget/1.12 (linux-gnu)"
192.170.227.196 - - [31/Mar/2017:01:30:15 +0000] "GET /gratia/bar_graphs/project_site_hours_bar?facility=.*&probe=umich.ci-connect.*&resource-type=BatchPilot&vo=.*&user=.*&endtime=2017-03-31+23%3A59%3A59&exclude-vo=Unknown%7Cunknown%7Cother&includeFailed=true&exclude-role=NONE&span=86400&role=.*&starttime=2017-03-24+00%3A00%3A00&exclude-facility=NONE%7CGeneric%7CObsolete&exclude-user=NONE&includeSuccess=true&exclude-projectname=unknown%7Cother HTTP/1.0" 200 16611 "-" "Wget/1.12 (linux-gnu)"
192.170.227.196 - - [31/Mar/2017:01:30:15 +0000] "GET /gratia/bar_graphs/project_hours_bar?facility=.*&probe=uchicago.ci-connect.*&resource-type=BatchPilot&vo=.*&grid=.*&user=.*&endtime=2017-03-31+23%3A59%3A59&exclude-vo=unknown%7Cother&includeFailed=true&exclude-role=NONE&span=86400&role=.*&starttime=2017-03-24+00%3A00%3A00&exclude-facility=NONE&exclude-user=NONE&includeSuccess=true HTTP/1.0" 200 44252 "-" "Wget/1.12 (linux-gnu)"
192.170.227.196 - - [31/Mar/2017:01:30:16 +0000] "GET /gratia/glidein_bar_graphs/glidein_dn_hours_bar?facility=.*&probe=uchicago.ci-connect.*&resource-type=BatchPilot&vo=.*&grid=.*&user=.*&endtime=2017-03-31+23%3A59%3A59&exclude-vo=unknown%7Cother&includeFailed=true&exclude-role=NONE&span=86400&role=.*&starttime=2017-03-24+00%3A00%3A00&exclude-facility=NONE&exclude-user=NONE&includeSuccess=true HTTP/1.0" 200 44054 "-" "Wget/1.12 (linux-gnu)"
192.170.227.196 - - [31/Mar/2017:01:30:17 +0000] "GET /gratia/glidein_bar_graphs/glidein_exitcode_bar?facility=.*&probe=uchicago.ci-connect.*&resource-type=BatchPilot&vo=.*&grid=.*&user=.*&endtime=2017-03-31+23%3A59%3A59&exclude-vo=unknown%7Cother&includeFailed=true&exclude-role=NONE&span=86400&role=.*&starttime=2017-03-24+00%3A00%3A00&exclude-facility=NONE&exclude-user=NONE&includeSuccess=true HTTP/1.0" 200 48547 "-" "Wget/1.12 (linux-gnu)"
192.170.227.196 - - [31/Mar/2017:01:30:18 +0000] "GET /gratia/bar_graphs/project_site_hours_bar?facility=.*&probe=uchicago.ci-connect.*&resource-type=BatchPilot&vo=.*&user=.*&endtime=2017-03-31+23%3A59%3A59&exclude-vo=Unknown%7Cunknown%7Cother&includeFailed=true&exclude-role=NONE&span=86400&role=.*&starttime=2017-03-24+00%3A00%3A00&exclude-facility=NONE%7CGeneric%7CObsolete&exclude-user=NONE&includeSuccess=true&exclude-projectname=unknown%7Cother HTTP/1.0" 200 62944 "-" "Wget/1.12 (linux-gnu)"
129.79.53.63 - - [31/Mar/2017:01:31:02 +0000] "GET //gratia HTTP/1.0" 301 334 "-" "Wget/1.11.4 Red Hat modified"
129.79.53.63 - - [31/Mar/2017:01:31:02 +0000] "GET /gratia/ HTTP/1.0" 200 17118 "-" "Wget/1.11.4 Red Hat modified"
129.79.53.48 - - [31/Mar/2017:01:45:01 +0000] "GET /gratia/xml HTTP/1.1" 200 23988 "-" "curl/7.19.7 (x86_64-redhat-linux-gnu) libcurl/7.19.7 NSS/3.19.1 Basic ECC zlib/1.2.3 libidn/1.18 libssh2/1.4.2"
192.170.227.196 - - [31/Mar/2017:01:45:01 +0000] "GET /gratia/bar_graphs/project_hours_bar?facility=.*&probe=atlas.ci-connect.*&resource-type=BatchPilot&vo=.*&grid=.*&user=.*&endtime=2017-03-31+23%3A59%3A59&exclude-vo=unknown%7Cother&includeFailed=true&exclude-role=NONE&span=86400&role=.*&starttime=2017-03-24+00%3A00%3A00&exclude-facility=NONE&exclude-user=NONE&includeSuccess=true HTTP/1.0" 200 41298 "-" "Wget/1.12 (linux-gnu)"
192.170.227.196 - - [31/Mar/2017:01:45:02 +0000] "GET /gratia/glidein_bar_graphs/glidein_dn_hours_bar?facility=.*&probe=atlas.ci-connect.*&resource-type=BatchPilot&vo=.*&grid=.*&user=.*&endtime=2017-03-31+23%3A59%3A59&exclude-vo=unknown%7Cother&includeFailed=true&exclude-role=NONE&span=86400&role=.*&starttime=2017-03-24+00%3A00%3A00&exclude-facility=NONE&exclude-user=NONE&includeSuccess=true HTTP/1.0" 200 45727 "-" "Wget/1.12 (linux-gnu)"
192.170.227.196 - - [31/Mar/2017:01:45:03 +0000] "GET /gratia/glidein_bar_graphs/glidein_exitcode_bar?facility=.*&probe=atlas.ci-connect.*&resource-type=BatchPilot&vo=.*&grid=.*&user=.*&endtime=2017-03-31+23%3A59%3A59&exclude-vo=unknown%7Cother&includeFailed=true&exclude-role=NONE&span=86400&role=.*&starttime=2017-03-24+00%3A00%3A00&exclude-facility=NONE&exclude-user=NONE&includeSuccess=true HTTP/1.0" 200 44603 "-" "Wget/1.12 (linux-gnu)"
192.170.227.196 - - [31/Mar/2017:01:45:03 +0000] "GET /gratia/bar_graphs/project_site_hours_bar?facility=.*&probe=atlas.ci-connect.*&resource-type=BatchPilot&vo=.*&user=.*&endtime=2017-03-31+23%3A59%3A59&exclude-vo=Unknown%7Cunknown%7Cother&includeFailed=true&exclude-role=NONE&span=86400&role=.*&starttime=2017-03-24+00%3A00%3A00&exclude-facility=NONE%7CGeneric%7CObsolete&exclude-user=NONE&includeSuccess=true&exclude-projectname=unknown%7Cother HTTP/1.0" 200 46974 "-" "Wget/1.12 (linux-gnu)"
192.170.227.196 - - [31/Mar/2017:01:45:04 +0000] "GET /gratia/bar_graphs/project_hours_bar?facility=.*&probe=cms.ci-connect.*&resource-type=BatchPilot&vo=.*&grid=.*&user=.*&endtime=2017-03-31+23%3A59%3A59&exclude-vo=unknown%7Cother&includeFailed=true&exclude-role=NONE&span=86400&role=.*&starttime=2017-03-24+00%3A00%3A00&exclude-facility=NONE&exclude-user=NONE&includeSuccess=true HTTP/1.0" 200 16611 "-" "Wget/1.12 (linux-gnu)"
::1 - - [31/Mar/2017:01:45:01 +0000] "GET /gratia/ HTTP/1.0" 200 17118 "-" "Wget/1.12 (linux-gnu)"
